Component: ARM Compiler 5.06 update 5 (build 528) Tool: armlink [4d35e2]

==============================================================================

Section Cross References

    startup_stm32f407xx.o(RESET) refers to startup_stm32f407xx.o(STACK) for __initial_sp
    startup_stm32f407xx.o(RESET) refers to startup_stm32f407xx.o(.text) for Reset_Handler
    startup_stm32f407xx.o(RESET) refers to stm32f4xx_it.o(i.NMI_Handler) for NMI_Handler
    startup_stm32f407xx.o(RESET) refers to stm32f4xx_it.o(i.HardFault_Handler) for HardFault_Handler
    startup_stm32f407xx.o(RESET) refers to stm32f4xx_it.o(i.MemManage_Handler) for MemManage_Handler
    startup_stm32f407xx.o(RESET) refers to stm32f4xx_it.o(i.BusFault_Handler) for BusFault_Handler
    startup_stm32f407xx.o(RESET) refers to stm32f4xx_it.o(i.UsageFault_Handler) for UsageFault_Handler
    startup_stm32f407xx.o(RESET) refers to port.o(.emb_text) for SVC_Handler
    startup_stm32f407xx.o(RESET) refers to stm32f4xx_it.o(i.DebugMon_Handler) for DebugMon_Handler
    startup_stm32f407xx.o(RESET) refers to port.o(i.SysTick_Handler) for SysTick_Handler
    startup_stm32f407xx.o(RESET) refers to stm32f4xx_it.o(i.TIM1_UP_TIM10_IRQHandler) for TIM1_UP_TIM10_IRQHandler
    startup_stm32f407xx.o(.text) refers to system_stm32f4xx.o(i.SystemInit) for SystemInit
    startup_stm32f407xx.o(.text) refers to entry.o(.ARM.Collect$$$$00000000) for __main
    main.o(i.HAL_TIM_PeriodElapsedCallback) refers to stm32f4xx_hal.o(i.HAL_IncTick) for HAL_IncTick
    main.o(i.MX_GPIO_Init) refers to memseta.o(.text) for __aeabi_memclr4
    main.o(i.MX_GPIO_Init) refers to stm32f4xx_hal_gpio.o(i.HAL_GPIO_WritePin) for HAL_GPIO_WritePin
    main.o(i.MX_GPIO_Init) refers to stm32f4xx_hal_gpio.o(i.HAL_GPIO_Init) for HAL_GPIO_Init
    main.o(i.StartDefaultTask) refers to cmsis_os.o(i.osThreadList) for osThreadList
    main.o(i.StartDefaultTask) refers to memcpya.o(.text) for __aeabi_memcpy4
    main.o(i.StartDefaultTask) refers to cmsis_os.o(i.osDelay) for osDelay
    main.o(i.StartDefaultTask) refers to main.o(.bss) for .bss
    main.o(i.StartDefaultTask) refers to main.o(.constdata) for .constdata
    main.o(i.StartQueuePrintf) refers to cmsis_os.o(i.osMessageGet) for osMessageGet
    main.o(i.StartQueuePrintf) refers to printf3.o(i.__0printf$3) for __2printf
    main.o(i.StartQueuePrintf) refers to cmsis_os.o(i.osDelay) for osDelay
    main.o(i.StartQueuePrintf) refers to main.o(.data) for .data
    main.o(i.StartTask02) refers to stm32f4xx_hal_gpio.o(i.HAL_GPIO_TogglePin) for HAL_GPIO_TogglePin
    main.o(i.StartTask02) refers to cmsis_os.o(i.osDelay) for osDelay
    main.o(i.StartTask03) refers to stm32f4xx_hal_gpio.o(i.HAL_GPIO_TogglePin) for HAL_GPIO_TogglePin
    main.o(i.StartTask03) refers to cmsis_os.o(i.osDelay) for osDelay
    main.o(i.StartTask04) refers to stm32f4xx_hal_gpio.o(i.HAL_GPIO_TogglePin) for HAL_GPIO_TogglePin
    main.o(i.StartTask04) refers to cmsis_os.o(i.osDelay) for osDelay
    main.o(i.StartTask05) refers to stm32f4xx_hal_gpio.o(i.HAL_GPIO_TogglePin) for HAL_GPIO_TogglePin
    main.o(i.StartTask05) refers to cmsis_os.o(i.osKernelSysTick) for osKernelSysTick
    main.o(i.StartTask05) refers to cmsis_os.o(i.osMessagePut) for osMessagePut
    main.o(i.StartTask05) refers to cmsis_os.o(i.osDelay) for osDelay
    main.o(i.StartTask05) refers to main.o(.data) for .data
    main.o(i.StartTask06) refers to stm32f4xx_hal_gpio.o(i.HAL_GPIO_ReadPin) for HAL_GPIO_ReadPin
    main.o(i.StartTask06) refers to cmsis_os.o(i.osThreadTerminate) for osThreadTerminate
    main.o(i.StartTask06) refers to printf3.o(i.__0printf$3) for __2printf
    main.o(i.StartTask06) refers to memcpya.o(.text) for __aeabi_memcpy4
    main.o(i.StartTask06) refers to cmsis_os.o(i.osThreadCreate) for osThreadCreate
    main.o(i.StartTask06) refers to cmsis_os.o(i.osDelay) for osDelay
    main.o(i.StartTask06) refers to main.o(.data) for .data
    main.o(i.StartTask06) refers to main.o(.constdata) for .constdata
    main.o(i.StartsPrintf_TASK7) refers to printf3.o(i.__0printf$3) for __2printf
    main.o(i.StartsPrintf_TASK7) refers to cmsis_os.o(i.osThreadTerminate) for osThreadTerminate
    main.o(i.StartsPrintf_TASK7) refers to main.o(.data) for .data
    main.o(i.SystemClock_Config) refers to memseta.o(.text) for __aeabi_memclr4
    main.o(i.SystemClock_Config) refers to stm32f4xx_hal_rcc.o(i.HAL_RCC_OscConfig) for HAL_RCC_OscConfig
    main.o(i.SystemClock_Config) refers to main.o(i.Error_Handler) for Error_Handler
    main.o(i.SystemClock_Config) refers to stm32f4xx_hal_rcc.o(i.HAL_RCC_ClockConfig) for HAL_RCC_ClockConfig
    main.o(i.main) refers to stm32f4xx_hal.o(i.HAL_Init) for HAL_Init
    main.o(i.main) refers to main.o(i.SystemClock_Config) for SystemClock_Config
    main.o(i.main) refers to main.o(i.MX_GPIO_Init) for MX_GPIO_Init
    main.o(i.main) refers to cmsis_os.o(i.osMessageCreate) for osMessageCreate
    main.o(i.main) refers to memcpya.o(.text) for __aeabi_memcpy4
[...]
    Removing cmsis_os.o(i.osMailGet), (148 bytes).
    Removing cmsis_os.o(i.osMailPut), (96 bytes).
    Removing cmsis_os.o(i.osMessageAvailableSpace), (4 bytes).
    Removing cmsis_os.o(i.osMessageDelete), (24 bytes).
    Removing cmsis_os.o(i.osMessagePeek), (76 bytes).
    Removing cmsis_os.o(i.osMessageWaiting), (30 bytes).
    Removing cmsis_os.o(i.osMutexCreate), (18 bytes).
    Removing cmsis_os.o(i.osMutexDelete), (24 bytes).
    Removing cmsis_os.o(i.osMutexRelease), (80 bytes).
    Removing cmsis_os.o(i.osMutexWait), (104 bytes).
    Removing cmsis_os.o(i.osPoolAlloc), (104 bytes).
    Removing cmsis_os.o(i.osPoolCAlloc), (16 bytes).
    Removing cmsis_os.o(i.osPoolCreate), (106 bytes).
    Removing cmsis_os.o(i.osPoolFree), (66 bytes).
    Removing cmsis_os.o(i.osRecursiveMutexCreate), (4 bytes).
    Removing cmsis_os.o(i.osRecursiveMutexRelease), (4 bytes).
    Removing cmsis_os.o(i.osRecursiveMutexWait), (4 bytes).
    Removing cmsis_os.o(i.osSemaphoreCreate), (70 bytes).
    Removing cmsis_os.o(i.osSemaphoreDelete), (24 bytes).
    Removing cmsis_os.o(i.osSemaphoreGetCount), (4 bytes).
    Removing cmsis_os.o(i.osSemaphoreRelease), (80 bytes).
    Removing cmsis_os.o(i.osSemaphoreWait), (104 bytes).
    Removing cmsis_os.o(i.osSignalSet), (96 bytes).
    Removing cmsis_os.o(i.osSignalWait), (90 bytes).
    Removing cmsis_os.o(i.osSystickHandler), (20 bytes).
    Removing cmsis_os.o(i.osThreadGetId), (4 bytes).
    Removing cmsis_os.o(i.osThreadGetPriority), (38 bytes).
    Removing cmsis_os.o(i.osThreadResume), (52 bytes).
    Removing cmsis_os.o(i.osThreadResumeAll), (18 bytes).
    Removing cmsis_os.o(i.osThreadSetPriority), (22 bytes).
    Removing cmsis_os.o(i.osThreadSuspend), (10 bytes).
    Removing cmsis_os.o(i.osThreadSuspendAll), (10 bytes).
    Removing cmsis_os.o(i.osThreadYield), (24 bytes).
    Removing cmsis_os.o(i.osTimerCreate), (4 bytes).
    Removing cmsis_os.o(i.osTimerDelete), (4 bytes).
    Removing cmsis_os.o(i.osTimerStart), (4 bytes).
    Removing cmsis_os.o(i.osTimerStop), (4 bytes).
    Removing heap_4.o(i.vPortInitialiseBlocks), (2 bytes).
    Removing heap_4.o(i.xPortGetFreeHeapSize), (12 bytes).
    Removing heap_4.o(i.xPortGetMinimumEverFreeHeapSize), (12 bytes).
    Removing port.o(i.vPortEndScheduler), (32 bytes).
    Removing dadd.o(.text), (334 bytes).
    Removing dmul.o(.text), (228 bytes).
    Removing ddiv.o(.text), (222 bytes).
    Removing dfixul.o(.text), (48 bytes).
    Removing cdrcmple.o(.text), (48 bytes).
    Removing depilogue.o(.text), (186 bytes).

497 unused section(s) (total 36690 bytes) removed from the image.

==============================================================================

Image Symbol Table

    Local Symbols

    Symbol Name                              Value     Ov Type        Size  Object(Section)

    ../Drivers/STM32F4xx_HAL_Driver/Src/stm32f4xx_hal.c 0x00000000   Number         0  stm32f4xx_hal.o ABSOLUTE
    ../Drivers/STM32F4xx_HAL_Driver/Src/stm32f4xx_hal_cortex.c 0x00000000   Number         0  stm32f4xx_hal_cortex.o ABSOLUTE
    ../Drivers/STM32F4xx_HAL_Driver/Src/stm32f4xx_hal_dma.c 0x00000000   Number         0  stm32f4xx_hal_dma.o ABSOLUTE
    ../Drivers/STM32F4xx_HAL_Driver/Src/stm32f4xx_hal_dma_ex.c 0x00000000   Number         0  stm32f4xx_hal_dma_ex.o ABSOLUTE
    ../Drivers/STM32F4xx_HAL_Driver/Src/stm32f4xx_hal_exti.c 0x00000000   Number         0  stm32f4xx_hal_exti.o ABSOLUTE
    ../Drivers/STM32F4xx_HAL_Driver/Src/stm32f4xx_hal_flash.c 0x00000000   Number         0  stm32f4xx_hal_flash.o ABSOLUTE
    ../Drivers/STM32F4xx_HAL_Driver/Src/stm32f4xx_hal_flash_ex.c 0x00000000   Number         0  stm32f4xx_hal_flash_ex.o ABSOLUTE
    ../Drivers/STM32F4xx_HAL_Driver/Src/stm32f4xx_hal_flash_ramfunc.c 0x00000000   Number         0  stm32f4xx_hal_flash_ramfunc.o ABSOLUTE
    ../Drivers/STM32F4xx_HAL_Driver/Src/stm32f4xx_hal_gpio.c 0x00000000   Number         0  stm32f4xx_hal_gpio.o ABSOLUTE
    ../Drivers/STM32F4xx_HAL_Driver/Src/stm32f4xx_hal_pwr.c 0x00000000   Number         0  stm32f4xx_hal_pwr.o ABSOLUTE
    ../Drivers/STM32F4xx_HAL_Driver/Src/stm32f4xx_hal_pwr_ex.c 0x00000000   Number         0  stm32f4xx_hal_pwr_ex.o ABSOLUTE
    ../Drivers/STM32F4xx_HAL_Driver/Src/stm32f4xx_hal_rcc.c 0x00000000   Number         0  stm32f4xx_hal_rcc.o ABSOLUTE
    ../Drivers/STM32F4xx_HAL_Driver/Src/stm32f4xx_hal_rcc_ex.c 0x00000000   Number         0  stm32f4xx_hal_rcc_ex.o ABSOLUTE
    ../Drivers/STM32F4xx_HAL_Driver/Src/stm32f4xx_hal_tim.c 0x00000000   Number         0  stm32f4xx_hal_tim.o ABSOLUTE
    ../Drivers/STM32F4xx_HAL_Driver/Src/stm32f4xx_hal_tim_ex.c 0x00000000   Number         0  stm32f4xx_hal_tim_ex.o ABSOLUTE
    ../Middlewares/Third_Party/FreeRTOS/Source/CMSIS_RTOS/cmsis_os.c 0x00000000   Number         0  cmsis_os.o ABSOLUTE
    ../Middlewares/Third_Party/FreeRTOS/Source/croutine.c 0x00000000   Number         0  croutine.o ABSOLUTE
    ../Middlewares/Third_Party/FreeRTOS/Source/event_groups.c 0x00000000   Number         0  event_groups.o ABSOLUTE
    ../Middlewares/Third_Party/FreeRTOS/Source/list.c 0x00000000   Number         0  list.o ABSOLUTE
    ../Middlewares/Third_Party/FreeRTOS/Source/portable/MemMang/heap_4.c 0x00000000   Number         0  heap_4.o ABSOLUTE
    ../Middlewares/Third_Party/FreeRTOS/Source/portable/RVDS/ARM_CM4F/port.c 0x00000000   Number         0  port.o ABSOLUTE
    ../Middlewares/Third_Party/FreeRTOS/Source/queue.c 0x00000000   Number         0  queue.o ABSOLUTE
    ../Middlewares/Third_Party/FreeRTOS/Source/stream_buffer.c 0x00000000   Number         0  stream_buffer.o ABSOLUTE
    ../Middlewares/Third_Party/FreeRTOS/Source/tasks.c 0x00000000   Number         0  tasks.o ABSOLUTE
    ../Middlewares/Third_Party/FreeRTOS/Source/timers.c 0x00000000   Number         0  timers.o ABSOLUTE
    ../Src/freertos.c                        0x00000000   Number         0  freertos.o ABSOLUTE
    ../Src/main.c                            0x00000000   Number         0  main.o ABSOLUTE
    ../Src/stm32f4xx_hal_msp.c               0x00000000   Number         0  stm32f4xx_hal_msp.o ABSOLUTE
    ../Src/stm32f4xx_hal_timebase_tim.c      0x00000000   Number         0  stm32f4xx_hal_timebase_tim.o ABSOLUTE
    ../Src/stm32f4xx_it.c                    0x00000000   Number         0  stm32f4xx_it.o ABSOLUTE
    ../Src/system_stm32f4xx.c                0x00000000   Number         0  system_stm32f4xx.o ABSOLUTE
    ../clib/microlib/division.c              0x00000000   Number         0  uldiv.o ABSOLUTE
    ../clib/microlib/division.c              0x00000000   Number         0  uidiv.o ABSOLUTE
    ../clib/microlib/init/entry.s            0x00000000   Number         0  entry7b.o ABSOLUTE
    ../clib/microlib/init/entry.s            0x00000000   Number         0  entry8b.o ABSOLUTE
    ../clib/microlib/init/entry.s            0x00000000   Number         0  entry11a.o ABSOLUTE
    ../clib/microlib/init/entry.s            0x00000000   Number         0  entry10b.o ABSOLUTE
    ../clib/microlib/init/entry.s            0x00000000   Number         0  entry10a.o ABSOLUTE
    ../clib/microlib/init/entry.s            0x00000000   Number         0  entry9a.o ABSOLUTE
    ../clib/microlib/init/entry.s            0x00000000   Number         0  entry8a.o ABSOLUTE
    ../clib/microlib/init/entry.s            0x00000000   Number         0  entry9b.o ABSOLUTE
    ../clib/microlib/init/entry.s            0x00000000   Number         0  entry2.o ABSOLUTE
    ../clib/microlib/init/entry.s            0x00000000   Number         0  entry7a.o ABSOLUTE
    ../clib/microlib/init/entry.s            0x00000000   Number         0  entry5.o ABSOLUTE
    ../clib/microlib/init/entry.s            0x00000000   Number         0  entry.o ABSOLUTE
    ../clib/microlib/init/entry.s            0x00000000   Number         0  entry11b.o ABSOLUTE
    ../clib/microlib/longlong.c              0x00000000   Number         0  llushr.o ABSOLUTE
    ../clib/microlib/longlong.c              0x00000000   Number         0  llshl.o ABSOLUTE
    ../clib/microlib/longlong.c              0x00000000   Number         0  llsshr.o ABSOLUTE
    ../clib/microlib/printf/printf.c         0x00000000   Number         0  printf5.o ABSOLUTE
    ../clib/microlib/printf/printf.c         0x00000000   Number         0  printf3.o ABSOLUTE
    ../clib/microlib/printf/printf.c         0x00000000   Number         0  printf4.o ABSOLUTE
    ../clib/microlib/printf/printf.c         0x00000000   Number         0  printfa.o ABSOLUTE
    ../clib/microlib/printf/printf.c         0x00000000   Number         0  printf6.o ABSOLUTE
    ../clib/microlib/printf/printf.c         0x00000000   Number         0  printf2.o ABSOLUTE
    ../clib/microlib/printf/printf.c         0x00000000   Number         0  printf7.o ABSOLUTE
    ../clib/microlib/printf/printf.c         0x00000000   Number         0  printf8.o ABSOLUTE
    ../clib/microlib/printf/printf.c         0x00000000   Number         0  printf1.o ABSOLUTE
    ../clib/microlib/printf/printf.c         0x00000000   Number         0  printf0.o ABSOLUTE
    ../clib/microlib/printf/printf.c         0x00000000   Number         0  printfb.o ABSOLUTE
    ../clib/microlib/printf/stubs.s          0x00000000   Number         0  stubs.o ABSOLUTE
    ../clib/microlib/string/memcpy.c         0x00000000   Number         0  memcpyb.o ABSOLUTE
    ../clib/microlib/string/memcpy.c         0x00000000   Number         0  memcpya.o ABSOLUTE
    ../clib/microlib/string/memset.c         0x00000000   Number         0  memseta.o ABSOLUTE
    ../clib/microlib/string/memset.c         0x00000000   Number         0  memset.o ABSOLUTE
    ../clib/microlib/string/strcpy.c         0x00000000   Number         0  strcpy.o ABSOLUTE
    ../clib/microlib/string/strlen.c         0x00000000   Number         0  strlen.o ABSOLUTE
    ../clib/microlib/stubs.s                 0x00000000   Number         0  iusefp.o ABSOLUTE
    ../fplib/microlib/fpadd.c                0x00000000   Number         0  dadd.o ABSOLUTE
    ../fplib/microlib/fpdiv.c                0x00000000   Number         0  ddiv.o ABSOLUTE
    ../fplib/microlib/fpepilogue.c           0x00000000   Number         0  depilogue.o ABSOLUTE
    ../fplib/microlib/fpfix.c                0x00000000   Number         0  dfixul.o ABSOLUTE
    ../fplib/microlib/fpmul.c                0x00000000   Number         0  dmul.o ABSOLUTE
    ..\Drivers\STM32F4xx_HAL_Driver\Src\stm32f4xx_hal.c 0x00000000   Number         0  stm32f4xx_hal.o ABSOLUTE
    ..\Drivers\STM32F4xx_HAL_Driver\Src\stm32f4xx_hal_cortex.c 0x00000000   Number         0  stm32f4xx_hal_cortex.o ABSOLUTE
    ..\Drivers\STM32F4xx_HAL_Driver\Src\stm32f4xx_hal_dma.c 0x00000000   Number         0  stm32f4xx_hal_dma.o ABSOLUTE
    ..\Drivers\STM32F4xx_HAL_Driver\Src\stm32f4xx_hal_dma_ex.c 0x00000000   Number         0  stm32f4xx_hal_dma_ex.o ABSOLUTE
    ..\Drivers\STM32F4xx_HAL_Driver\Src\stm32f4xx_hal_exti.c 0x00000000   Number         0  stm32f4xx_hal_exti.o ABSOLUTE
    ..\Drivers\STM32F4xx_HAL_Driver\Src\stm32f4xx_hal_flash.c 0x00000000   Number         0  stm32f4xx_hal_flash.o ABSOLUTE
    ..\Drivers\STM32F4xx_HAL_Driver\Src\stm32f4xx_hal_flash_ex.c 0x00000000   Number         0  stm32f4xx_hal_flash_ex.o ABSOLUTE
    ..\Drivers\STM32F4xx_HAL_Driver\Src\stm32f4xx_hal_flash_ramfunc.c 0x00000000   Number         0  stm32f4xx_hal_flash_ramfunc.o ABSOLUTE
    ..\Drivers\STM32F4xx_HAL_Driver\Src\stm32f4xx_hal_gpio.c 0x00000000   Number         0  stm32f4xx_hal_gpio.o ABSOLUTE
    ..\Drivers\STM32F4xx_HAL_Driver\Src\stm32f4xx_hal_pwr.c 0x00000000   Number         0  stm32f4xx_hal_pwr.o ABSOLUTE
    ..\Drivers\STM32F4xx_HAL_Driver\Src\stm32f4xx_hal_pwr_ex.c 0x00000000   Number         0  stm32f4xx_hal_pwr_ex.o ABSOLUTE
    ..\Drivers\STM32F4xx_HAL_Driver\Src\stm32f4xx_hal_rcc.c 0x00000000   Number         0  stm32f4xx_hal_rcc.o ABSOLUTE
    ..\Drivers\STM32F4xx_HAL_Driver\Src\stm32f4xx_hal_rcc_ex.c 0x00000000   Number         0  stm32f4xx_hal_rcc_ex.o ABSOLUTE
    ..\Drivers\STM32F4xx_HAL_Driver\Src\stm32f4xx_hal_tim.c 0x00000000   Number         0  stm32f4xx_hal_tim.o ABSOLUTE
    ..\Drivers\STM32F4xx_HAL_Driver\Src\stm32f4xx_hal_tim_ex.c 0x00000000   Number         0  stm32f4xx_hal_tim_ex.o ABSOLUTE
    ..\Middlewares\Third_Party\FreeRTOS\Source\CMSIS_RTOS\cmsis_os.c 0x00000000   Number         0  cmsis_os.o ABSOLUTE
    ..\Middlewares\Third_Party\FreeRTOS\Source\portable\RVDS\ARM_CM4F\port.c 0x00000000   Number         0  port.o ABSOLUTE
    ..\Src\freertos.c                        0x00000000   Number         0  freertos.o ABSOLUTE
    ..\Src\main.c                            0x00000000   Number         0  main.o ABSOLUTE
    ..\Src\printf.c                          0x00000000   Number         0  printf.o ABSOLUTE
    ..\Src\stm32f4xx_hal_msp.c               0x00000000   Number         0  stm32f4xx_hal_msp.o ABSOLUTE
    ..\Src\stm32f4xx_hal_timebase_tim.c      0x00000000   Number         0  stm32f4xx_hal_timebase_tim.o ABSOLUTE
    ..\Src\stm32f4xx_it.c                    0x00000000   Number         0  stm32f4xx_it.o ABSOLUTE
    ..\Src\system_stm32f4xx.c                0x00000000   Number         0  system_stm32f4xx.o ABSOLUTE
    cdrcmple.s                               0x00000000   Number         0  cdrcmple.o ABSOLUTE
    dc.s                                     0x00000000   Number         0  dc.o ABSOLUTE
    handlers.s                               0x00000000   Number         0  handlers.o ABSOLUTE
    init.s                                   0x00000000   Number         0  init.o ABSOLUTE
    startup_stm32f407xx.s                    0x00000000   Number         0  startup_stm32f407xx.o ABSOLUTE
    RESET                                    0x08000000   Section      392  startup_stm32f407xx.o(RESET)
    .ARM.Collect$$$$00000000                 0x08000188   Section        0  entry.o(.ARM.Collect$$$$00000000)
    .ARM.Collect$$$$00000001                 0x08000188   Section        4  entry2.o(.ARM.Collect$$$$00000001)
    .ARM.Collect$$$$00000004                 0x0800018c   Section        4  entry5.o(.ARM.Collect$$$$00000004)
    .ARM.Collect$$$$00000008                 0x08000190   Section        0  entry7b.o(.ARM.Collect$$$$00000008)
    .ARM.Collect$$$$0000000A                 0x08000190   Section        0  entry8b.o(.ARM.Collect$$$$0000000A)
    .ARM.Collect$$$$0000000B                 0x08000190   Section        8  entry9a.o(.ARM.Collect$$$$0000000B)
    .ARM.Collect$$$$0000000D                 0x08000198   Section        0  entry10a.o(.ARM.Collect$$$$0000000D)
    .ARM.Collect$$$$0000000F                 0x08000198   Section        0  entry11a.o(.ARM.Collect$$$$0000000F)
    .ARM.Collect$$$$00002712                 0x08000198   Section        4  entry2.o(.ARM.Collect$$$$00002712)
    __lit__00000000                          0x08000198   Data           4  entry2.o(.ARM.Collect$$$$00002712)
    .emb_text                                0x0800019c   Section      190  port.o(.emb_text)
    $v0                                      0x0800019c   Number         0  port.o(.emb_text)
    .text                                    0x0800025c   Section       36  startup_stm32f407xx.o(.text)
    $v0                                      0x0800025c   Number         0  startup_stm32f407xx.o(.text)
    .text                                    0x08000280   Section        0  uldiv.o(.text)
    .text                                    0x080002e2   Section        0  memcpya.o(.text)
    .text                                    0x08000306   Section        0  memseta.o(.text)
    .text                                    0x0800032a   Section        0  strlen.o(.text)
    .text                                    0x08000338   Section        0  strcpy.o(.text)
    .text                                    0x0800034a   Section        0  uidiv.o(.text)
    .text                                    0x08000376   Section        0  llshl.o(.text)
    .text                                    0x08000394   Section        0  llushr.o(.text)
    .text                                    0x080003b4   Section       36  init.o(.text)
    i.BusFault_Handler                       0x080003d8   Section        0  stm32f4xx_it.o(i.BusFault_Handler)
    i.DebugMon_Handler                       0x080003da   Section        0  stm32f4xx_it.o(i.DebugMon_Handler)
    i.Error_Handler                          0x080003dc   Section        0  main.o(i.Error_Handler)
    i.HAL_GPIO_Init                          0x080003e0   Section        0  stm32f4xx_hal_gpio.o(i.HAL_GPIO_Init)
    i.HAL_GPIO_ReadPin                       0x080005a4   Section        0  stm32f4xx_hal_gpio.o(i.HAL_GPIO_ReadPin)
    i.HAL_GPIO_TogglePin                     0x080005b2   Section        0  stm32f4xx_hal_gpio.o(i.HAL_GPIO_TogglePin)
    i.HAL_GPIO_WritePin                      0x080005c4   Section        0  stm32f4xx_hal_gpio.o(i.HAL_GPIO_WritePin)
    i.HAL_GetTick                            0x080005d4   Section        0  stm32f4xx_hal.o(i.HAL_GetTick)
    i.HAL_IncTick                            0x080005e0   Section        0  stm32f4xx_hal.o(i.HAL_IncTick)
    i.HAL_Init                               0x080005f0   Section        0  stm32f4xx_hal.o(i.HAL_Init)
    i.HAL_InitTick                           0x08000624   Section        0  stm32f4xx_hal_timebase_tim.o(i.HAL_InitTick)
    i.HAL_MspInit                            0x08000698   Section        0  stm32f4xx_hal_msp.o(i.HAL_MspInit)
    i.HAL_NVIC_EnableIRQ                     0x080006d0   Section        0  stm32f4xx_hal_cortex.o(i.HAL_NVIC_EnableIRQ)
    i.HAL_NVIC_SetPriority                   0x080006ec   Section        0  stm32f4xx_hal_cortex.o(i.HAL_NVIC_SetPriority)
    i.HAL_NVIC_SetPriorityGrouping           0x0800072c   Section        0  stm32f4xx_hal_cortex.o(i.HAL_NVIC_SetPriorityGrouping)
    i.HAL_RCC_ClockConfig                    0x08000750   Section        0  stm32f4xx_hal_rcc.o(i.HAL_RCC_ClockConfig)
    i.HAL_RCC_GetClockConfig                 0x08000894   Section        0  stm32f4xx_hal_rcc.o(i.HAL_RCC_GetClockConfig)
    i.HAL_RCC_GetHCLKFreq                    0x080008d0   Section        0  stm32f4xx_hal_rcc.o(i.HAL_RCC_GetHCLKFreq)
    i.HAL_RCC_GetPCLK2Freq                   0x080008dc   Section        0  stm32f4xx_hal_rcc.o(i.HAL_RCC_GetPCLK2Freq)
    i.HAL_RCC_GetSysClockFreq                0x080008fc   Section        0  stm32f4xx_hal_rcc.o(i.HAL_RCC_GetSysClockFreq)
    i.HAL_RCC_OscConfig                      0x08000964   Section        0  stm32f4xx_hal_rcc.o(i.HAL_RCC_OscConfig)
    i.HAL_TIMEx_BreakCallback                0x08000cf4   Section        0  stm32f4xx_hal_tim_ex.o(i.HAL_TIMEx_BreakCallback)
    i.HAL_TIMEx_CommutCallback               0x08000cf6   Section        0  stm32f4xx_hal_tim_ex.o(i.HAL_TIMEx_CommutCallback)
    i.HAL_TIM_Base_Init                      0x08000cf8   Section        0  stm32f4xx_hal_tim.o(i.HAL_TIM_Base_Init)
    i.HAL_TIM_Base_MspInit                   0x08000d30   Section        0  stm32f4xx_hal_tim.o(i.HAL_TIM_Base_MspInit)
    i.HAL_TIM_Base_Start_IT                  0x08000d32   Section        0  stm32f4xx_hal_tim.o(i.HAL_TIM_Base_Start_IT)
    i.HAL_TIM_IC_CaptureCallback             0x08000d54   Section        0  stm32f4xx_hal_tim.o(i.HAL_TIM_IC_CaptureCallback)
    i.HAL_TIM_IRQHandler                     0x08000d56   Section        0  stm32f4xx_hal_tim.o(i.HAL_TIM_IRQHandler)
    i.HAL_TIM_OC_DelayElapsedCallback        0x08000ec4   Section        0  stm32f4xx_hal_tim.o(i.HAL_TIM_OC_DelayElapsedCallback)
    i.HAL_TIM_PWM_PulseFinishedCallback      0x08000ec6   Section        0  stm32f4xx_hal_tim.o(i.HAL_TIM_PWM_PulseFinishedCallback)
    i.HAL_TIM_PeriodElapsedCallback          0x08000ec8   Section        0  main.o(i.HAL_TIM_PeriodElapsedCallback)
    i.HAL_TIM_TriggerCallback                0x08000edc   Section        0  stm32f4xx_hal_tim.o(i.HAL_TIM_TriggerCallback)
    i.HardFault_Handler                      0x08000ee0   Section        0  stm32f4xx_it.o(i.HardFault_Handler)
    i.MX_GPIO_Init                           0x08000f98   Section        0  main.o(i.MX_GPIO_Init)
    MX_GPIO_Init                             0x08000f99   Thumb Code   132  main.o(i.MX_GPIO_Init)
    i.MemManage_Handler                      0x08001028   Section        0  stm32f4xx_it.o(i.MemManage_Handler)
    i.NMI_Handler                            0x0800102a   Section        0  stm32f4xx_it.o(i.NMI_Handler)
    i.StartDefaultTask                       0x0800102c   Section        0  main.o(i.StartDefaultTask)
    i.StartQueuePrintf                       0x08001054   Section        0  main.o(i.StartQueuePrintf)
    i.StartTask02                            0x080010bc   Section        0  main.o(i.StartTask02)
    i.StartTask03                            0x080010d8   Section        0  main.o(i.StartTask03)
    i.StartTask04                            0x080010f4   Section        0  main.o(i.StartTask04)
    i.StartTask05                            0x08001110   Section        0  main.o(i.StartTask05)
    i.StartTask06                            0x08001144   Section        0  main.o(i.StartTask06)
    i.StartsPrintf_TASK7                     0x080011cc   Section        0  main.o(i.StartsPrintf_TASK7)
    i.SysTick_Handler                        0x080011ec   Section        0  port.o(i.SysTick_Handler)
    i.SystemClock_Config                     0x08001218   Section        0  main.o(i.SystemClock_Config)
    i.SystemInit                             0x080012ac   Section        0  system_stm32f4xx.o(i.SystemInit)
    i.TIM1_UP_TIM10_IRQHandler               0x08001300   Section        0  stm32f4xx_it.o(i.TIM1_UP_TIM10_IRQHandler)
    i.TIM_Base_SetConfig                     0x0800130c   Section        0  stm32f4xx_hal_tim.o(i.TIM_Base_SetConfig)
    i.UsageFault_Handler                     0x080013d8   Section        0  stm32f4xx_it.o(i.UsageFault_Handler)
    i.__0printf$3                            0x080013dc   Section        0  printf3.o(i.__0printf$3)
    i.__0sprintf$3                           0x080013fc   Section        0  printf3.o(i.__0sprintf$3)
    i.__NVIC_SetPriority                     0x08001424   Section        0  stm32f4xx_hal_cortex.o(i.__NVIC_SetPriority)
    __NVIC_SetPriority                       0x08001425   Thumb Code    32  stm32f4xx_hal_cortex.o(i.__NVIC_SetPriority)
    i.__scatterload_copy                     0x08001444   Section       14  handlers.o(i.__scatterload_copy)
    i.__scatterload_null                     0x08001452   Section        2  handlers.o(i.__scatterload_null)
    i.__scatterload_zeroinit                 0x08001454   Section       14  handlers.o(i.__scatterload_zeroinit)
    i._printf_core                           0x08001464   Section        0  printf3.o(i._printf_core)
    _printf_core                             0x08001465   Thumb Code   436  printf3.o(i._printf_core)
    i._sputc                                 0x0800161c   Section        0  printf3.o(i._sputc)
    _sputc                                   0x0800161d   Thumb Code    10  printf3.o(i._sputc)
    i.configureTimerForRunTimeStats          0x08001626   Section        0  freertos.o(i.configureTimerForRunTimeStats)
    i.eTaskGetState                          0x08001628   Section        0  tasks.o(i.eTaskGetState)
    i.fputc                                  0x08001694   Section        0  printf.o(i.fputc)
    i.getRunTimeCounterValue                 0x080016b0   Section        0  freertos.o(i.getRunTimeCounterValue)
    i.inHandlerMode                          0x080016b4   Section        0  cmsis_os.o(i.inHandlerMode)
    inHandlerMode                            0x080016b5   Thumb Code    16  cmsis_os.o(i.inHandlerMode)
    i.main                                   0x080016c4   Section        0  main.o(i.main)
    i.makeFreeRtosPriority                   0x080017ac   Section        0  cmsis_os.o(i.makeFreeRtosPriority)
    makeFreeRtosPriority                     0x080017ad   Thumb Code    12  cmsis_os.o(i.makeFreeRtosPriority)
    i.osDelay                                0x080017b8   Section        0  cmsis_os.o(i.osDelay)
    i.osKernelStart                          0x080017c8   Section        0  cmsis_os.o(i.osKernelStart)
    i.osKernelSysTick                        0x080017d2   Section        0  cmsis_os.o(i.osKernelSysTick)
    i.osMessageCreate                        0x080017ea   Section        0  cmsis_os.o(i.osMessageCreate)
    i.osMessageGet                           0x08001814   Section        0  cmsis_os.o(i.osMessageGet)
    i.osMessagePut                           0x080018a8   Section        0  cmsis_os.o(i.osMessagePut)
    i.osThreadCreate                         0x08001908   Section        0  cmsis_os.o(i.osThreadCreate)
    i.osThreadList                           0x08001960   Section        0  cmsis_os.o(i.osThreadList)
    i.osThreadTerminate                      0x0800196a   Section        0  cmsis_os.o(i.osThreadTerminate)
    i.prvAddCurrentTaskToDelayedList         0x08001974   Section        0  tasks.o(i.prvAddCurrentTaskToDelayedList)
    prvAddCurrentTaskToDelayedList           0x08001975   Thumb Code   104  tasks.o(i.prvAddCurrentTaskToDelayedList)
    i.prvAddNewTaskToReadyList               0x080019e4   Section        0  tasks.o(i.prvAddNewTaskToReadyList)
    prvAddNewTaskToReadyList                 0x080019e5   Thumb Code   126  tasks.o(i.prvAddNewTaskToReadyList)
    i.prvCheckTasksWaitingTermination        0x08001a70   Section        0  tasks.o(i.prvCheckTasksWaitingTermination)
    prvCheckTasksWaitingTermination          0x08001a71   Thumb Code    52  tasks.o(i.prvCheckTasksWaitingTermination)
    i.prvCopyDataFromQueue                   0x08001aac   Section        0  queue.o(i.prvCopyDataFromQueue)
    prvCopyDataFromQueue                     0x08001aad   Thumb Code    40  queue.o(i.prvCopyDataFromQueue)
    i.prvCopyDataToQueue                     0x08001ad4   Section        0  queue.o(i.prvCopyDataToQueue)
    prvCopyDataToQueue                       0x08001ad5   Thumb Code   110  queue.o(i.prvCopyDataToQueue)
    i.prvDeleteTCB                           0x08001b42   Section        0  tasks.o(i.prvDeleteTCB)
    prvDeleteTCB                             0x08001b43   Thumb Code    64  tasks.o(i.prvDeleteTCB)
    i.prvHeapInit                            0x08001b84   Section        0  heap_4.o(i.prvHeapInit)
    prvHeapInit                              0x08001b85   Thumb Code    68  heap_4.o(i.prvHeapInit)
    i.prvIdleTask                            0x08001bd0   Section        0  tasks.o(i.prvIdleTask)
    prvIdleTask                              0x08001bd1   Thumb Code    30  tasks.o(i.prvIdleTask)
    i.prvInitialiseNewQueue                  0x08001bf8   Section        0  queue.o(i.prvInitialiseNewQueue)
    prvInitialiseNewQueue                    0x08001bf9   Thumb Code    34  queue.o(i.prvInitialiseNewQueue)
    i.prvInitialiseNewTask                   0x08001c1a   Section        0  tasks.o(i.prvInitialiseNewTask)
    prvInitialiseNewTask                     0x08001c1b   Thumb Code   156  tasks.o(i.prvInitialiseNewTask)
    i.prvInitialiseTaskLists                 0x08001cb8   Section        0  tasks.o(i.prvInitialiseTaskLists)
    prvInitialiseTaskLists                   0x08001cb9   Thumb Code    78  tasks.o(i.prvInitialiseTaskLists)
    i.prvInsertBlockIntoFreeList             0x08001d10   Section        0  heap_4.o(i.prvInsertBlockIntoFreeList)
    prvInsertBlockIntoFreeList               0x08001d11   Thumb Code    78  heap_4.o(i.prvInsertBlockIntoFreeList)
    i.prvIsQueueEmpty                        0x08001d64   Section        0  queue.o(i.prvIsQueueEmpty)
    prvIsQueueEmpty                          0x08001d65   Thumb Code    26  queue.o(i.prvIsQueueEmpty)
    i.prvIsQueueFull                         0x08001d7e   Section        0  queue.o(i.prvIsQueueFull)
    prvIsQueueFull                           0x08001d7f   Thumb Code    30  queue.o(i.prvIsQueueFull)
    i.prvListTasksWithinSingleList           0x08001d9c   Section        0  tasks.o(i.prvListTasksWithinSingleList)
    prvListTasksWithinSingleList             0x08001d9d   Thumb Code    92  tasks.o(i.prvListTasksWithinSingleList)
    i.prvResetNextTaskUnblockTime            0x08001df8   Section        0  tasks.o(i.prvResetNextTaskUnblockTime)
    prvResetNextTaskUnblockTime              0x08001df9   Thumb Code    30  tasks.o(i.prvResetNextTaskUnblockTime)
    i.prvTaskCheckFreeStackSpace             0x08001e1c   Section        0  tasks.o(i.prvTaskCheckFreeStackSpace)
    prvTaskCheckFreeStackSpace               0x08001e1d   Thumb Code    20  tasks.o(i.prvTaskCheckFreeStackSpace)
    i.prvTaskExitError                       0x08001e30   Section        0  port.o(i.prvTaskExitError)
    prvTaskExitError                         0x08001e31   Thumb Code    40  port.o(i.prvTaskExitError)
    i.prvUnlockQueue                         0x08001e5c   Section        0  queue.o(i.prvUnlockQueue)
    prvUnlockQueue                           0x08001e5d   Thumb Code   106  queue.o(i.prvUnlockQueue)
    i.prvWriteNameToBuffer                   0x08001ec6   Section        0  tasks.o(i.prvWriteNameToBuffer)
    prvWriteNameToBuffer                     0x08001ec7   Thumb Code    36  tasks.o(i.prvWriteNameToBuffer)
    i.pvPortMalloc                           0x08001eec   Section        0  heap_4.o(i.pvPortMalloc)
    i.pxPortInitialiseStack                  0x08001fc0   Section        0  port.o(i.pxPortInitialiseStack)
    i.uxListRemove                           0x08001fe4   Section        0  list.o(i.uxListRemove)
    i.uxTaskGetSystemState                   0x0800200c   Section        0  tasks.o(i.uxTaskGetSystemState)
    i.vApplicationGetIdleTaskMemory          0x080020b8   Section        0  freertos.o(i.vApplicationGetIdleTaskMemory)
    i.vListInitialise                        0x080020cc   Section        0  list.o(i.vListInitialise)
    i.vListInitialiseItem                    0x080020e2   Section        0  list.o(i.vListInitialiseItem)
    i.vListInsert                            0x080020e8   Section        0  list.o(i.vListInsert)
    i.vListInsertEnd                         0x08002118   Section        0  list.o(i.vListInsertEnd)
    i.vPortEnterCritical                     0x08002130   Section        0  port.o(i.vPortEnterCritical)
    i.vPortExitCritical                      0x08002170   Section        0  port.o(i.vPortExitCritical)
    i.vPortFree                              0x0800219c   Section        0  heap_4.o(i.vPortFree)
    i.vPortSetupTimerInterrupt               0x080021f8   Section        0  port.o(i.vPortSetupTimerInterrupt)
    i.vPortValidateInterruptPriority         0x0800221c   Section        0  port.o(i.vPortValidateInterruptPriority)
    i.vTaskDelay                             0x08002270   Section        0  tasks.o(i.vTaskDelay)
    i.vTaskDelete                            0x080022c0   Section        0  tasks.o(i.vTaskDelete)
    i.vTaskGetInfo                           0x0800236c   Section        0  tasks.o(i.vTaskGetInfo)
    i.vTaskInternalSetTimeOutState           0x080023e4   Section        0  tasks.o(i.vTaskInternalSetTimeOutState)
    i.vTaskList                              0x080023f4   Section        0  tasks.o(i.vTaskList)
    i.vTaskMissedYield                       0x080024b4   Section        0  tasks.o(i.vTaskMissedYield)
    i.vTaskPlaceOnEventList                  0x080024c0   Section        0  tasks.o(i.vTaskPlaceOnEventList)
    i.vTaskStartScheduler                    0x080024f4   Section        0  tasks.o(i.vTaskStartScheduler)
    i.vTaskSuspendAll                        0x08002580   Section        0  tasks.o(i.vTaskSuspendAll)
    i.vTaskSwitchContext                     0x08002590   Section        0  tasks.o(i.vTaskSwitchContext)
    i.xPortStartScheduler                    0x08002608   Section        0  port.o(i.xPortStartScheduler)
    i.xQueueGenericCreate                    0x080026fc   Section        0  queue.o(i.xQueueGenericCreate)
    i.xQueueGenericCreateStatic              0x08002746   Section        0  queue.o(i.xQueueGenericCreateStatic)
    i.xQueueGenericReset                     0x080027b4   Section        0  queue.o(i.xQueueGenericReset)
    i.xQueueGenericSend                      0x08002840   Section        0  queue.o(i.xQueueGenericSend)
    i.xQueueGenericSendFromISR               0x080029a4   Section        0  queue.o(i.xQueueGenericSendFromISR)
    i.xQueueReceive                          0x08002a64   Section        0  queue.o(i.xQueueReceive)
    i.xQueueReceiveFromISR                   0x08002ba0   Section        0  queue.o(i.xQueueReceiveFromISR)
    i.xTaskCheckForTimeOut                   0x08002c3c   Section        0  tasks.o(i.xTaskCheckForTimeOut)
    i.xTaskCreate                            0x08002cb8   Section        0  tasks.o(i.xTaskCreate)
    i.xTaskCreateStatic                      0x08002d1c   Section        0  tasks.o(i.xTaskCreateStatic)
    i.xTaskGetSchedulerState                 0x08002d78   Section        0  tasks.o(i.xTaskGetSchedulerState)
    i.xTaskGetTickCount                      0x08002d94   Section        0  tasks.o(i.xTaskGetTickCount)
    i.xTaskGetTickCountFromISR               0x08002da0   Section        0  tasks.o(i.xTaskGetTickCountFromISR)
    i.xTaskIncrementTick                     0x08002db0   Section        0  tasks.o(i.xTaskIncrementTick)
    i.xTaskPriorityDisinherit                0x08002e7c   Section        0  tasks.o(i.xTaskPriorityDisinherit)
    i.xTaskRemoveFromEventList               0x08002f14   Section        0  tasks.o(i.xTaskRemoveFromEventList)
    i.xTaskResumeAll                         0x08002f90   Section        0  tasks.o(i.xTaskResumeAll)
    .constdata                               0x0800305c   Section      296  main.o(.constdata)
    .constdata                               0x08003184   Section       16  system_stm32f4xx.o(.constdata)
    .constdata                               0x08003194   Section        8  system_stm32f4xx.o(.constdata)
    .conststring                             0x0800319c   Section      100  main.o(.conststring)
    .data                                    0x20000000   Section        4  printf.o(.data)
    .data                                    0x20000004   Section       40  main.o(.data)
    .data                                    0x2000002c   Section       12  stm32f4xx_hal.o(.data)
    .data                                    0x20000038   Section        4  system_stm32f4xx.o(.data)
    .data                                    0x2000003c   Section       68  tasks.o(.data)
    pxDelayedTaskList                        0x20000040   Data           4  tasks.o(.data)
    pxOverflowDelayedTaskList                0x20000044   Data           4  tasks.o(.data)
    uxDeletedTasksWaitingCleanUp             0x20000048   Data           4  tasks.o(.data)
    uxCurrentNumberOfTasks                   0x2000004c   Data           4  tasks.o(.data)
    xTickCount                               0x20000050   Data           4  tasks.o(.data)
    uxTopReadyPriority                       0x20000054   Data           4  tasks.o(.data)
    xSchedulerRunning                        0x20000058   Data           4  tasks.o(.data)
    uxPendedTicks                            0x2000005c   Data           4  tasks.o(.data)
    xYieldPending                            0x20000060   Data           4  tasks.o(.data)
    xNumOfOverflows                          0x20000064   Data           4  tasks.o(.data)
    uxTaskNumber                             0x20000068   Data           4  tasks.o(.data)
    xNextTaskUnblockTime                     0x2000006c   Data           4  tasks.o(.data)
    xIdleTaskHandle                          0x20000070   Data           4  tasks.o(.data)
    uxSchedulerSuspended                     0x20000074   Data           4  tasks.o(.data)
    ulTaskSwitchedInTime                     0x20000078   Data           4  tasks.o(.data)
    ulTotalRunTime                           0x2000007c   Data           4  tasks.o(.data)
    .data                                    0x20000080   Section       24  heap_4.o(.data)
    pxEnd                                    0x20000080   Data           4  heap_4.o(.data)
    xFreeBytesRemaining                      0x20000084   Data           4  heap_4.o(.data)
    xMinimumEverFreeBytesRemaining           0x20000088   Data           4  heap_4.o(.data)
    xBlockAllocatedBit                       0x2000008c   Data           4  heap_4.o(.data)
    xStart                                   0x20000090   Data           8  heap_4.o(.data)
    .data                                    0x20000098   Section       12  port.o(.data)
    ucMaxSysCallPriority                     0x20000098   Data           1  port.o(.data)
    uxCriticalNesting                        0x2000009c   Data           4  port.o(.data)
    ulMaxPRIGROUPValue                       0x200000a0   Data           4  port.o(.data)
    .bss                                     0x200000a4   Section      304  main.o(.bss)
    .bss                                     0x200001d4   Section      608  freertos.o(.bss)
    xIdleTaskTCBBuffer                       0x200001d4   Data          96  freertos.o(.bss)
    xIdleStack                               0x20000234   Data         512  freertos.o(.bss)
    .bss                                     0x20000434   Section       64  stm32f4xx_hal_timebase_tim.o(.bss)
    .bss                                     0x20000474   Section      240  tasks.o(.bss)
    pxReadyTasksLists                        0x20000474   Data         140  tasks.o(.bss)
    xDelayedTaskList1                        0x20000500   Data          20  tasks.o(.bss)
    xDelayedTaskList2                        0x20000514   Data          20  tasks.o(.bss)
    xPendingReadyList                        0x20000528   Data          20  tasks.o(.bss)
    xTasksWaitingTermination                 0x2000053c   Data          20  tasks.o(.bss)
    xSuspendedTaskList                       0x20000550   Data          20  tasks.o(.bss)
    .bss                                     0x20000564   Section    15360  heap_4.o(.bss)
    ucHeap                                   0x20000564   Data       15360  heap_4.o(.bss)
    STACK                                    0x20004168   Section     8192  startup_stm32f407xx.o(STACK)

    Global Symbols

    Symbol Name                              Value     Ov Type        Size  Object(Section)

    BuildAttributes$$THM_ISAv4$E$P$D$K$B$S$7EM$VFPi3$EXTD16$VFPS$VFMA$PE$A:L22UL41UL21$X:L11$S22US41US21$IEEE1$IW$USESV6$~STKCKD$USESV7$~SHL$OSPACE$ROPI$EBA8$MICROLIB$REQ8$PRES8$EABIv2 0x00000000   Number         0  anon$$obj.o ABSOLUTE
    __ARM_use_no_argv                        0x00000000   Number         0  main.o ABSOLUTE
    _printf_a                                0x00000000   Number         0  stubs.o ABSOLUTE
    _printf_c                                0x00000000   Number         0  stubs.o ABSOLUTE
    _printf_charcount                        0x00000000   Number         0  stubs.o ABSOLUTE
    _printf_d                                0x00000000   Number         0  stubs.o ABSOLUTE
    _printf_e                                0x00000000   Number         0  stubs.o ABSOLUTE
    _printf_f                                0x00000000   Number         0  stubs.o ABSOLUTE
    _printf_flags                            0x00000000   Number         0  stubs.o ABSOLUTE
    _printf_fp_dec                           0x00000000   Number         0  stubs.o ABSOLUTE
    _printf_fp_hex                           0x00000000   Number         0  stubs.o ABSOLUTE
    _printf_g                                0x00000000   Number         0  stubs.o ABSOLUTE
    _printf_i                                0x00000000   Number         0  stubs.o ABSOLUTE
    _printf_int_dec                          0x00000000   Number         0  stubs.o ABSOLUTE
    _printf_l                                0x00000000   Number         0  stubs.o ABSOLUTE
    _printf_lc                               0x00000000   Number         0  stubs.o ABSOLUTE
    _printf_ll                               0x00000000   Number         0  stubs.o ABSOLUTE
    _printf_lld                              0x00000000   Number         0  stubs.o ABSOLUTE
    _printf_lli                              0x00000000   Number         0  stubs.o ABSOLUTE
    _printf_llo                              0x00000000   Number         0  stubs.o ABSOLUTE
    _printf_llu                              0x00000000   Number         0  stubs.o ABSOLUTE
    _printf_llx                              0x00000000   Number         0  stubs.o ABSOLUTE
    _printf_longlong_dec                     0x00000000   Number         0  stubs.o ABSOLUTE
    _printf_longlong_hex                     0x00000000   Number         0  stubs.o ABSOLUTE
    _printf_longlong_oct                     0x00000000   Number         0  stubs.o ABSOLUTE
    _printf_ls                               0x00000000   Number         0  stubs.o ABSOLUTE
    _printf_mbtowc                           0x00000000   Number         0  stubs.o ABSOLUTE
    _printf_n                                0x00000000   Number         0  stubs.o ABSOLUTE
    _printf_o                                0x00000000   Number         0  stubs.o ABSOLUTE
    _printf_p                                0x00000000   Number         0  stubs.o ABSOLUTE
    _printf_percent                          0x00000000   Number         0  stubs.o ABSOLUTE
    _printf_pre_padding                      0x00000000   Number         0  stubs.o ABSOLUTE
    _printf_return_value                     0x00000000   Number         0  stubs.o ABSOLUTE
    _printf_s                                0x00000000   Number         0  stubs.o ABSOLUTE
    _printf_sizespec                         0x00000000   Number         0  stubs.o ABSOLUTE
    _printf_str                              0x00000000   Number         0  stubs.o ABSOLUTE
    _printf_truncate_signed                  0x00000000   Number         0  stubs.o ABSOLUTE
    _printf_truncate_unsigned                0x00000000   Number         0  stubs.o ABSOLUTE
    _printf_u                                0x00000000   Number         0  stubs.o ABSOLUTE
    _printf_wc                               0x00000000   Number         0  stubs.o ABSOLUTE
    _printf_wctomb                           0x00000000   Number         0  stubs.o ABSOLUTE
    _printf_widthprec                        0x00000000   Number         0  stubs.o ABSOLUTE
    _printf_x                                0x00000000   Number         0  stubs.o ABSOLUTE
    __cpp_initialize__aeabi_                  - Undefined Weak Reference
    __cxa_finalize                            - Undefined Weak Reference
    __decompress                              - Undefined Weak Reference
    _clock_init                               - Undefined Weak Reference
    _microlib_exit                            - Undefined Weak Reference
    __Vectors_Size                           0x00000188   Number         0  startup_stm32f407xx.o ABSOLUTE
    __Vectors                                0x08000000   Data           4  startup_stm32f407xx.o(RESET)
    __Vectors_End                            0x08000188   Data           0  startup_stm32f407xx.o(RESET)
    __main                                   0x08000189   Thumb Code     0  entry.o(.ARM.Collect$$$$00000000)
    _main_stk                                0x08000189   Thumb Code     0  entry2.o(.ARM.Collect$$$$00000001)
    _main_scatterload                        0x0800018d   Thumb Code     0  entry5.o(.ARM.Collect$$$$00000004)
    __main_after_scatterload                 0x08000191   Thumb Code     0  entry5.o(.ARM.Collect$$$$00000004)
    _main_clock                              0x08000191   Thumb Code     0  entry7b.o(.ARM.Collect$$$$00000008)
    _main_cpp_init                           0x08000191   Thumb Code     0  entry8b.o(.ARM.Collect$$$$0000000A)
    _main_init                               0x08000191   Thumb Code     0  entry9a.o(.ARM.Collect$$$$0000000B)
    __rt_final_cpp                           0x08000199   Thumb Code     0  entry10a.o(.ARM.Collect$$$$0000000D)
    __rt_final_exit                          0x08000199   Thumb Code     0  entry11a.o(.ARM.Collect$$$$0000000F)
    SVC_Handler                              0x0800019d   Thumb Code    28  port.o(.emb_text)
    __asm___6_port_c_39a90d8d__prvStartFirstTask 0x080001bd   Thumb Code    36  port.o(.emb_text)
    __asm___6_port_c_39a90d8d__prvEnableVFP  0x080001e5   Thumb Code    16  port.o(.emb_text)
    PendSV_Handler                           0x080001f9   Thumb Code    88  port.o(.emb_text)
    vPortGetIPSR                             0x08000255   Thumb Code     6  port.o(.emb_text)
    Reset_Handler                            0x0800025d   Thumb Code     8  startup_stm32f407xx.o(.text)
    ADC_IRQHandler                           0x08000277   Thumb Code     0  startup_stm32f407xx.o(.text)
    CAN1_RX0_IRQHandler                      0x08000277   Thumb Code     0  startup_stm32f407xx.o(.text)
    CAN1_RX1_IRQHandler                      0x08000277   Thumb Code     0  startup_stm32f407xx.o(.text)
    CAN1_SCE_IRQHandler                      0x08000277   Thumb Code     0  startup_stm32f407xx.o(.text)
    CAN1_TX_IRQHandler                       0x08000277   Thumb Code     0  startup_stm32f407xx.o(.text)
    CAN2_RX0_IRQHandler                      0x08000277   Thumb Code     0  startup_stm32f407xx.o(.text)
    CAN2_RX1_IRQHandler                      0x08000277   Thumb Code     0  startup_stm32f407xx.o(.text)
    CAN2_SCE_IRQHandler                      0x08000277   Thumb Code     0  startup_stm32f407xx.o(.text)
    CAN2_TX_IRQHandler                       0x08000277   Thumb Code     0  startup_stm32f407xx.o(.text)
    DCMI_IRQHandler                          0x08000277   Thumb Code     0  startup_stm32f407xx.o(.text)
    DMA1_Stream0_IRQHandler                  0x08000277   Thumb Code     0  startup_stm32f407xx.o(.text)
    DMA1_Stream1_IRQHandler                  0x08000277   Thumb Code     0  startup_stm32f407xx.o(.text)
    DMA1_Stream2_IRQHandler                  0x08000277   Thumb Code     0  startup_stm32f407xx.o(.text)
    DMA1_Stream3_IRQHandler                  0x08000277   Thumb Code     0  startup_stm32f407xx.o(.text)
    DMA1_Stream4_IRQHandler                  0x08000277   Thumb Code     0  startup_stm32f407xx.o(.text)
    DMA1_Stream5_IRQHandler                  0x08000277   Thumb Code     0  startup_stm32f407xx.o(.text)
    DMA1_Stream6_IRQHandler                  0x08000277   Thumb Code     0  startup_stm32f407xx.o(.text)
    DMA1_Stream7_IRQHandler                  0x08000277   Thumb Code     0  startup_stm32f407xx.o(.text)
    DMA2_Stream0_IRQHandler                  0x08000277   Thumb Code     0  startup_stm32f407xx.o(.text)
    DMA2_Stream1_IRQHandler                  0x08000277   Thumb Code     0  startup_stm32f407xx.o(.text)
    DMA2_Stream2_IRQHandler                  0x08000277   Thumb Code     0  startup_stm32f407xx.o(.text)
    DMA2_Stream3_IRQHandler                  0x08000277   Thumb Code     0  startup_stm32f407xx.o(.text)
    DMA2_Stream4_IRQHandler                  0x08000277   Thumb Code     0  startup_stm32f407xx.o(.text)
    DMA2_Stream5_IRQHandler                  0x08000277   Thumb Code     0  startup_stm32f407xx.o(.text)
    DMA2_Stream6_IRQHandler                  0x08000277   Thumb Code     0  startup_stm32f407xx.o(.text)
    DMA2_Stream7_IRQHandler                  0x08000277   Thumb Code     0  startup_stm32f407xx.o(.text)
    ETH_IRQHandler                           0x08000277   Thumb Code     0  startup_stm32f407xx.o(.text)
    ETH_WKUP_IRQHandler                      0x08000277   Thumb Code     0  startup_stm32f407xx.o(.text)
    EXTI0_IRQHandler                         0x08000277   Thumb Code     0  startup_stm32f407xx.o(.text)
    EXTI15_10_IRQHandler                     0x08000277   Thumb Code     0  startup_stm32f407xx.o(.text)
    EXTI1_IRQHandler                         0x08000277   Thumb Code     0  startup_stm32f407xx.o(.text)
    EXTI2_IRQHandler                         0x08000277   Thumb Code     0  startup_stm32f407xx.o(.text)
    EXTI3_IRQHandler                         0x08000277   Thumb Code     0  startup_stm32f407xx.o(.text)
    EXTI4_IRQHandler                         0x08000277   Thumb Code     0  startup_stm32f407xx.o(.text)
    EXTI9_5_IRQHandler                       0x08000277   Thumb Code     0  startup_stm32f407xx.o(.text)
    FLASH_IRQHandler                         0x08000277   Thumb Code     0  startup_stm32f407xx.o(.text)
    FMC_IRQHandler                           0x08000277   Thumb Code     0  startup_stm32f407xx.o(.text)
    FPU_IRQHandler                           0x08000277   Thumb Code     0  startup_stm32f407xx.o(.text)
    HASH_RNG_IRQHandler                      0x08000277   Thumb Code     0  startup_stm32f407xx.o(.text)
    I2C1_ER_IRQHandler                       0x08000277   Thumb Code     0  startup_stm32f407xx.o(.text)
    I2C1_EV_IRQHandler                       0x08000277   Thumb Code     0  startup_stm32f407xx.o(.text)
    I2C2_ER_IRQHandler                       0x08000277   Thumb Code     0  startup_stm32f407xx.o(.text)
    I2C2_EV_IRQHandler                       0x08000277   Thumb Code     0  startup_stm32f407xx.o(.text)
    I2C3_ER_IRQHandler                       0x08000277   Thumb Code     0  startup_stm32f407xx.o(.text)
    I2C3_EV_IRQHandler                       0x08000277   Thumb Code     0  startup_stm32f407xx.o(.text)
    OTG_FS_IRQHandler                        0x08000277   Thumb Code     0  startup_stm32f407xx.o(.text)
    OTG_FS_WKUP_IRQHandler                   0x08000277   Thumb Code     0  startup_stm32f407xx.o(.text)
    OTG_HS_EP1_IN_IRQHandler                 0x08000277   Thumb Code     0  startup_stm32f407xx.o(.text)
    OTG_HS_EP1_OUT_IRQHandler                0x08000277   Thumb Code     0  startup_stm32f407xx.o(.text)
    OTG_HS_IRQHandler                        0x08000277   Thumb Code     0  startup_stm32f407xx.o(.text)
    OTG_HS_WKUP_IRQHandler                   0x08000277   Thumb Code     0  startup_stm32f407xx.o(.text)
    PVD_IRQHandler                           0x08000277   Thumb Code     0  startup_stm32f407xx.o(.text)
    RCC_IRQHandler                           0x08000277   Thumb Code     0  startup_stm32f407xx.o(.text)
    RTC_Alarm_IRQHandler                     0x08000277   Thumb Code     0  startup_stm32f407xx.o(.text)
    RTC_WKUP_IRQHandler                      0x08000277   Thumb Code     0  startup_stm32f407xx.o(.text)
    SDIO_IRQHandler                          0x08000277   Thumb Code     0  startup_stm32f407xx.o(.text)
    SPI1_IRQHandler                          0x08000277   Thumb Code     0  startup_stm32f407xx.o(.text)
    SPI2_IRQHandler                          0x08000277   Thumb Code     0  startup_stm32f407xx.o(.text)
    SPI3_IRQHandler                          0x08000277   Thumb Code     0  startup_stm32f407xx.o(.text)
    TAMP_STAMP_IRQHandler                    0x08000277   Thumb Code     0  startup_stm32f407xx.o(.text)
    TIM1_BRK_TIM9_IRQHandler                 0x08000277   Thumb Code     0  startup_stm32f407xx.o(.text)
    TIM1_CC_IRQHandler                       0x08000277   Thumb Code     0  startup_stm32f407xx.o(.text)
    TIM1_TRG_COM_TIM11_IRQHandler            0x08000277   Thumb Code     0  startup_stm32f407xx.o(.text)
    TIM2_IRQHandler                          0x08000277   Thumb Code     0  startup_stm32f407xx.o(.text)
    TIM3_IRQHandler                          0x08000277   Thumb Code     0  startup_stm32f407xx.o(.text)
    TIM4_IRQHandler                          0x08000277   Thumb Code     0  startup_stm32f407xx.o(.text)
    TIM5_IRQHandler                          0x08000277   Thumb Code     0  startup_stm32f407xx.o(.text)
    TIM6_DAC_IRQHandler                      0x08000277   Thumb Code     0  startup_stm32f407xx.o(.text)
    TIM7_IRQHandler                          0x08000277   Thumb Code     0  startup_stm32f407xx.o(.text)
    TIM8_BRK_TIM12_IRQHandler                0x08000277   Thumb Code     0  startup_stm32f407xx.o(.text)
    TIM8_CC_IRQHandler                       0x08000277   Thumb Code     0  startup_stm32f407xx.o(.text)
    TIM8_TRG_COM_TIM14_IRQHandler            0x08000277   Thumb Code     0  startup_stm32f407xx.o(.text)
    TIM8_UP_TIM13_IRQHandler                 0x08000277   Thumb Code     0  startup_stm32f407xx.o(.text)
    UART4_IRQHandler                         0x08000277   Thumb Code     0  startup_stm32f407xx.o(.text)
    UART5_IRQHandler                         0x08000277   Thumb Code     0  startup_stm32f407xx.o(.text)
    USART1_IRQHandler                        0x08000277   Thumb Code     0  startup_stm32f407xx.o(.text)
    USART2_IRQHandler                        0x08000277   Thumb Code     0  startup_stm32f407xx.o(.text)
    USART3_IRQHandler                        0x08000277   Thumb Code     0  startup_stm32f407xx.o(.text)
    USART6_IRQHandler                        0x08000277   Thumb Code     0  startup_stm32f407xx.o(.text)
    WWDG_IRQHandler                          0x08000277   Thumb Code     0  startup_stm32f407xx.o(.text)
    __aeabi_uldivmod                         0x08000281   Thumb Code    98  uldiv.o(.text)
    __aeabi_memcpy                           0x080002e3   Thumb Code    36  memcpya.o(.text)
    __aeabi_memcpy4                          0x080002e3   Thumb Code     0  memcpya.o(.text)
    __aeabi_memcpy8                          0x080002e3   Thumb Code     0  memcpya.o(.text)
    __aeabi_memset                           0x08000307   Thumb Code    14  memseta.o(.text)
    __aeabi_memset4                          0x08000307   Thumb Code     0  memseta.o(.text)
    __aeabi_memset8                          0x08000307   Thumb Code     0  memseta.o(.text)
    __aeabi_memclr                           0x08000315   Thumb Code     4  memseta.o(.text)
    __aeabi_memclr4                          0x08000315   Thumb Code     0  memseta.o(.text)
    __aeabi_memclr8                          0x08000315   Thumb Code     0  memseta.o(.text)
    memset                                   0x08000319   Thumb Code    18  memseta.o(.text)
    strlen                                   0x0800032b   Thumb Code    14  strlen.o(.text)
    strcpy                                   0x08000339   Thumb Code    18  strcpy.o(.text)
    __aeabi_uidiv                            0x0800034b   Thumb Code     0  uidiv.o(.text)
    __aeabi_uidivmod                         0x0800034b   Thumb Code    44  uidiv.o(.text)
    __aeabi_llsl                             0x08000377   Thumb Code    30  llshl.o(.text)
    _ll_shift_l                              0x08000377   Thumb Code     0  llshl.o(.text)
    __aeabi_llsr                             0x08000395   Thumb Code    32  llushr.o(.text)
    _ll_ushift_r                             0x08000395   Thumb Code     0  llushr.o(.text)
    __scatterload                            0x080003b5   Thumb Code    28  init.o(.text)
    __scatterload_rt2                        0x080003b5   Thumb Code     0  init.o(.text)
    BusFault_Handler                         0x080003d9   Thumb Code     2  stm32f4xx_it.o(i.BusFault_Handler)
    DebugMon_Handler                         0x080003db   Thumb Code     2  stm32f4xx_it.o(i.DebugMon_Handler)
    Error_Handler                            0x080003dd   Thumb Code     2  main.o(i.Error_Handler)
    HAL_GPIO_Init                            0x080003e1   Thumb Code   406  stm32f4xx_hal_gpio.o(i.HAL_GPIO_Init)
    HAL_GPIO_ReadPin                         0x080005a5   Thumb Code    14  stm32f4xx_hal_gpio.o(i.HAL_GPIO_ReadPin)
    HAL_GPIO_TogglePin                       0x080005b3   Thumb Code    18  stm32f4xx_hal_gpio.o(i.HAL_GPIO_TogglePin)
    HAL_GPIO_WritePin                        0x080005c5   Thumb Code    14  stm32f4xx_hal_gpio.o(i.HAL_GPIO_WritePin)
    HAL_GetTick                              0x080005d5   Thumb Code     6  stm32f4xx_hal.o(i.HAL_GetTick)
    HAL_IncTick                              0x080005e1   Thumb Code    12  stm32f4xx_hal.o(i.HAL_IncTick)
    HAL_Init                                 0x080005f1   Thumb Code    48  stm32f4xx_hal.o(i.HAL_Init)
    HAL_InitTick                             0x08000625   Thumb Code   100  stm32f4xx_hal_timebase_tim.o(i.HAL_InitTick)
    HAL_MspInit                              0x08000699   Thumb Code    52  stm32f4xx_hal_msp.o(i.HAL_MspInit)
    HAL_NVIC_EnableIRQ                       0x080006d1   Thumb Code    26  stm32f4xx_hal_cortex.o(i.HAL_NVIC_EnableIRQ)
    HAL_NVIC_SetPriority                     0x080006ed   Thumb Code    60  stm32f4xx_hal_cortex.o(i.HAL_NVIC_SetPriority)
    HAL_NVIC_SetPriorityGrouping             0x0800072d   Thumb Code    26  stm32f4xx_hal_cortex.o(i.HAL_NVIC_SetPriorityGrouping)
    HAL_RCC_ClockConfig                      0x08000751   Thumb Code   308  stm32f4xx_hal_rcc.o(i.HAL_RCC_ClockConfig)
    HAL_RCC_GetClockConfig                   0x08000895   Thumb Code    52  stm32f4xx_hal_rcc.o(i.HAL_RCC_GetClockConfig)
    HAL_RCC_GetHCLKFreq                      0x080008d1   Thumb Code     6  stm32f4xx_hal_rcc.o(i.HAL_RCC_GetHCLKFreq)
    HAL_RCC_GetPCLK2Freq                     0x080008dd   Thumb Code    22  stm32f4xx_hal_rcc.o(i.HAL_RCC_GetPCLK2Freq)
    HAL_RCC_GetSysClockFreq                  0x080008fd   Thumb Code    94  stm32f4xx_hal_rcc.o(i.HAL_RCC_GetSysClockFreq)
    HAL_RCC_OscConfig                        0x08000965   Thumb Code   896  stm32f4xx_hal_rcc.o(i.HAL_RCC_OscConfig)
    HAL_TIMEx_BreakCallback                  0x08000cf5   Thumb Code     2  stm32f4xx_hal_tim_ex.o(i.HAL_TIMEx_BreakCallback)
    HAL_TIMEx_CommutCallback                 0x08000cf7   Thumb Code     2  stm32f4xx_hal_tim_ex.o(i.HAL_TIMEx_CommutCallback)
    HAL_TIM_Base_Init                        0x08000cf9   Thumb Code    56  stm32f4xx_hal_tim.o(i.HAL_TIM_Base_Init)
    HAL_TIM_Base_MspInit                     0x08000d31   Thumb Code     2  stm32f4xx_hal_tim.o(i.HAL_TIM_Base_MspInit)
    HAL_TIM_Base_Start_IT                    0x08000d33   Thumb Code    34  stm32f4xx_hal_tim.o(i.HAL_TIM_Base_Start_IT)
    HAL_TIM_IC_CaptureCallback               0x08000d55   Thumb Code     2  stm32f4xx_hal_tim.o(i.HAL_TIM_IC_CaptureCallback)
    HAL_TIM_IRQHandler                       0x08000d57   Thumb Code   366  stm32f4xx_hal_tim.o(i.HAL_TIM_IRQHandler)
    HAL_TIM_OC_DelayElapsedCallback          0x08000ec5   Thumb Code     2  stm32f4xx_hal_tim.o(i.HAL_TIM_OC_DelayElapsedCallback)
    HAL_TIM_PWM_PulseFinishedCallback        0x08000ec7   Thumb Code     2  stm32f4xx_hal_tim.o(i.HAL_TIM_PWM_PulseFinishedCallback)
    HAL_TIM_PeriodElapsedCallback            0x08000ec9   Thumb Code    14  main.o(i.HAL_TIM_PeriodElapsedCallback)
    HAL_TIM_TriggerCallback                  0x08000edd   Thumb Code     2  stm32f4xx_hal_tim.o(i.HAL_TIM_TriggerCallback)
    HardFault_Handler                        0x08000ee1   Thumb Code   176  stm32f4xx_it.o(i.HardFault_Handler)
    MemManage_Handler                        0x08001029   Thumb Code     2  stm32f4xx_it.o(i.MemManage_Handler)
    NMI_Handler                              0x0800102b   Thumb Code     2  stm32f4xx_it.o(i.NMI_Handler)
    StartDefaultTask                         0x0800102d   Thumb Code    32  main.o(i.StartDefaultTask)
    StartQueuePrintf                         0x08001055   Thumb Code    84  main.o(i.StartQueuePrintf)
    StartTask02                              0x080010bd   Thumb Code    22  main.o(i.StartTask02)
    StartTask03                              0x080010d9   Thumb Code    22  main.o(i.StartTask03)
    StartTask04                              0x080010f5   Thumb Code    22  main.o(i.StartTask04)
    StartTask05                              0x08001111   Thumb Code    42  main.o(i.StartTask05)
    StartTask06                              0x08001145   Thumb Code    82  main.o(i.StartTask06)
    StartsPrintf_TASK7                       0x080011cd   Thumb Code    24  main.o(i.StartsPrintf_TASK7)
    SysTick_Handler                          0x080011ed   Thumb Code    38  port.o(i.SysTick_Handler)
    SystemClock_Config                       0x08001219   Thumb Code   138  main.o(i.SystemClock_Config)
    SystemInit                               0x080012ad   Thumb Code    66  system_stm32f4xx.o(i.SystemInit)
    TIM1_UP_TIM10_IRQHandler                 0x08001301   Thumb Code     6  stm32f4xx_it.o(i.TIM1_UP_TIM10_IRQHandler)
    TIM_Base_SetConfig                       0x0800130d   Thumb Code   160  stm32f4xx_hal_tim.o(i.TIM_Base_SetConfig)
    UsageFault_Handler                       0x080013d9   Thumb Code     2  stm32f4xx_it.o(i.UsageFault_Handler)
    __0printf$3                              0x080013dd   Thumb Code    22  printf3.o(i.__0printf$3)
    __1printf$3                              0x080013dd   Thumb Code     0  printf3.o(i.__0printf$3)
    __2printf                                0x080013dd   Thumb Code     0  printf3.o(i.__0printf$3)
    __0sprintf$3                             0x080013fd   Thumb Code    34  printf3.o(i.__0sprintf$3)
    __1sprintf$3                             0x080013fd   Thumb Code     0  printf3.o(i.__0sprintf$3)
    __2sprintf                               0x080013fd   Thumb Code     0  printf3.o(i.__0sprintf$3)
    __scatterload_copy                       0x08001445   Thumb Code    14  handlers.o(i.__scatterload_copy)
    __scatterload_null                       0x08001453   Thumb Code     2  handlers.o(i.__scatterload_null)
    __scatterload_zeroinit                   0x08001455   Thumb Code    14  handlers.o(i.__scatterload_zeroinit)
    configureTimerForRunTimeStats            0x08001627   Thumb Code     2  freertos.o(i.configureTimerForRunTimeStats)
    eTaskGetState                            0x08001629   Thumb Code    98  tasks.o(i.eTaskGetState)
    fputc                                    0x08001695   Thumb Code    22  printf.o(i.fputc)
    getRunTimeCounterValue                   0x080016b1   Thumb Code     4  freertos.o(i.getRunTimeCounterValue)
    main                                     0x080016c5   Thumb Code   224  main.o(i.main)
    osDelay                                  0x080017b9   Thumb Code    16  cmsis_os.o(i.osDelay)
    osKernelStart                            0x080017c9   Thumb Code    10  cmsis_os.o(i.osKernelStart)
    osKernelSysTick                          0x080017d3   Thumb Code    24  cmsis_os.o(i.osKernelSysTick)
    osMessageCreate                          0x080017eb   Thumb Code    40  cmsis_os.o(i.osMessageCreate)
    osMessageGet                             0x08001815   Thumb Code   144  cmsis_os.o(i.osMessageGet)
    osMessagePut                             0x080018a9   Thumb Code    92  cmsis_os.o(i.osMessagePut)
    osThreadCreate                           0x08001909   Thumb Code    88  cmsis_os.o(i.osThreadCreate)
    osThreadList                             0x08001961   Thumb Code    10  cmsis_os.o(i.osThreadList)
    osThreadTerminate                        0x0800196b   Thumb Code    10  cmsis_os.o(i.osThreadTerminate)
    pvPortMalloc                             0x08001eed   Thumb Code   208  heap_4.o(i.pvPortMalloc)
    pxPortInitialiseStack                    0x08001fc1   Thumb Code    30  port.o(i.pxPortInitialiseStack)
    uxListRemove                             0x08001fe5   Thumb Code    38  list.o(i.uxListRemove)
    uxTaskGetSystemState                     0x0800200d   Thumb Code   162  tasks.o(i.uxTaskGetSystemState)
    vApplicationGetIdleTaskMemory            0x080020b9   Thumb Code    16  freertos.o(i.vApplicationGetIdleTaskMemory)
    vListInitialise                          0x080020cd   Thumb Code    22  list.o(i.vListInitialise)
    vListInitialiseItem                      0x080020e3   Thumb Code     6  list.o(i.vListInitialiseItem)
    vListInsert                              0x080020e9   Thumb Code    48  list.o(i.vListInsert)
    vListInsertEnd                           0x08002119   Thumb Code    24  list.o(i.vListInsertEnd)
    vPortEnterCritical                       0x08002131   Thumb Code    54  port.o(i.vPortEnterCritical)
    vPortExitCritical                        0x08002171   Thumb Code    38  port.o(i.vPortExitCritical)
    vPortFree                                0x0800219d   Thumb Code    88  heap_4.o(i.vPortFree)
    vPortSetupTimerInterrupt                 0x080021f9   Thumb Code    32  port.o(i.vPortSetupTimerInterrupt)
    vPortValidateInterruptPriority           0x0800221d   Thumb Code    74  port.o(i.vPortValidateInterruptPriority)
    vTaskDelay                               0x08002271   Thumb Code    70  tasks.o(i.vTaskDelay)
    vTaskDelete                              0x080022c1   Thumb Code   158  tasks.o(i.vTaskDelete)
    vTaskGetInfo                             0x0800236d   Thumb Code   114  tasks.o(i.vTaskGetInfo)
    vTaskInternalSetTimeOutState             0x080023e5   Thumb Code    12  tasks.o(i.vTaskInternalSetTimeOutState)
    vTaskList                                0x080023f5   Thumb Code   170  tasks.o(i.vTaskList)
    vTaskMissedYield                         0x080024b5   Thumb Code     8  tasks.o(i.vTaskMissedYield)
    vTaskPlaceOnEventList                    0x080024c1   Thumb Code    46  tasks.o(i.vTaskPlaceOnEventList)
    vTaskStartScheduler                      0x080024f5   Thumb Code   122  tasks.o(i.vTaskStartScheduler)
    vTaskSuspendAll                          0x08002581   Thumb Code    10  tasks.o(i.vTaskSuspendAll)
    vTaskSwitchContext                       0x08002591   Thumb Code   112  tasks.o(i.vTaskSwitchContext)
    xPortStartScheduler                      0x08002609   Thumb Code   222  port.o(i.xPortStartScheduler)
    xQueueGenericCreate                      0x080026fd   Thumb Code    74  queue.o(i.xQueueGenericCreate)
    xQueueGenericCreateStatic                0x08002747   Thumb Code   108  queue.o(i.xQueueGenericCreateStatic)
    xQueueGenericReset                       0x080027b5   Thumb Code   134  queue.o(i.xQueueGenericReset)
    xQueueGenericSend                        0x08002841   Thumb Code   352  queue.o(i.xQueueGenericSend)
    xQueueGenericSendFromISR                 0x080029a5   Thumb Code   190  queue.o(i.xQueueGenericSendFromISR)
    xQueueReceive                            0x08002a65   Thumb Code   310  queue.o(i.xQueueReceive)
    xQueueReceiveFromISR                     0x08002ba1   Thumb Code   156  queue.o(i.xQueueReceiveFromISR)
    xTaskCheckForTimeOut                     0x08002c3d   Thumb Code   118  tasks.o(i.xTaskCheckForTimeOut)
    xTaskCreate                              0x08002cb9   Thumb Code   100  tasks.o(i.xTaskCreate)
    xTaskCreateStatic                        0x08002d1d   Thumb Code    92  tasks.o(i.xTaskCreateStatic)
    xTaskGetSchedulerState                   0x08002d79   Thumb Code    24  tasks.o(i.xTaskGetSchedulerState)
    xTaskGetTickCount                        0x08002d95   Thumb Code     6  tasks.o(i.xTaskGetTickCount)
    xTaskGetTickCountFromISR                 0x08002da1   Thumb Code    12  tasks.o(i.xTaskGetTickCountFromISR)
    xTaskIncrementTick                       0x08002db1   Thumb Code   196  tasks.o(i.xTaskIncrementTick)
    xTaskPriorityDisinherit                  0x08002e7d   Thumb Code   144  tasks.o(i.xTaskPriorityDisinherit)
    xTaskRemoveFromEventList                 0x08002f15   Thumb Code   114  tasks.o(i.xTaskRemoveFromEventList)
    xTaskResumeAll                           0x08002f91   Thumb Code   192  tasks.o(i.xTaskResumeAll)
    AHBPrescTable                            0x08003184   Data          16  system_stm32f4xx.o(.constdata)
    APBPrescTable                            0x08003194   Data           8  system_stm32f4xx.o(.constdata)
    Region$$Table$$Base                      0x08003200   Number         0  anon$$obj.o(Region$$Table)
    Region$$Table$$Limit                     0x08003220   Number         0  anon$$obj.o(Region$$Table)
    __stdout                                 0x20000000   Data           4  printf.o(.data)
    temp                                     0x20000004   Data           2  main.o(.data)
    defaultTaskHandle                        0x20000008   Data           4  main.o(.data)
    myTask02Handle                           0x2000000c   Data           4  main.o(.data)
    myTask03Handle                           0x20000010   Data           4  main.o(.data)
    myTask04Handle                           0x20000014   Data           4  main.o(.data)
    myTask05Handle                           0x20000018   Data           4  main.o(.data)
    myTask06Handle                           0x2000001c   Data           4  main.o(.data)
    sPrintf_TASK7Handle                      0x20000020   Data           4  main.o(.data)
    QueuePrintfHandle                        0x20000024   Data           4  main.o(.data)
    myQueue01Handle                          0x20000028   Data           4  main.o(.data)
    uwTickFreq                               0x2000002c   Data           1  stm32f4xx_hal.o(.data)
    uwTickPrio                               0x20000030   Data           4  stm32f4xx_hal.o(.data)
    uwTick                                   0x20000034   Data           4  stm32f4xx_hal.o(.data)
    SystemCoreClock                          0x20000038   Data           4  system_stm32f4xx.o(.data)
    pxCurrentTCB                             0x2000003c   Data           4  tasks.o(.data)
    printf_arg                               0x200000a4   Data         304  main.o(.bss)
    htim1                                    0x20000434   Data          64  stm32f4xx_hal_timebase_tim.o(.bss)
    __initial_sp                             0x20006168   Data           0  startup_stm32f407xx.o(STACK)



==============================================================================

Memory Map of the image

  Image Entry point : 0x08000189

  Load Region LR_IROM1 (Base: 0x08000000, Size: 0x000032c4, Max: 0x00100000, ABSOLUTE)

    Execution Region ER_IROM1 (Exec base: 0x08000000, Load base: 0x08000000, Size: 0x00003220, Max: 0x00100000, ABSOLUTE)

    Exec Addr    Load Addr    Size         Type   Attr      Idx    E Section Name        Object

    0x08000000   0x08000000   0x00000188   Data   RO            3    RESET               startup_stm32f407xx.o
    0x08000188   0x08000188   0x00000000   Code   RO         3998  * .ARM.Collect$$$$00000000  mc_w.l(entry.o)
    0x08000188   0x08000188   0x00000004   Code   RO         4276    .ARM.Collect$$$$00000001  mc_w.l(entry2.o)
    0x0800018c   0x0800018c   0x00000004   Code   RO         4279    .ARM.Collect$$$$00000004  mc_w.l(entry5.o)
    0x08000190   0x08000190   0x00000000   Code   RO         4281    .ARM.Collect$$$$00000008  mc_w.l(entry7b.o)
    0x08000190   0x08000190   0x00000000   Code   RO         4283    .ARM.Collect$$$$0000000A  mc_w.l(entry8b.o)
    0x08000190   0x08000190   0x00000008   Code   RO         4284    .ARM.Collect$$$$0000000B  mc_w.l(entry9a.o)
    0x08000198   0x08000198   0x00000000   Code   RO         4286    .ARM.Collect$$$$0000000D  mc_w.l(entry10a.o)
    0x08000198   0x08000198   0x00000000   Code   RO         4288    .ARM.Collect$$$$0000000F  mc_w.l(entry11a.o)
    0x08000198   0x08000198   0x00000004   Code   RO         4277    .ARM.Collect$$$$00002712  mc_w.l(entry2.o)
    0x0800019c   0x0800019c   0x000000be   Code   RO         3921    .emb_text           port.o
    0x0800025a   0x0800025a   0x00000002   PAD
    0x0800025c   0x0800025c   0x00000024   Code   RO            4    .text               startup_stm32f407xx.o
    0x08000280   0x08000280   0x00000062   Code   RO         4001    .text               mc_w.l(uldiv.o)
    0x080002e2   0x080002e2   0x00000024   Code   RO         4003    .text               mc_w.l(memcpya.o)
    0x08000306   0x08000306   0x00000024   Code   RO         4007    .text               mc_w.l(memseta.o)
    0x0800032a   0x0800032a   0x0000000e   Code   RO         4009    .text               mc_w.l(strlen.o)
    0x08000338   0x08000338   0x00000012   Code   RO         4011    .text               mc_w.l(strcpy.o)
    0x0800034a   0x0800034a   0x0000002c   Code   RO         4290    .text               mc_w.l(uidiv.o)
    0x08000376   0x08000376   0x0000001e   Code   RO         4292    .text               mc_w.l(llshl.o)
    0x08000394   0x08000394   0x00000020   Code   RO         4294    .text               mc_w.l(llushr.o)
    0x080003b4   0x080003b4   0x00000024   Code   RO         4307    .text               mc_w.l(init.o)
    0x080003d8   0x080003d8   0x00000002   Code   RO          326    i.BusFault_Handler  stm32f4xx_it.o
    0x080003da   0x080003da   0x00000002   Code   RO          327    i.DebugMon_Handler  stm32f4xx_it.o
    0x080003dc   0x080003dc   0x00000002   Code   RO           37    i.Error_Handler     main.o
    0x080003de   0x080003de   0x00000002   PAD
    0x080003e0   0x080003e0   0x000001c4   Code   RO         1792    i.HAL_GPIO_Init     stm32f4xx_hal_gpio.o
    0x080005a4   0x080005a4   0x0000000e   Code   RO         1794    i.HAL_GPIO_ReadPin  stm32f4xx_hal_gpio.o
    0x080005b2   0x080005b2   0x00000012   Code   RO         1795    i.HAL_GPIO_TogglePin  stm32f4xx_hal_gpio.o
    0x080005c4   0x080005c4   0x0000000e   Code   RO         1796    i.HAL_GPIO_WritePin  stm32f4xx_hal_gpio.o
    0x080005d2   0x080005d2   0x00000002   PAD
    0x080005d4   0x080005d4   0x0000000c   Code   RO         2324    i.HAL_GetTick       stm32f4xx_hal.o
    0x080005e0   0x080005e0   0x00000010   Code   RO         2330    i.HAL_IncTick       stm32f4xx_hal.o
    0x080005f0   0x080005f0   0x00000034   Code   RO         2331    i.HAL_Init          stm32f4xx_hal.o
    0x08000624   0x08000624   0x00000074   Code   RO          414    i.HAL_InitTick      stm32f4xx_hal_timebase_tim.o
    0x08000698   0x08000698   0x00000038   Code   RO          390    i.HAL_MspInit       stm32f4xx_hal_msp.o
    0x080006d0   0x080006d0   0x0000001a   Code   RO         2181    i.HAL_NVIC_EnableIRQ  stm32f4xx_hal_cortex.o
    0x080006ea   0x080006ea   0x00000002   PAD
    0x080006ec   0x080006ec   0x00000040   Code   RO         2187    i.HAL_NVIC_SetPriority  stm32f4xx_hal_cortex.o
    0x0800072c   0x0800072c   0x00000024   Code   RO         2188    i.HAL_NVIC_SetPriorityGrouping  stm32f4xx_hal_cortex.o
    0x08000750   0x08000750   0x00000144   Code   RO         1393    i.HAL_RCC_ClockConfig  stm32f4xx_hal_rcc.o
    0x08000894   0x08000894   0x0000003c   Code   RO         1397    i.HAL_RCC_GetClockConfig  stm32f4xx_hal_rcc.o
    0x080008d0   0x080008d0   0x0000000c   Code   RO         1398    i.HAL_RCC_GetHCLKFreq  stm32f4xx_hal_rcc.o
    0x080008dc   0x080008dc   0x00000020   Code   RO         1401    i.HAL_RCC_GetPCLK2Freq  stm32f4xx_hal_rcc.o
    0x080008fc   0x080008fc   0x00000068   Code   RO         1402    i.HAL_RCC_GetSysClockFreq  stm32f4xx_hal_rcc.o
    0x08000964   0x08000964   0x00000390   Code   RO         1405    i.HAL_RCC_OscConfig  stm32f4xx_hal_rcc.o
    0x08000cf4   0x08000cf4   0x00000002   Code   RO         1141    i.HAL_TIMEx_BreakCallback  stm32f4xx_hal_tim_ex.o
    0x08000cf6   0x08000cf6   0x00000002   Code   RO         1142    i.HAL_TIMEx_CommutCallback  stm32f4xx_hal_tim_ex.o
    0x08000cf8   0x08000cf8   0x00000038   Code   RO          455    i.HAL_TIM_Base_Init  stm32f4xx_hal_tim.o
    0x08000d30   0x08000d30   0x00000002   Code   RO          457    i.HAL_TIM_Base_MspInit  stm32f4xx_hal_tim.o
    0x08000d32   0x08000d32   0x00000022   Code   RO          460    i.HAL_TIM_Base_Start_IT  stm32f4xx_hal_tim.o
    0x08000d54   0x08000d54   0x00000002   Code   RO          484    i.HAL_TIM_IC_CaptureCallback  stm32f4xx_hal_tim.o
    0x08000d56   0x08000d56   0x0000016e   Code   RO          498    i.HAL_TIM_IRQHandler  stm32f4xx_hal_tim.o
    0x08000ec4   0x08000ec4   0x00000002   Code   RO          501    i.HAL_TIM_OC_DelayElapsedCallback  stm32f4xx_hal_tim.o
    0x08000ec6   0x08000ec6   0x00000002   Code   RO          528    i.HAL_TIM_PWM_PulseFinishedCallback  stm32f4xx_hal_tim.o
    0x08000ec8   0x08000ec8   0x00000014   Code   RO           38    i.HAL_TIM_PeriodElapsedCallback  main.o
    0x08000edc   0x08000edc   0x00000002   Code   RO          541    i.HAL_TIM_TriggerCallback  stm32f4xx_hal_tim.o
    0x08000ede   0x08000ede   0x00000002   PAD
    0x08000ee0   0x08000ee0   0x000000b8   Code   RO          328    i.HardFault_Handler  stm32f4xx_it.o
    0x08000f98   0x08000f98   0x00000090   Code   RO           39    i.MX_GPIO_Init      main.o
    0x08001028   0x08001028   0x00000002   Code   RO          329    i.MemManage_Handler  stm32f4xx_it.o
    0x0800102a   0x0800102a   0x00000002   Code   RO          330    i.NMI_Handler       stm32f4xx_it.o
    0x0800102c   0x0800102c   0x00000028   Code   RO           40    i.StartDefaultTask  main.o
    0x08001054   0x08001054   0x00000068   Code   RO           41    i.StartQueuePrintf  main.o
    0x080010bc   0x080010bc   0x0000001c   Code   RO           42    i.StartTask02       main.o
    0x080010d8   0x080010d8   0x0000001c   Code   RO           43    i.StartTask03       main.o
    0x080010f4   0x080010f4   0x0000001c   Code   RO           44    i.StartTask04       main.o
    0x08001110   0x08001110   0x00000034   Code   RO           45    i.StartTask05       main.o
    0x08001144   0x08001144   0x00000088   Code   RO           46    i.StartTask06       main.o
    0x080011cc   0x080011cc   0x00000020   Code   RO           47    i.StartsPrintf_TASK7  main.o
    0x080011ec   0x080011ec   0x0000002c   Code   RO         3922    i.SysTick_Handler   port.o
    0x08001218   0x08001218   0x00000094   Code   RO           48    i.SystemClock_Config  main.o
    0x080012ac   0x080012ac   0x00000054   Code   RO         2567    i.SystemInit        system_stm32f4xx.o
    0x08001300   0x08001300   0x0000000c   Code   RO          331    i.TIM1_UP_TIM10_IRQHandler  stm32f4xx_it.o
    0x0800130c   0x0800130c   0x000000cc   Code   RO          543    i.TIM_Base_SetConfig  stm32f4xx_hal_tim.o
    0x080013d8   0x080013d8   0x00000002   Code   RO          332    i.UsageFault_Handler  stm32f4xx_it.o
    0x080013da   0x080013da   0x00000002   PAD
    0x080013dc   0x080013dc   0x00000020   Code   RO         4104    i.__0printf$3       mc_w.l(printf3.o)
    0x080013fc   0x080013fc   0x00000028   Code   RO         4106    i.__0sprintf$3      mc_w.l(printf3.o)
    0x08001424   0x08001424   0x00000020   Code   RO         2194    i.__NVIC_SetPriority  stm32f4xx_hal_cortex.o
    0x08001444   0x08001444   0x0000000e   Code   RO         4315    i.__scatterload_copy  mc_w.l(handlers.o)
    0x08001452   0x08001452   0x00000002   Code   RO         4316    i.__scatterload_null  mc_w.l(handlers.o)
    0x08001454   0x08001454   0x0000000e   Code   RO         4317    i.__scatterload_zeroinit  mc_w.l(handlers.o)
    0x08001462   0x08001462   0x00000002   PAD
    0x08001464   0x08001464   0x000001b8   Code   RO         4111    i._printf_core      mc_w.l(printf3.o)
    0x0800161c   0x0800161c   0x0000000a   Code   RO         4113    i._sputc            mc_w.l(printf3.o)
    0x08001626   0x08001626   0x00000002   Code   RO          280    i.configureTimerForRunTimeStats  freertos.o
    0x08001628   0x08001628   0x0000006c   Code   RO         3117    i.eTaskGetState     tasks.o
    0x08001694   0x08001694   0x0000001c   Code   RO           10    i.fputc             printf.o
    0x080016b0   0x080016b0   0x00000004   Code   RO          281    i.getRunTimeCounterValue  freertos.o
    0x080016b4   0x080016b4   0x00000010   Code   RO         3491    i.inHandlerMode     cmsis_os.o
    0x080016c4   0x080016c4   0x000000e8   Code   RO           49    i.main              main.o
    0x080017ac   0x080017ac   0x0000000c   Code   RO         3493    i.makeFreeRtosPriority  cmsis_os.o
    0x080017b8   0x080017b8   0x00000010   Code   RO         3495    i.osDelay           cmsis_os.o
    0x080017c8   0x080017c8   0x0000000a   Code   RO         3498    i.osKernelStart     cmsis_os.o
    0x080017d2   0x080017d2   0x00000018   Code   RO         3499    i.osKernelSysTick   cmsis_os.o
    0x080017ea   0x080017ea   0x00000028   Code   RO         3507    i.osMessageCreate   cmsis_os.o
    0x08001812   0x08001812   0x00000002   PAD
    0x08001814   0x08001814   0x00000094   Code   RO         3509    i.osMessageGet      cmsis_os.o
    0x080018a8   0x080018a8   0x00000060   Code   RO         3511    i.osMessagePut      cmsis_os.o
    0x08001908   0x08001908   0x00000058   Code   RO         3532    i.osThreadCreate    cmsis_os.o
    0x08001960   0x08001960   0x0000000a   Code   RO         3535    i.osThreadList      cmsis_os.o
    0x0800196a   0x0800196a   0x0000000a   Code   RO         3541    i.osThreadTerminate  cmsis_os.o
    0x08001974   0x08001974   0x00000070   Code   RO         3119    i.prvAddCurrentTaskToDelayedList  tasks.o
    0x080019e4   0x080019e4   0x0000008c   Code   RO         3120    i.prvAddNewTaskToReadyList  tasks.o
    0x08001a70   0x08001a70   0x0000003c   Code   RO         3121    i.prvCheckTasksWaitingTermination  tasks.o
    0x08001aac   0x08001aac   0x00000028   Code   RO         2757    i.prvCopyDataFromQueue  queue.o
    0x08001ad4   0x08001ad4   0x0000006e   Code   RO         2758    i.prvCopyDataToQueue  queue.o
    0x08001b42   0x08001b42   0x00000040   Code   RO         3122    i.prvDeleteTCB      tasks.o
    0x08001b82   0x08001b82   0x00000002   PAD
    0x08001b84   0x08001b84   0x0000004c   Code   RO         3860    i.prvHeapInit       heap_4.o
    0x08001bd0   0x08001bd0   0x00000028   Code   RO         3123    i.prvIdleTask       tasks.o
    0x08001bf8   0x08001bf8   0x00000022   Code   RO         2761    i.prvInitialiseNewQueue  queue.o
    0x08001c1a   0x08001c1a   0x0000009c   Code   RO         3124    i.prvInitialiseNewTask  tasks.o
    0x08001cb6   0x08001cb6   0x00000002   PAD
    0x08001cb8   0x08001cb8   0x00000058   Code   RO         3125    i.prvInitialiseTaskLists  tasks.o
    0x08001d10   0x08001d10   0x00000054   Code   RO         3861    i.prvInsertBlockIntoFreeList  heap_4.o
    0x08001d64   0x08001d64   0x0000001a   Code   RO         2762    i.prvIsQueueEmpty   queue.o
    0x08001d7e   0x08001d7e   0x0000001e   Code   RO         2763    i.prvIsQueueFull    queue.o
    0x08001d9c   0x08001d9c   0x0000005c   Code   RO         3126    i.prvListTasksWithinSingleList  tasks.o
    0x08001df8   0x08001df8   0x00000024   Code   RO         3127    i.prvResetNextTaskUnblockTime  tasks.o
    0x08001e1c   0x08001e1c   0x00000014   Code   RO         3128    i.prvTaskCheckFreeStackSpace  tasks.o
    0x08001e30   0x08001e30   0x0000002c   Code   RO         3923    i.prvTaskExitError  port.o
    0x08001e5c   0x08001e5c   0x0000006a   Code   RO         2764    i.prvUnlockQueue    queue.o
    0x08001ec6   0x08001ec6   0x00000024   Code   RO         3130    i.prvWriteNameToBuffer  tasks.o
    0x08001eea   0x08001eea   0x00000002   PAD
    0x08001eec   0x08001eec   0x000000d4   Code   RO         3862    i.pvPortMalloc      heap_4.o
    0x08001fc0   0x08001fc0   0x00000024   Code   RO         3924    i.pxPortInitialiseStack  port.o
    0x08001fe4   0x08001fe4   0x00000026   Code   RO         2717    i.uxListRemove      list.o
    0x0800200a   0x0800200a   0x00000002   PAD
    0x0800200c   0x0800200c   0x000000ac   Code   RO         3134    i.uxTaskGetSystemState  tasks.o
    0x080020b8   0x080020b8   0x00000014   Code   RO          282    i.vApplicationGetIdleTaskMemory  freertos.o
    0x080020cc   0x080020cc   0x00000016   Code   RO         2718    i.vListInitialise   list.o
    0x080020e2   0x080020e2   0x00000006   Code   RO         2719    i.vListInitialiseItem  list.o
    0x080020e8   0x080020e8   0x00000030   Code   RO         2720    i.vListInsert       list.o
    0x08002118   0x08002118   0x00000018   Code   RO         2721    i.vListInsertEnd    list.o
    0x08002130   0x08002130   0x00000040   Code   RO         3926    i.vPortEnterCritical  port.o
    0x08002170   0x08002170   0x0000002c   Code   RO         3927    i.vPortExitCritical  port.o
    0x0800219c   0x0800219c   0x0000005c   Code   RO         3863    i.vPortFree         heap_4.o
    0x080021f8   0x080021f8   0x00000024   Code   RO         3928    i.vPortSetupTimerInterrupt  port.o
    0x0800221c   0x0800221c   0x00000054   Code   RO         3929    i.vPortValidateInterruptPriority  port.o
    0x08002270   0x08002270   0x00000050   Code   RO         3139    i.vTaskDelay        tasks.o
    0x080022c0   0x080022c0   0x000000ac   Code   RO         3140    i.vTaskDelete       tasks.o
    0x0800236c   0x0800236c   0x00000078   Code   RO         3142    i.vTaskGetInfo      tasks.o
    0x080023e4   0x080023e4   0x00000010   Code   RO         3144    i.vTaskInternalSetTimeOutState  tasks.o
    0x080023f4   0x080023f4   0x000000c0   Code   RO         3145    i.vTaskList         tasks.o
    0x080024b4   0x080024b4   0x0000000c   Code   RO         3146    i.vTaskMissedYield  tasks.o
    0x080024c0   0x080024c0   0x00000034   Code   RO         3148    i.vTaskPlaceOnEventList  tasks.o
    0x080024f4   0x080024f4   0x0000008c   Code   RO         3156    i.vTaskStartScheduler  tasks.o
    0x08002580   0x08002580   0x00000010   Code   RO         3158    i.vTaskSuspendAll   tasks.o
    0x08002590   0x08002590   0x00000078   Code   RO         3159    i.vTaskSwitchContext  tasks.o
    0x08002608   0x08002608   0x000000f4   Code   RO         3930    i.xPortStartScheduler  port.o
    0x080026fc   0x080026fc   0x0000004a   Code   RO         2776    i.xQueueGenericCreate  queue.o
    0x08002746   0x08002746   0x0000006c   Code   RO         2777    i.xQueueGenericCreateStatic  queue.o
    0x080027b2   0x080027b2   0x00000002   PAD
    0x080027b4   0x080027b4   0x0000008c   Code   RO         2778    i.xQueueGenericReset  queue.o
    0x08002840   0x08002840   0x00000164   Code   RO         2779    i.xQueueGenericSend  queue.o
    0x080029a4   0x080029a4   0x000000be   Code   RO         2780    i.xQueueGenericSendFromISR  queue.o
    0x08002a62   0x08002a62   0x00000002   PAD
    0x08002a64   0x08002a64   0x0000013c   Code   RO         2786    i.xQueueReceive     queue.o
    0x08002ba0   0x08002ba0   0x0000009c   Code   RO         2787    i.xQueueReceiveFromISR  queue.o
    0x08002c3c   0x08002c3c   0x0000007c   Code   RO         3160    i.xTaskCheckForTimeOut  tasks.o
    0x08002cb8   0x08002cb8   0x00000064   Code   RO         3161    i.xTaskCreate       tasks.o
    0x08002d1c   0x08002d1c   0x0000005c   Code   RO         3162    i.xTaskCreateStatic  tasks.o
    0x08002d78   0x08002d78   0x0000001c   Code   RO         3166    i.xTaskGetSchedulerState  tasks.o
    0x08002d94   0x08002d94   0x0000000c   Code   RO         3167    i.xTaskGetTickCount  tasks.o
    0x08002da0   0x08002da0   0x00000010   Code   RO         3168    i.xTaskGetTickCountFromISR  tasks.o
    0x08002db0   0x08002db0   0x000000cc   Code   RO         3169    i.xTaskIncrementTick  tasks.o
    0x08002e7c   0x08002e7c   0x00000098   Code   RO         3172    i.xTaskPriorityDisinherit  tasks.o
    0x08002f14   0x08002f14   0x0000007c   Code   RO         3174    i.xTaskRemoveFromEventList  tasks.o
    0x08002f90   0x08002f90   0x000000cc   Code   RO         3175    i.xTaskResumeAll    tasks.o
    0x0800305c   0x0800305c   0x00000128   Data   RO           52    .constdata          main.o
    0x08003184   0x08003184   0x00000010   Data   RO         2568    .constdata          system_stm32f4xx.o
    0x08003194   0x08003194   0x00000008   Data   RO         2569    .constdata          system_stm32f4xx.o
    0x0800319c   0x0800319c   0x00000064   Data   RO           53    .conststring        main.o
    0x08003200   0x08003200   0x00000020   Data   RO         4313    Region$$Table       anon$$obj.o


    Execution Region RW_IRAM1 (Exec base: 0x20000000, Load base: 0x08003220, Size: 0x00006168, Max: 0x00020000, ABSOLUTE)

    Exec Addr    Load Addr    Size         Type   Attr      Idx    E Section Name        Object

    0x20000000   0x08003220   0x00000004   Data   RW           11    .data               printf.o
    0x20000004   0x08003224   0x00000028   Data   RW           54    .data               main.o
    0x2000002c   0x0800324c   0x0000000c   Data   RW         2338    .data               stm32f4xx_hal.o
    0x20000038   0x08003258   0x00000004   Data   RW         2570    .data               system_stm32f4xx.o
    0x2000003c   0x0800325c   0x00000044   Data   RW         3178    .data               tasks.o
    0x20000080   0x080032a0   0x00000018   Data   RW         3868    .data               heap_4.o
    0x20000098   0x080032b8   0x0000000c   Data   RW         3931    .data               port.o
    0x200000a4        -       0x00000130   Zero   RW           51    .bss                main.o
    0x200001d4        -       0x00000260   Zero   RW          283    .bss                freertos.o
    0x20000434        -       0x00000040   Zero   RW          417    .bss                stm32f4xx_hal_timebase_tim.o
    0x20000474        -       0x000000f0   Zero   RW         3177    .bss                tasks.o
    0x20000564        -       0x00003c00   Zero   RW         3867    .bss                heap_4.o
    0x20004164   0x080032c4   0x00000004   PAD
    0x20004168        -       0x00002000   Zero   RW            1    STACK               startup_stm32f407xx.o


==============================================================================

Image component sizes


      Code (inc. data)   RO Data    RW Data    ZI Data      Debug   Object Name

       470          8          0          0          0      32212   cmsis_os.o
         0          0          0          0          0      18036   event_groups.o
        26          4          0          0        608       2105   freertos.o
       464         22          0         24      15360       7319   heap_4.o
       138          0          0          0          0       3446   list.o
       994        154        396         40        304     717538   main.o
       786         84          0         12          0      11701   port.o
        28          6          0          4          0       3882   printf.o
      1686         16          0          0          0      15613   queue.o
        36          8        392          0       8192        816   startup_stm32f407xx.o
        80         14          0         12          0       3146   stm32f4xx_hal.o
       158         14          0          0          0      33146   stm32f4xx_hal_cortex.o
       498         46          0          0          0       3728   stm32f4xx_hal_gpio.o
        56          4          0          0          0        790   stm32f4xx_hal_msp.o
      1444         66          0          0          0       6142   stm32f4xx_hal_rcc.o
       670         44          0          0          0       6282   stm32f4xx_hal_tim.o
         4          0          0          0          0       1509   stm32f4xx_hal_tim_ex.o
       116         16          0          0         64       1371   stm32f4xx_hal_timebase_tim.o
       206         14          0          0          0       3840   stm32f4xx_it.o
         0          0          0          0          0        392   stream_buffer.o
        84         18         24          4          0       1099   system_stm32f4xx.o
      3100        238          0         68        240      31227   tasks.o

    ----------------------------------------------------------------------
     11070        776        844        164      24772     905340   Object Totals
         0          0         32          0          0          0   (incl. Generated)
        26          0          0          0          4          0   (incl. Padding)

    ----------------------------------------------------------------------

      Code (inc. data)   RO Data    RW Data    ZI Data      Debug   Library Member Name

         0          0          0          0          0          0   entry.o
         0          0          0          0          0          0   entry10a.o
         0          0          0          0          0          0   entry11a.o
         8          4          0          0          0          0   entry2.o
         4          0          0          0          0          0   entry5.o
         0          0          0          0          0          0   entry7b.o
         0          0          0          0          0          0   entry8b.o
         8          4          0          0          0          0   entry9a.o
        30          0          0          0          0          0   handlers.o
        36          8          0          0          0         68   init.o
        30          0          0          0          0         68   llshl.o
        32          0          0          0          0         68   llushr.o
        36          0          0          0          0         68   memcpya.o
        36          0          0          0          0        108   memseta.o
       522         20          0          0          0        336   printf3.o
        18          0          0          0          0         68   strcpy.o
        14          0          0          0          0         68   strlen.o
        44          0          0          0          0         80   uidiv.o
        98          0          0          0          0         92   uldiv.o

    ----------------------------------------------------------------------
       918         36          0          0          0       1024   Library Totals
         2          0          0          0          0          0   (incl. Padding)

    ----------------------------------------------------------------------

      Code (inc. data)   RO Data    RW Data    ZI Data      Debug   Library Name

       916         36          0          0          0       1024   mc_w.l

    ----------------------------------------------------------------------
       918         36          0          0          0       1024   Library Totals

    ----------------------------------------------------------------------

==============================================================================


      Code (inc. data)   RO Data    RW Data    ZI Data      Debug   

     11988        812        844        164      24772     893700   Grand Totals
     11988        812        844        164      24772     893700   ELF Image Totals
     11988        812        844        164          0          0   ROM Totals

==============================================================================

    Total RO  Size (Code + RO Data)                12832 (  12.53kB)
    Total RW  Size (RW Data + ZI Data)             24936 (  24.35kB)
    Total ROM Size (Code + RO Data + RW Data)      12996 (  12.69kB)

==============================================================================

