Component: ARM Compiler 5.06 update 6 (build 750) Tool: armlink [4d35ed]

==============================================================================

Section Cross References

    startup_stm32f407xx.o(RESET) refers to startup_stm32f407xx.o(STACK) for __initial_sp
    startup_stm32f407xx.o(RESET) refers to startup_stm32f407xx.o(.text) for Reset_Handler
    startup_stm32f407xx.o(RESET) refers to stm32f4xx_it.o(i.NMI_Handler) for NMI_Handler
    startup_stm32f407xx.o(RESET) refers to stm32f4xx_it.o(i.HardFault_Handler) for HardFault_Handler
    startup_stm32f407xx.o(RESET) refers to stm32f4xx_it.o(i.MemManage_Handler) for MemManage_Handler
    startup_stm32f407xx.o(RESET) refers to stm32f4xx_it.o(i.BusFault_Handler) for BusFault_Handler
    startup_stm32f407xx.o(RESET) refers to stm32f4xx_it.o(i.UsageFault_Handler) for UsageFault_Handler
    startup_stm32f407xx.o(RESET) refers to port.o(.emb_text) for SVC_Handler
    startup_stm32f407xx.o(RESET) refers to stm32f4xx_it.o(i.DebugMon_Handler) for DebugMon_Handler
    startup_stm32f407xx.o(RESET) refers to port.o(i.SysTick_Handler) for SysTick_Handler
    startup_stm32f407xx.o(RESET) refers to stm32f4xx_it.o(i.TIM1_UP_TIM10_IRQHandler) for TIM1_UP_TIM10_IRQHandler
    startup_stm32f407xx.o(.text) refers to system_stm32f4xx.o(i.SystemInit) for SystemInit
    startup_stm32f407xx.o(.text) refers to entry.o(.ARM.Collect$$$$00000000) for __main
    main.o(i.HAL_TIM_PeriodElapsedCallback) refers to stm32f4xx_hal.o(i.HAL_IncTick) for HAL_IncTick
    main.o(i.MX_GPIO_Init) refers to memseta.o(.text) for __aeabi_memclr4
    main.o(i.MX_GPIO_Init) refers to stm32f4xx_hal_gpio.o(i.HAL_GPIO_WritePin) for HAL_GPIO_WritePin
    main.o(i.MX_GPIO_Init) refers to stm32f4xx_hal_gpio.o(i.HAL_GPIO_Init) for HAL_GPIO_Init
    main.o(i.StartDefaultTask) refers to cmsis_os.o(i.osThreadList) for osThreadList
    main.o(i.StartDefaultTask) refers to memcpya.o(.text) for __aeabi_memcpy4
    main.o(i.StartDefaultTask) refers to cmsis_os.o(i.osThreadCreate) for osThreadCreate
    main.o(i.StartDefaultTask) refers to cmsis_os.o(i.osDelay) for osDelay
    main.o(i.StartDefaultTask) refers to main.o(.bss) for .bss
    main.o(i.StartDefaultTask) refers to main.o(.data) for .data
    main.o(i.StartDefaultTask) refers to main.o(.constdata) for .constdata
    main.o(i.StartTask02) refers to stm32f4xx_hal_gpio.o(i.HAL_GPIO_TogglePin) for HAL_GPIO_TogglePin
    main.o(i.StartTask02) refers to cmsis_os.o(i.osDelay) for osDelay
    main.o(i.StartTask03) refers to stm32f4xx_hal_gpio.o(i.HAL_GPIO_TogglePin) for HAL_GPIO_TogglePin
    main.o(i.StartTask03) refers to cmsis_os.o(i.osDelay) for osDelay
    main.o(i.StartTask04) refers to stm32f4xx_hal_gpio.o(i.HAL_GPIO_TogglePin) for HAL_GPIO_TogglePin
    main.o(i.StartTask04) refers to cmsis_os.o(i.osDelay) for osDelay
    main.o(i.StartTask05) refers to stm32f4xx_hal_gpio.o(i.HAL_GPIO_TogglePin) for HAL_GPIO_TogglePin
    main.o(i.StartTask05) refers to cmsis_os.o(i.osDelay) for osDelay
    main.o(i.StartTask06) refers to stm32f4xx_hal_gpio.o(i.HAL_GPIO_ReadPin) for HAL_GPIO_ReadPin
    main.o(i.StartTask06) refers to cmsis_os.o(i.osThreadTerminate) for osThreadTerminate
    main.o(i.StartTask06) refers to printf3.o(i.__0printf$3) for __2printf
    main.o(i.StartTask06) refers to memcpya.o(.text) for __aeabi_memcpy4
    main.o(i.StartTask06) refers to cmsis_os.o(i.osThreadCreate) for osThreadCreate
    main.o(i.StartTask06) refers to cmsis_os.o(i.osDelay) for osDelay
    main.o(i.StartTask06) refers to main.o(.data) for .data
    main.o(i.StartTask06) refers to main.o(.constdata) for .constdata
    main.o(i.StartsPrintf_TASK7) refers to printf3.o(i.__0printf$3) for __2printf
    main.o(i.StartsPrintf_TASK7) refers to cmsis_os.o(i.osThreadTerminate) for osThreadTerminate
    main.o(i.StartsPrintf_TASK7) refers to main.o(.data) for .data
    main.o(i.SystemClock_Config) refers to memseta.o(.text) for __aeabi_memclr4
    main.o(i.SystemClock_Config) refers to stm32f4xx_hal_rcc.o(i.HAL_RCC_OscConfig) for HAL_RCC_OscConfig
    main.o(i.SystemClock_Config) refers to main.o(i.Error_Handler) for Error_Handler
    main.o(i.SystemClock_Config) refers to stm32f4xx_hal_rcc.o(i.HAL_RCC_ClockConfig) for HAL_RCC_ClockConfig
    main.o(i.main) refers to stm32f4xx_hal.o(i.HAL_Init) for HAL_Init
    main.o(i.main) refers to main.o(i.SystemClock_Config) for SystemClock_Config
    main.o(i.main) refers to main.o(i.MX_GPIO_Init) for MX_GPIO_Init
    main.o(i.main) refers to memcpya.o(.text) for __aeabi_memcpy4
    main.o(i.main) refers to cmsis_os.o(i.osThreadCreate) for osThreadCreate
    main.o(i.main) refers to cmsis_os.o(i.osKernelStart) for osKernelStart
    main.o(i.main) refers to main.o(.constdata) for .constdata
    main.o(i.main) refers to main.o(.data) for .data
    main.o(.constdata) refers to main.o(.conststring) for .conststring
    main.o(.constdata) refers to main.o(i.StartDefaultTask) for StartDefaultTask
[...]
    Removing stm32f4xx_hal_dma.o(i.DMA_SetConfig), (42 bytes).
    Removing stm32f4xx_hal_dma.o(i.HAL_DMA_Abort), (142 bytes).
    Removing stm32f4xx_hal_dma.o(i.HAL_DMA_Abort_IT), (36 bytes).
    Removing stm32f4xx_hal_dma.o(i.HAL_DMA_DeInit), (90 bytes).
    Removing stm32f4xx_hal_dma.o(i.HAL_DMA_GetError), (4 bytes).
    Removing stm32f4xx_hal_dma.o(i.HAL_DMA_GetState), (6 bytes).
    Removing stm32f4xx_hal_dma.o(i.HAL_DMA_IRQHandler), (464 bytes).
    Removing stm32f4xx_hal_dma.o(i.HAL_DMA_Init), (212 bytes).
    Removing stm32f4xx_hal_dma.o(i.HAL_DMA_PollForTransfer), (286 bytes).
    Removing stm32f4xx_hal_dma.o(i.HAL_DMA_RegisterCallback), (80 bytes).
    Removing stm32f4xx_hal_dma.o(i.HAL_DMA_Start), (70 bytes).
    Removing stm32f4xx_hal_dma.o(i.HAL_DMA_Start_IT), (120 bytes).
    Removing stm32f4xx_hal_dma.o(i.HAL_DMA_UnRegisterCallback), (100 bytes).
    Removing stm32f4xx_hal_dma.o(.constdata), (8 bytes).
    Removing stm32f4xx_hal_pwr.o(.rev16_text), (4 bytes).
    Removing stm32f4xx_hal_pwr.o(.revsh_text), (4 bytes).
    Removing stm32f4xx_hal_pwr.o(.rrx_text), (6 bytes).
    Removing stm32f4xx_hal_pwr.o(i.HAL_PWR_ConfigPVD), (124 bytes).
    Removing stm32f4xx_hal_pwr.o(i.HAL_PWR_DeInit), (24 bytes).
    Removing stm32f4xx_hal_pwr.o(i.HAL_PWR_DisableBkUpAccess), (12 bytes).
    Removing stm32f4xx_hal_pwr.o(i.HAL_PWR_DisablePVD), (12 bytes).
    Removing stm32f4xx_hal_pwr.o(i.HAL_PWR_DisableSEVOnPend), (16 bytes).
    Removing stm32f4xx_hal_pwr.o(i.HAL_PWR_DisableSleepOnExit), (16 bytes).
    Removing stm32f4xx_hal_pwr.o(i.HAL_PWR_DisableWakeUpPin), (16 bytes).
    Removing stm32f4xx_hal_pwr.o(i.HAL_PWR_EnableBkUpAccess), (12 bytes).
    Removing stm32f4xx_hal_pwr.o(i.HAL_PWR_EnablePVD), (12 bytes).
    Removing stm32f4xx_hal_pwr.o(i.HAL_PWR_EnableSEVOnPend), (16 bytes).
    Removing stm32f4xx_hal_pwr.o(i.HAL_PWR_EnableSleepOnExit), (16 bytes).
    Removing stm32f4xx_hal_pwr.o(i.HAL_PWR_EnableWakeUpPin), (16 bytes).
    Removing stm32f4xx_hal_pwr.o(i.HAL_PWR_EnterSLEEPMode), (32 bytes).
    Removing stm32f4xx_hal_pwr.o(i.HAL_PWR_EnterSTANDBYMode), (32 bytes).
    Removing stm32f4xx_hal_pwr.o(i.HAL_PWR_EnterSTOPMode), (56 bytes).
    Removing stm32f4xx_hal_pwr.o(i.HAL_PWR_PVDCallback), (2 bytes).
    Removing stm32f4xx_hal_pwr.o(i.HAL_PWR_PVD_IRQHandler), (28 bytes).
    Removing stm32f4xx_hal_pwr_ex.o(.rev16_text), (4 bytes).
    Removing stm32f4xx_hal_pwr_ex.o(.revsh_text), (4 bytes).
    Removing stm32f4xx_hal_pwr_ex.o(.rrx_text), (6 bytes).
    Removing stm32f4xx_hal_pwr_ex.o(i.HAL_PWREx_ControlVoltageScaling), (88 bytes).
    Removing stm32f4xx_hal_pwr_ex.o(i.HAL_PWREx_DisableBkUpReg), (56 bytes).
    Removing stm32f4xx_hal_pwr_ex.o(i.HAL_PWREx_DisableFlashPowerDown), (12 bytes).
    Removing stm32f4xx_hal_pwr_ex.o(i.HAL_PWREx_EnableBkUpReg), (56 bytes).
    Removing stm32f4xx_hal_pwr_ex.o(i.HAL_PWREx_EnableFlashPowerDown), (12 bytes).
    Removing stm32f4xx_hal_pwr_ex.o(i.HAL_PWREx_GetVoltageRange), (16 bytes).
    Removing stm32f4xx_hal_cortex.o(.rev16_text), (4 bytes).
    Removing stm32f4xx_hal_cortex.o(.revsh_text), (4 bytes).
    Removing stm32f4xx_hal_cortex.o(.rrx_text), (6 bytes).
    Removing stm32f4xx_hal_cortex.o(i.HAL_MPU_ConfigRegion), (88 bytes).
    Removing stm32f4xx_hal_cortex.o(i.HAL_MPU_Disable), (28 bytes).
    Removing stm32f4xx_hal_cortex.o(i.HAL_MPU_Enable), (36 bytes).
    Removing stm32f4xx_hal_cortex.o(i.HAL_NVIC_ClearPendingIRQ), (22 bytes).
    Removing stm32f4xx_hal_cortex.o(i.HAL_NVIC_DisableIRQ), (22 bytes).
    Removing stm32f4xx_hal_cortex.o(i.HAL_NVIC_GetActive), (32 bytes).
    Removing stm32f4xx_hal_cortex.o(i.HAL_NVIC_GetPendingIRQ), (32 bytes).
    Removing stm32f4xx_hal_cortex.o(i.HAL_NVIC_GetPriority), (86 bytes).
    Removing stm32f4xx_hal_cortex.o(i.HAL_NVIC_GetPriorityGrouping), (16 bytes).
    Removing stm32f4xx_hal_cortex.o(i.HAL_NVIC_SetPendingIRQ), (22 bytes).
    Removing stm32f4xx_hal_cortex.o(i.HAL_NVIC_SystemReset), (36 bytes).
    Removing stm32f4xx_hal_cortex.o(i.HAL_SYSTICK_CLKSourceConfig), (28 bytes).
    Removing stm32f4xx_hal_cortex.o(i.HAL_SYSTICK_Callback), (2 bytes).
    Removing stm32f4xx_hal_cortex.o(i.HAL_SYSTICK_Config), (40 bytes).
    Removing stm32f4xx_hal_cortex.o(i.HAL_SYSTICK_IRQHandler), (8 bytes).
    Removing stm32f4xx_hal.o(.rev16_text), (4 bytes).
    Removing stm32f4xx_hal.o(.revsh_text), (4 bytes).
    Removing stm32f4xx_hal.o(.rrx_text), (6 bytes).
    Removing stm32f4xx_hal.o(i.HAL_DBGMCU_DisableDBGSleepMode), (16 bytes).
    Removing stm32f4xx_hal.o(i.HAL_DBGMCU_DisableDBGStandbyMode), (16 bytes).
    Removing stm32f4xx_hal.o(i.HAL_DBGMCU_DisableDBGStopMode), (16 bytes).
    Removing stm32f4xx_hal.o(i.HAL_DBGMCU_EnableDBGSleepMode), (16 bytes).
    Removing stm32f4xx_hal.o(i.HAL_DBGMCU_EnableDBGStandbyMode), (16 bytes).
    Removing stm32f4xx_hal.o(i.HAL_DBGMCU_EnableDBGStopMode), (16 bytes).
    Removing stm32f4xx_hal.o(i.HAL_DeInit), (52 bytes).
    Removing stm32f4xx_hal.o(i.HAL_Delay), (36 bytes).
    Removing stm32f4xx_hal.o(i.HAL_DisableCompensationCell), (12 bytes).
    Removing stm32f4xx_hal.o(i.HAL_EnableCompensationCell), (12 bytes).
    Removing stm32f4xx_hal.o(i.HAL_GetDEVID), (16 bytes).
    Removing stm32f4xx_hal.o(i.HAL_GetHalVersion), (8 bytes).
    Removing stm32f4xx_hal.o(i.HAL_GetREVID), (12 bytes).
    Removing stm32f4xx_hal.o(i.HAL_GetTickFreq), (12 bytes).
    Removing stm32f4xx_hal.o(i.HAL_GetTickPrio), (12 bytes).
    Removing stm32f4xx_hal.o(i.HAL_GetUID), (28 bytes).
    Removing stm32f4xx_hal.o(i.HAL_InitTick), (68 bytes).
    Removing stm32f4xx_hal.o(i.HAL_MspDeInit), (2 bytes).
    Removing stm32f4xx_hal.o(i.HAL_MspInit), (2 bytes).
    Removing stm32f4xx_hal.o(i.HAL_ResumeTick), (14 bytes).
    Removing stm32f4xx_hal.o(i.HAL_SetTickFreq), (28 bytes).
    Removing stm32f4xx_hal.o(i.HAL_SuspendTick), (14 bytes).
    Removing system_stm32f4xx.o(.rev16_text), (4 bytes).
    Removing system_stm32f4xx.o(.revsh_text), (4 bytes).
    Removing system_stm32f4xx.o(.rrx_text), (6 bytes).
    Removing system_stm32f4xx.o(i.SystemCoreClockUpdate), (136 bytes).
    Removing event_groups.o(i.prvTestWaitCondition), (24 bytes).
    Removing event_groups.o(i.uxEventGroupGetNumber), (12 bytes).
    Removing event_groups.o(i.vEventGroupClearBitsCallback), (4 bytes).
    Removing event_groups.o(i.vEventGroupDelete), (70 bytes).
    Removing event_groups.o(i.vEventGroupSetBitsCallback), (4 bytes).
    Removing event_groups.o(i.xEventGroupClearBits), (66 bytes).
    Removing event_groups.o(i.xEventGroupCreate), (26 bytes).
    Removing event_groups.o(i.xEventGroupGetBitsFromISR), (26 bytes).
    Removing event_groups.o(i.xEventGroupSetBits), (160 bytes).
    Removing event_groups.o(i.xEventGroupSync), (200 bytes).
    Removing event_groups.o(i.xEventGroupWaitBits), (264 bytes).
    Removing queue.o(i.pcQueueGetName), (40 bytes).
    Removing queue.o(i.prvCopyDataFromQueue), (40 bytes).
    Removing queue.o(i.prvCopyDataToQueue), (110 bytes).
    Removing queue.o(i.prvInitialiseMutex), (24 bytes).
    Removing queue.o(i.prvInitialiseNewQueue), (34 bytes).
    Removing queue.o(i.prvIsQueueEmpty), (26 bytes).
    Removing queue.o(i.prvIsQueueFull), (30 bytes).
    Removing queue.o(i.prvUnlockQueue), (106 bytes).
    Removing queue.o(i.ucQueueGetQueueType), (6 bytes).
    Removing queue.o(i.uxQueueGetQueueNumber), (4 bytes).
    Removing queue.o(i.uxQueueMessagesWaiting), (38 bytes).
    Removing queue.o(i.uxQueueMessagesWaitingFromISR), (24 bytes).
    Removing queue.o(i.uxQueueSpacesAvailable), (42 bytes).
    Removing queue.o(i.vQueueAddToRegistry), (36 bytes).
    Removing queue.o(i.vQueueDelete), (40 bytes).
    Removing queue.o(i.vQueueSetQueueNumber), (4 bytes).
    Removing queue.o(i.vQueueUnregisterQueue), (40 bytes).
    Removing queue.o(i.xQueueCreateMutex), (24 bytes).
    Removing queue.o(i.xQueueGenericCreate), (68 bytes).
    Removing queue.o(i.xQueueGenericReceive), (392 bytes).
    Removing queue.o(i.xQueueGenericReset), (140 bytes).
    Removing queue.o(i.xQueueGenericSend), (356 bytes).
    Removing queue.o(i.xQueueGenericSendFromISR), (190 bytes).
    Removing queue.o(i.xQueueGiveFromISR), (158 bytes).
    Removing queue.o(i.xQueueIsQueueEmptyFromISR), (32 bytes).
    Removing queue.o(i.xQueueIsQueueFullFromISR), (36 bytes).
    Removing queue.o(i.xQueuePeekFromISR), (124 bytes).
    Removing queue.o(i.xQueueReceiveFromISR), (156 bytes).
    Removing queue.o(.bss), (64 bytes).
    Removing tasks.o(i.pcTaskGetName), (36 bytes).
    Removing tasks.o(i.prvTaskIsTaskSuspended), (56 bytes).
    Removing tasks.o(i.pvTaskIncrementMutexHeldCount), (24 bytes).
    Removing tasks.o(i.ulTaskNotifyTake), (104 bytes).
    Removing tasks.o(i.uxTaskGetNumberOfTasks), (12 bytes).
    Removing tasks.o(i.uxTaskGetTaskNumber), (12 bytes).
    Removing tasks.o(i.uxTaskPriorityGet), (28 bytes).
    Removing tasks.o(i.uxTaskPriorityGetFromISR), (44 bytes).
    Removing tasks.o(i.uxTaskResetEventItemValue), (24 bytes).
    Removing tasks.o(i.vTaskEndScheduler), (28 bytes).
    Removing tasks.o(i.vTaskGetRunTimeStats), (192 bytes).
    Removing tasks.o(i.vTaskMissedYield), (12 bytes).
    Removing tasks.o(i.vTaskNotifyGiveFromISR), (188 bytes).
    Removing tasks.o(i.vTaskPlaceOnEventList), (52 bytes).
    Removing tasks.o(i.vTaskPlaceOnUnorderedEventList), (80 bytes).
    Removing tasks.o(i.vTaskPriorityInherit), (136 bytes).
    Removing tasks.o(i.vTaskPrioritySet), (200 bytes).
    Removing tasks.o(i.vTaskResume), (128 bytes).
    Removing tasks.o(i.vTaskSetTaskNumber), (8 bytes).
    Removing tasks.o(i.vTaskSetTimeOutState), (36 bytes).
    Removing tasks.o(i.vTaskSuspend), (176 bytes).
    Removing tasks.o(i.xTaskCheckForTimeOut), (116 bytes).
    Removing tasks.o(i.xTaskGenericNotify), (208 bytes).
    Removing tasks.o(i.xTaskGenericNotifyFromISR), (256 bytes).
    Removing tasks.o(i.xTaskGetCurrentTaskHandle), (12 bytes).
    Removing tasks.o(i.xTaskGetSchedulerState), (28 bytes).
    Removing tasks.o(i.xTaskGetTickCount), (12 bytes).
    Removing tasks.o(i.xTaskGetTickCountFromISR), (16 bytes).
    Removing tasks.o(i.xTaskNotifyStateClear), (52 bytes).
    Removing tasks.o(i.xTaskNotifyWait), (144 bytes).
    Removing tasks.o(i.xTaskPriorityDisinherit), (152 bytes).
    Removing tasks.o(i.xTaskRemoveFromEventList), (124 bytes).
    Removing tasks.o(i.xTaskRemoveFromUnorderedEventList), (120 bytes).
    Removing tasks.o(i.xTaskResumeFromISR), (144 bytes).
    Removing cmsis_os.o(.rev16_text), (4 bytes).
    Removing cmsis_os.o(.revsh_text), (4 bytes).
    Removing cmsis_os.o(i.inHandlerMode), (16 bytes).
    Removing cmsis_os.o(i.makeCmsisPriority), (14 bytes).
    Removing cmsis_os.o(i.osAbortDelay), (4 bytes).
    Removing cmsis_os.o(i.osDelayUntil), (4 bytes).
    Removing cmsis_os.o(i.osKernelRunning), (18 bytes).
    Removing cmsis_os.o(i.osKernelSysTick), (24 bytes).
    Removing cmsis_os.o(i.osMailAlloc), (14 bytes).
    Removing cmsis_os.o(i.osMailCAlloc), (34 bytes).
    Removing cmsis_os.o(i.osMailCreate), (100 bytes).
    Removing cmsis_os.o(i.osMailFree), (14 bytes).
    Removing cmsis_os.o(i.osMailGet), (148 bytes).
    Removing cmsis_os.o(i.osMailPut), (96 bytes).
    Removing cmsis_os.o(i.osMessageAvailableSpace), (4 bytes).
    Removing cmsis_os.o(i.osMessageCreate), (8 bytes).
    Removing cmsis_os.o(i.osMessageDelete), (24 bytes).
    Removing cmsis_os.o(i.osMessageGet), (152 bytes).
    Removing cmsis_os.o(i.osMessagePeek), (78 bytes).
    Removing cmsis_os.o(i.osMessagePut), (96 bytes).
    Removing cmsis_os.o(i.osMessageWaiting), (30 bytes).
    Removing cmsis_os.o(i.osMutexCreate), (6 bytes).
    Removing cmsis_os.o(i.osMutexDelete), (24 bytes).
    Removing cmsis_os.o(i.osMutexRelease), (80 bytes).
    Removing cmsis_os.o(i.osMutexWait), (108 bytes).
    Removing cmsis_os.o(i.osPoolAlloc), (104 bytes).
    Removing cmsis_os.o(i.osPoolCAlloc), (16 bytes).
    Removing cmsis_os.o(i.osPoolCreate), (106 bytes).
    Removing cmsis_os.o(i.osPoolFree), (66 bytes).
    Removing cmsis_os.o(i.osRecursiveMutexCreate), (4 bytes).
    Removing cmsis_os.o(i.osRecursiveMutexRelease), (4 bytes).
    Removing cmsis_os.o(i.osRecursiveMutexWait), (4 bytes).
    Removing cmsis_os.o(i.osSemaphoreCreate), (40 bytes).
    Removing cmsis_os.o(i.osSemaphoreDelete), (24 bytes).
    Removing cmsis_os.o(i.osSemaphoreGetCount), (4 bytes).
    Removing cmsis_os.o(i.osSemaphoreRelease), (80 bytes).
    Removing cmsis_os.o(i.osSemaphoreWait), (108 bytes).
    Removing cmsis_os.o(i.osSignalSet), (96 bytes).
    Removing cmsis_os.o(i.osSignalWait), (90 bytes).
    Removing cmsis_os.o(i.osSystickHandler), (20 bytes).
    Removing cmsis_os.o(i.osThreadGetId), (4 bytes).
    Removing cmsis_os.o(i.osThreadGetPriority), (38 bytes).
    Removing cmsis_os.o(i.osThreadResume), (52 bytes).
    Removing cmsis_os.o(i.osThreadResumeAll), (18 bytes).
    Removing cmsis_os.o(i.osThreadSetPriority), (22 bytes).
    Removing cmsis_os.o(i.osThreadSuspend), (10 bytes).
    Removing cmsis_os.o(i.osThreadSuspendAll), (10 bytes).
    Removing cmsis_os.o(i.osThreadYield), (24 bytes).
    Removing cmsis_os.o(i.osTimerCreate), (4 bytes).
    Removing cmsis_os.o(i.osTimerDelete), (4 bytes).
    Removing cmsis_os.o(i.osTimerStart), (4 bytes).
    Removing cmsis_os.o(i.osTimerStop), (4 bytes).
    Removing heap_4.o(i.vPortInitialiseBlocks), (2 bytes).
    Removing heap_4.o(i.xPortGetFreeHeapSize), (12 bytes).
    Removing heap_4.o(i.xPortGetMinimumEverFreeHeapSize), (12 bytes).
    Removing port.o(i.vPortEndScheduler), (32 bytes).
    Removing port.o(i.vPortValidateInterruptPriority), (84 bytes).
    Removing dadd.o(.text), (334 bytes).
    Removing dmul.o(.text), (228 bytes).
    Removing ddiv.o(.text), (222 bytes).
    Removing dfixul.o(.text), (48 bytes).
    Removing cdrcmple.o(.text), (48 bytes).
    Removing depilogue.o(.text), (186 bytes).

467 unused section(s) (total 34762 bytes) removed from the image.

==============================================================================

Image Symbol Table

    Local Symbols

    Symbol Name                              Value     Ov Type        Size  Object(Section)

    ../Drivers/STM32F4xx_HAL_Driver/Src/stm32f4xx_hal.c 0x00000000   Number         0  stm32f4xx_hal.o ABSOLUTE
    ../Drivers/STM32F4xx_HAL_Driver/Src/stm32f4xx_hal_cortex.c 0x00000000   Number         0  stm32f4xx_hal_cortex.o ABSOLUTE
    ../Drivers/STM32F4xx_HAL_Driver/Src/stm32f4xx_hal_dma.c 0x00000000   Number         0  stm32f4xx_hal_dma.o ABSOLUTE
    ../Drivers/STM32F4xx_HAL_Driver/Src/stm32f4xx_hal_dma_ex.c 0x00000000   Number         0  stm32f4xx_hal_dma_ex.o ABSOLUTE
    ../Drivers/STM32F4xx_HAL_Driver/Src/stm32f4xx_hal_flash.c 0x00000000   Number         0  stm32f4xx_hal_flash.o ABSOLUTE
    ../Drivers/STM32F4xx_HAL_Driver/Src/stm32f4xx_hal_flash_ex.c 0x00000000   Number         0  stm32f4xx_hal_flash_ex.o ABSOLUTE
    ../Drivers/STM32F4xx_HAL_Driver/Src/stm32f4xx_hal_flash_ramfunc.c 0x00000000   Number         0  stm32f4xx_hal_flash_ramfunc.o ABSOLUTE
    ../Drivers/STM32F4xx_HAL_Driver/Src/stm32f4xx_hal_gpio.c 0x00000000   Number         0  stm32f4xx_hal_gpio.o ABSOLUTE
    ../Drivers/STM32F4xx_HAL_Driver/Src/stm32f4xx_hal_pwr.c 0x00000000   Number         0  stm32f4xx_hal_pwr.o ABSOLUTE
    ../Drivers/STM32F4xx_HAL_Driver/Src/stm32f4xx_hal_pwr_ex.c 0x00000000   Number         0  stm32f4xx_hal_pwr_ex.o ABSOLUTE
    ../Drivers/STM32F4xx_HAL_Driver/Src/stm32f4xx_hal_rcc.c 0x00000000   Number         0  stm32f4xx_hal_rcc.o ABSOLUTE
    ../Drivers/STM32F4xx_HAL_Driver/Src/stm32f4xx_hal_rcc_ex.c 0x00000000   Number         0  stm32f4xx_hal_rcc_ex.o ABSOLUTE
    ../Drivers/STM32F4xx_HAL_Driver/Src/stm32f4xx_hal_tim.c 0x00000000   Number         0  stm32f4xx_hal_tim.o ABSOLUTE
    ../Drivers/STM32F4xx_HAL_Driver/Src/stm32f4xx_hal_tim_ex.c 0x00000000   Number         0  stm32f4xx_hal_tim_ex.o ABSOLUTE
    ../Middlewares/Third_Party/FreeRTOS/Source/CMSIS_RTOS/cmsis_os.c 0x00000000   Number         0  cmsis_os.o ABSOLUTE
    ../Middlewares/Third_Party/FreeRTOS/Source/croutine.c 0x00000000   Number         0  croutine.o ABSOLUTE
    ../Middlewares/Third_Party/FreeRTOS/Source/event_groups.c 0x00000000   Number         0  event_groups.o ABSOLUTE
    ../Middlewares/Third_Party/FreeRTOS/Source/list.c 0x00000000   Number         0  list.o ABSOLUTE
    ../Middlewares/Third_Party/FreeRTOS/Source/portable/MemMang/heap_4.c 0x00000000   Number         0  heap_4.o ABSOLUTE
    ../Middlewares/Third_Party/FreeRTOS/Source/portable/RVDS/ARM_CM4F/port.c 0x00000000   Number         0  port.o ABSOLUTE
    ../Middlewares/Third_Party/FreeRTOS/Source/queue.c 0x00000000   Number         0  queue.o ABSOLUTE
    ../Middlewares/Third_Party/FreeRTOS/Source/tasks.c 0x00000000   Number         0  tasks.o ABSOLUTE
    ../Middlewares/Third_Party/FreeRTOS/Source/timers.c 0x00000000   Number         0  timers.o ABSOLUTE
    ../Src/freertos.c                        0x00000000   Number         0  freertos.o ABSOLUTE
    ../Src/main.c                            0x00000000   Number         0  main.o ABSOLUTE
    ../Src/stm32f4xx_hal_msp.c               0x00000000   Number         0  stm32f4xx_hal_msp.o ABSOLUTE
    ../Src/stm32f4xx_hal_timebase_tim.c      0x00000000   Number         0  stm32f4xx_hal_timebase_tim.o ABSOLUTE
    ../Src/stm32f4xx_it.c                    0x00000000   Number         0  stm32f4xx_it.o ABSOLUTE
    ../Src/system_stm32f4xx.c                0x00000000   Number         0  system_stm32f4xx.o ABSOLUTE
    ../clib/microlib/division.c              0x00000000   Number         0  uldiv.o ABSOLUTE
    ../clib/microlib/division.c              0x00000000   Number         0  uidiv.o ABSOLUTE
    ../clib/microlib/init/entry.s            0x00000000   Number         0  entry7a.o ABSOLUTE
    ../clib/microlib/init/entry.s            0x00000000   Number         0  entry2.o ABSOLUTE
    ../clib/microlib/init/entry.s            0x00000000   Number         0  entry5.o ABSOLUTE
    ../clib/microlib/init/entry.s            0x00000000   Number         0  entry.o ABSOLUTE
    ../clib/microlib/init/entry.s            0x00000000   Number         0  entry11b.o ABSOLUTE
    ../clib/microlib/init/entry.s            0x00000000   Number         0  entry11a.o ABSOLUTE
    ../clib/microlib/init/entry.s            0x00000000   Number         0  entry10b.o ABSOLUTE
    ../clib/microlib/init/entry.s            0x00000000   Number         0  entry10a.o ABSOLUTE
    ../clib/microlib/init/entry.s            0x00000000   Number         0  entry9b.o ABSOLUTE
    ../clib/microlib/init/entry.s            0x00000000   Number         0  entry9a.o ABSOLUTE
    ../clib/microlib/init/entry.s            0x00000000   Number         0  entry8b.o ABSOLUTE
    ../clib/microlib/init/entry.s            0x00000000   Number         0  entry8a.o ABSOLUTE
    ../clib/microlib/init/entry.s            0x00000000   Number         0  entry7b.o ABSOLUTE
    ../clib/microlib/longlong.c              0x00000000   Number         0  llshl.o ABSOLUTE
    ../clib/microlib/longlong.c              0x00000000   Number         0  llushr.o ABSOLUTE
    ../clib/microlib/longlong.c              0x00000000   Number         0  llsshr.o ABSOLUTE
    ../clib/microlib/printf/printf.c         0x00000000   Number         0  printf1.o ABSOLUTE
    ../clib/microlib/printf/printf.c         0x00000000   Number         0  printf0.o ABSOLUTE
    ../clib/microlib/printf/printf.c         0x00000000   Number         0  printf8.o ABSOLUTE
    ../clib/microlib/printf/printf.c         0x00000000   Number         0  printf7.o ABSOLUTE
    ../clib/microlib/printf/printf.c         0x00000000   Number         0  printf6.o ABSOLUTE
    ../clib/microlib/printf/printf.c         0x00000000   Number         0  printf5.o ABSOLUTE
    ../clib/microlib/printf/printf.c         0x00000000   Number         0  printf4.o ABSOLUTE
    ../clib/microlib/printf/printf.c         0x00000000   Number         0  printf3.o ABSOLUTE
    ../clib/microlib/printf/printf.c         0x00000000   Number         0  printfa.o ABSOLUTE
    ../clib/microlib/printf/printf.c         0x00000000   Number         0  printf2.o ABSOLUTE
    ../clib/microlib/printf/printf.c         0x00000000   Number         0  printfb.o ABSOLUTE
    ../clib/microlib/printf/stubs.s          0x00000000   Number         0  stubs.o ABSOLUTE
    ../clib/microlib/string/memcpy.c         0x00000000   Number         0  memcpya.o ABSOLUTE
    ../clib/microlib/string/memcpy.c         0x00000000   Number         0  memcpyb.o ABSOLUTE
    ../clib/microlib/string/memset.c         0x00000000   Number         0  memseta.o ABSOLUTE
    ../clib/microlib/string/strcpy.c         0x00000000   Number         0  strcpy.o ABSOLUTE
    ../clib/microlib/string/strlen.c         0x00000000   Number         0  strlen.o ABSOLUTE
    ../clib/microlib/stubs.s                 0x00000000   Number         0  iusefp.o ABSOLUTE
    ../fplib/microlib/fpadd.c                0x00000000   Number         0  dadd.o ABSOLUTE
    ../fplib/microlib/fpdiv.c                0x00000000   Number         0  ddiv.o ABSOLUTE
    ../fplib/microlib/fpepilogue.c           0x00000000   Number         0  depilogue.o ABSOLUTE
    ../fplib/microlib/fpfix.c                0x00000000   Number         0  dfixul.o ABSOLUTE
    ../fplib/microlib/fpmul.c                0x00000000   Number         0  dmul.o ABSOLUTE
    ..\Drivers\STM32F4xx_HAL_Driver\Src\stm32f4xx_hal.c 0x00000000   Number         0  stm32f4xx_hal.o ABSOLUTE
    ..\Drivers\STM32F4xx_HAL_Driver\Src\stm32f4xx_hal_cortex.c 0x00000000   Number         0  stm32f4xx_hal_cortex.o ABSOLUTE
    ..\Drivers\STM32F4xx_HAL_Driver\Src\stm32f4xx_hal_dma.c 0x00000000   Number         0  stm32f4xx_hal_dma.o ABSOLUTE
    ..\Drivers\STM32F4xx_HAL_Driver\Src\stm32f4xx_hal_dma_ex.c 0x00000000   Number         0  stm32f4xx_hal_dma_ex.o ABSOLUTE
    ..\Drivers\STM32F4xx_HAL_Driver\Src\stm32f4xx_hal_flash.c 0x00000000   Number         0  stm32f4xx_hal_flash.o ABSOLUTE
    ..\Drivers\STM32F4xx_HAL_Driver\Src\stm32f4xx_hal_flash_ex.c 0x00000000   Number         0  stm32f4xx_hal_flash_ex.o ABSOLUTE
    ..\Drivers\STM32F4xx_HAL_Driver\Src\stm32f4xx_hal_flash_ramfunc.c 0x00000000   Number         0  stm32f4xx_hal_flash_ramfunc.o ABSOLUTE
    ..\Drivers\STM32F4xx_HAL_Driver\Src\stm32f4xx_hal_gpio.c 0x00000000   Number         0  stm32f4xx_hal_gpio.o ABSOLUTE
    ..\Drivers\STM32F4xx_HAL_Driver\Src\stm32f4xx_hal_pwr.c 0x00000000   Number         0  stm32f4xx_hal_pwr.o ABSOLUTE
    ..\Drivers\STM32F4xx_HAL_Driver\Src\stm32f4xx_hal_pwr_ex.c 0x00000000   Number         0  stm32f4xx_hal_pwr_ex.o ABSOLUTE
    ..\Drivers\STM32F4xx_HAL_Driver\Src\stm32f4xx_hal_rcc.c 0x00000000   Number         0  stm32f4xx_hal_rcc.o ABSOLUTE
    ..\Drivers\STM32F4xx_HAL_Driver\Src\stm32f4xx_hal_rcc_ex.c 0x00000000   Number         0  stm32f4xx_hal_rcc_ex.o ABSOLUTE
    ..\Drivers\STM32F4xx_HAL_Driver\Src\stm32f4xx_hal_tim.c 0x00000000   Number         0  stm32f4xx_hal_tim.o ABSOLUTE
    ..\Drivers\STM32F4xx_HAL_Driver\Src\stm32f4xx_hal_tim_ex.c 0x00000000   Number         0  stm32f4xx_hal_tim_ex.o ABSOLUTE
    ..\Middlewares\Third_Party\FreeRTOS\Source\CMSIS_RTOS\cmsis_os.c 0x00000000   Number         0  cmsis_os.o ABSOLUTE
    ..\Middlewares\Third_Party\FreeRTOS\Source\portable\RVDS\ARM_CM4F\port.c 0x00000000   Number         0  port.o ABSOLUTE
    ..\Src\freertos.c                        0x00000000   Number         0  freertos.o ABSOLUTE
    ..\Src\main.c                            0x00000000   Number         0  main.o ABSOLUTE
    ..\Src\printf.c                          0x00000000   Number         0  printf.o ABSOLUTE
    ..\Src\stm32f4xx_hal_msp.c               0x00000000   Number         0  stm32f4xx_hal_msp.o ABSOLUTE
    ..\Src\stm32f4xx_hal_timebase_tim.c      0x00000000   Number         0  stm32f4xx_hal_timebase_tim.o ABSOLUTE
    ..\Src\stm32f4xx_it.c                    0x00000000   Number         0  stm32f4xx_it.o ABSOLUTE
    ..\Src\system_stm32f4xx.c                0x00000000   Number         0  system_stm32f4xx.o ABSOLUTE
    cdrcmple.s                               0x00000000   Number         0  cdrcmple.o ABSOLUTE
    dc.s                                     0x00000000   Number         0  dc.o ABSOLUTE
    handlers.s                               0x00000000   Number         0  handlers.o ABSOLUTE
    init.s                                   0x00000000   Number         0  init.o ABSOLUTE
    startup_stm32f407xx.s                    0x00000000   Number         0  startup_stm32f407xx.o ABSOLUTE
    RESET                                    0x08000000   Section      392  startup_stm32f407xx.o(RESET)
    .ARM.Collect$$$$00000000                 0x08000188   Section        0  entry.o(.ARM.Collect$$$$00000000)
    .ARM.Collect$$$$00000001                 0x08000188   Section        4  entry2.o(.ARM.Collect$$$$00000001)
    .ARM.Collect$$$$00000004                 0x0800018c   Section        4  entry5.o(.ARM.Collect$$$$00000004)
    .ARM.Collect$$$$00000008                 0x08000190   Section        0  entry7b.o(.ARM.Collect$$$$00000008)
    .ARM.Collect$$$$0000000A                 0x08000190   Section        0  entry8b.o(.ARM.Collect$$$$0000000A)
    .ARM.Collect$$$$0000000B                 0x08000190   Section        8  entry9a.o(.ARM.Collect$$$$0000000B)
    .ARM.Collect$$$$0000000D                 0x08000198   Section        0  entry10a.o(.ARM.Collect$$$$0000000D)
    .ARM.Collect$$$$0000000F                 0x08000198   Section        0  entry11a.o(.ARM.Collect$$$$0000000F)
    .ARM.Collect$$$$00002712                 0x08000198   Section        4  entry2.o(.ARM.Collect$$$$00002712)
    __lit__00000000                          0x08000198   Data           4  entry2.o(.ARM.Collect$$$$00002712)
    .emb_text                                0x0800019c   Section      186  port.o(.emb_text)
    $v0                                      0x0800019c   Number         0  port.o(.emb_text)
    .text                                    0x08000258   Section       36  startup_stm32f407xx.o(.text)
    $v0                                      0x08000258   Number         0  startup_stm32f407xx.o(.text)
    .text                                    0x0800027c   Section        0  uldiv.o(.text)
    .text                                    0x080002de   Section        0  memcpya.o(.text)
    .text                                    0x08000302   Section        0  memseta.o(.text)
    .text                                    0x08000326   Section        0  strlen.o(.text)
    .text                                    0x08000334   Section        0  strcpy.o(.text)
    .text                                    0x08000346   Section        0  uidiv.o(.text)
    .text                                    0x08000372   Section        0  llshl.o(.text)
    .text                                    0x08000390   Section        0  llushr.o(.text)
    .text                                    0x080003b0   Section       36  init.o(.text)
    i.BusFault_Handler                       0x080003d4   Section        0  stm32f4xx_it.o(i.BusFault_Handler)
    i.DebugMon_Handler                       0x080003d6   Section        0  stm32f4xx_it.o(i.DebugMon_Handler)
    i.Error_Handler                          0x080003d8   Section        0  main.o(i.Error_Handler)
    i.HAL_GPIO_Init                          0x080003dc   Section        0  stm32f4xx_hal_gpio.o(i.HAL_GPIO_Init)
    i.HAL_GPIO_ReadPin                       0x080005a0   Section        0  stm32f4xx_hal_gpio.o(i.HAL_GPIO_ReadPin)
    i.HAL_GPIO_TogglePin                     0x080005ae   Section        0  stm32f4xx_hal_gpio.o(i.HAL_GPIO_TogglePin)
    i.HAL_GPIO_WritePin                      0x080005b6   Section        0  stm32f4xx_hal_gpio.o(i.HAL_GPIO_WritePin)
    i.HAL_GetTick                            0x080005c4   Section        0  stm32f4xx_hal.o(i.HAL_GetTick)
    i.HAL_IncTick                            0x080005d0   Section        0  stm32f4xx_hal.o(i.HAL_IncTick)
    i.HAL_Init                               0x080005e0   Section        0  stm32f4xx_hal.o(i.HAL_Init)
    i.HAL_InitTick                           0x08000614   Section        0  stm32f4xx_hal_timebase_tim.o(i.HAL_InitTick)
    i.HAL_MspInit                            0x08000688   Section        0  stm32f4xx_hal_msp.o(i.HAL_MspInit)
    i.HAL_NVIC_EnableIRQ                     0x080006c0   Section        0  stm32f4xx_hal_cortex.o(i.HAL_NVIC_EnableIRQ)
    i.HAL_NVIC_SetPriority                   0x080006d8   Section        0  stm32f4xx_hal_cortex.o(i.HAL_NVIC_SetPriority)
    i.HAL_NVIC_SetPriorityGrouping           0x08000718   Section        0  stm32f4xx_hal_cortex.o(i.HAL_NVIC_SetPriorityGrouping)
    i.HAL_RCC_ClockConfig                    0x0800073c   Section        0  stm32f4xx_hal_rcc.o(i.HAL_RCC_ClockConfig)
    i.HAL_RCC_GetClockConfig                 0x08000880   Section        0  stm32f4xx_hal_rcc.o(i.HAL_RCC_GetClockConfig)
    i.HAL_RCC_GetHCLKFreq                    0x080008bc   Section        0  stm32f4xx_hal_rcc.o(i.HAL_RCC_GetHCLKFreq)
    i.HAL_RCC_GetPCLK2Freq                   0x080008c8   Section        0  stm32f4xx_hal_rcc.o(i.HAL_RCC_GetPCLK2Freq)
    i.HAL_RCC_GetSysClockFreq                0x080008e8   Section        0  stm32f4xx_hal_rcc.o(i.HAL_RCC_GetSysClockFreq)
    i.HAL_RCC_OscConfig                      0x08000950   Section        0  stm32f4xx_hal_rcc.o(i.HAL_RCC_OscConfig)
    i.HAL_TIMEx_BreakCallback                0x08000ce0   Section        0  stm32f4xx_hal_tim_ex.o(i.HAL_TIMEx_BreakCallback)
    i.HAL_TIMEx_CommutationCallback          0x08000ce2   Section        0  stm32f4xx_hal_tim_ex.o(i.HAL_TIMEx_CommutationCallback)
    i.HAL_TIM_Base_Init                      0x08000ce4   Section        0  stm32f4xx_hal_tim.o(i.HAL_TIM_Base_Init)
    i.HAL_TIM_Base_MspInit                   0x08000d1c   Section        0  stm32f4xx_hal_tim.o(i.HAL_TIM_Base_MspInit)
    i.HAL_TIM_Base_Start_IT                  0x08000d1e   Section        0  stm32f4xx_hal_tim.o(i.HAL_TIM_Base_Start_IT)
    i.HAL_TIM_IC_CaptureCallback             0x08000d36   Section        0  stm32f4xx_hal_tim.o(i.HAL_TIM_IC_CaptureCallback)
    i.HAL_TIM_IRQHandler                     0x08000d38   Section        0  stm32f4xx_hal_tim.o(i.HAL_TIM_IRQHandler)
    i.HAL_TIM_OC_DelayElapsedCallback        0x08000ea6   Section        0  stm32f4xx_hal_tim.o(i.HAL_TIM_OC_DelayElapsedCallback)
    i.HAL_TIM_PWM_PulseFinishedCallback      0x08000ea8   Section        0  stm32f4xx_hal_tim.o(i.HAL_TIM_PWM_PulseFinishedCallback)
    i.HAL_TIM_PeriodElapsedCallback          0x08000eac   Section        0  main.o(i.HAL_TIM_PeriodElapsedCallback)
    i.HAL_TIM_TriggerCallback                0x08000ec0   Section        0  stm32f4xx_hal_tim.o(i.HAL_TIM_TriggerCallback)
    i.HardFault_Handler                      0x08000ec4   Section        0  stm32f4xx_it.o(i.HardFault_Handler)
    i.MX_GPIO_Init                           0x08000f7c   Section        0  main.o(i.MX_GPIO_Init)
    MX_GPIO_Init                             0x08000f7d   Thumb Code   132  main.o(i.MX_GPIO_Init)
    i.MemManage_Handler                      0x0800100c   Section        0  stm32f4xx_it.o(i.MemManage_Handler)
    i.NMI_Handler                            0x0800100e   Section        0  stm32f4xx_it.o(i.NMI_Handler)
    i.NVIC_SetPriority                       0x08001010   Section        0  stm32f4xx_hal_cortex.o(i.NVIC_SetPriority)
    NVIC_SetPriority                         0x08001011   Thumb Code    32  stm32f4xx_hal_cortex.o(i.NVIC_SetPriority)
    i.StartDefaultTask                       0x08001030   Section        0  main.o(i.StartDefaultTask)
    i.StartTask02                            0x08001068   Section        0  main.o(i.StartTask02)
    i.StartTask03                            0x08001084   Section        0  main.o(i.StartTask03)
    i.StartTask04                            0x080010a0   Section        0  main.o(i.StartTask04)
    i.StartTask05                            0x080010bc   Section        0  main.o(i.StartTask05)
    i.StartTask06                            0x080010dc   Section        0  main.o(i.StartTask06)
    i.StartsPrintf_TASK7                     0x08001164   Section        0  main.o(i.StartsPrintf_TASK7)
    i.SysTick_Handler                        0x08001184   Section        0  port.o(i.SysTick_Handler)
    i.SystemClock_Config                     0x080011b0   Section        0  main.o(i.SystemClock_Config)
    i.SystemInit                             0x08001244   Section        0  system_stm32f4xx.o(i.SystemInit)
    i.TIM1_UP_TIM10_IRQHandler               0x08001298   Section        0  stm32f4xx_it.o(i.TIM1_UP_TIM10_IRQHandler)
    i.TIM_Base_SetConfig                     0x080012a4   Section        0  stm32f4xx_hal_tim.o(i.TIM_Base_SetConfig)
    i.UsageFault_Handler                     0x08001368   Section        0  stm32f4xx_it.o(i.UsageFault_Handler)
    i.__0printf$3                            0x0800136c   Section        0  printf3.o(i.__0printf$3)
    i.__0sprintf$3                           0x0800138c   Section        0  printf3.o(i.__0sprintf$3)
    i.__scatterload_copy                     0x080013b4   Section       14  handlers.o(i.__scatterload_copy)
    i.__scatterload_null                     0x080013c2   Section        2  handlers.o(i.__scatterload_null)
    i.__scatterload_zeroinit                 0x080013c4   Section       14  handlers.o(i.__scatterload_zeroinit)
    i._printf_core                           0x080013d4   Section        0  printf3.o(i._printf_core)
    _printf_core                             0x080013d5   Thumb Code   436  printf3.o(i._printf_core)
    i._sputc                                 0x0800158c   Section        0  printf3.o(i._sputc)
    _sputc                                   0x0800158d   Thumb Code    10  printf3.o(i._sputc)
    i.configureTimerForRunTimeStats          0x08001596   Section        0  freertos.o(i.configureTimerForRunTimeStats)
    i.eTaskGetState                          0x08001598   Section        0  tasks.o(i.eTaskGetState)
    i.fputc                                  0x08001604   Section        0  printf.o(i.fputc)
    i.getRunTimeCounterValue                 0x08001620   Section        0  freertos.o(i.getRunTimeCounterValue)
    i.main                                   0x08001624   Section        0  main.o(i.main)
    i.makeFreeRtosPriority                   0x080016c4   Section        0  cmsis_os.o(i.makeFreeRtosPriority)
    makeFreeRtosPriority                     0x080016c5   Thumb Code    12  cmsis_os.o(i.makeFreeRtosPriority)
    i.osDelay                                0x080016d0   Section        0  cmsis_os.o(i.osDelay)
    i.osKernelStart                          0x080016e0   Section        0  cmsis_os.o(i.osKernelStart)
    i.osThreadCreate                         0x080016ea   Section        0  cmsis_os.o(i.osThreadCreate)
    i.osThreadList                           0x08001718   Section        0  cmsis_os.o(i.osThreadList)
    i.osThreadTerminate                      0x08001722   Section        0  cmsis_os.o(i.osThreadTerminate)
    i.prvAddCurrentTaskToDelayedList         0x0800172c   Section        0  tasks.o(i.prvAddCurrentTaskToDelayedList)
    prvAddCurrentTaskToDelayedList           0x0800172d   Thumb Code   104  tasks.o(i.prvAddCurrentTaskToDelayedList)
    i.prvAddNewTaskToReadyList               0x0800179c   Section        0  tasks.o(i.prvAddNewTaskToReadyList)
    prvAddNewTaskToReadyList                 0x0800179d   Thumb Code   126  tasks.o(i.prvAddNewTaskToReadyList)
    i.prvCheckTasksWaitingTermination        0x08001828   Section        0  tasks.o(i.prvCheckTasksWaitingTermination)
    prvCheckTasksWaitingTermination          0x08001829   Thumb Code    74  tasks.o(i.prvCheckTasksWaitingTermination)
    i.prvDeleteTCB                           0x0800187c   Section        0  tasks.o(i.prvDeleteTCB)
    prvDeleteTCB                             0x0800187d   Thumb Code    20  tasks.o(i.prvDeleteTCB)
    i.prvHeapInit                            0x08001890   Section        0  heap_4.o(i.prvHeapInit)
    prvHeapInit                              0x08001891   Thumb Code    68  heap_4.o(i.prvHeapInit)
    i.prvIdleTask                            0x080018dc   Section        0  tasks.o(i.prvIdleTask)
    prvIdleTask                              0x080018dd   Thumb Code    30  tasks.o(i.prvIdleTask)
    i.prvInitialiseNewTask                   0x08001904   Section        0  tasks.o(i.prvInitialiseNewTask)
    prvInitialiseNewTask                     0x08001905   Thumb Code   156  tasks.o(i.prvInitialiseNewTask)
    i.prvInitialiseTaskLists                 0x080019a0   Section        0  tasks.o(i.prvInitialiseTaskLists)
    prvInitialiseTaskLists                   0x080019a1   Thumb Code    78  tasks.o(i.prvInitialiseTaskLists)
    i.prvInsertBlockIntoFreeList             0x080019f8   Section        0  heap_4.o(i.prvInsertBlockIntoFreeList)
    prvInsertBlockIntoFreeList               0x080019f9   Thumb Code    78  heap_4.o(i.prvInsertBlockIntoFreeList)
    i.prvListTasksWithinSingleList           0x08001a4c   Section        0  tasks.o(i.prvListTasksWithinSingleList)
    prvListTasksWithinSingleList             0x08001a4d   Thumb Code    92  tasks.o(i.prvListTasksWithinSingleList)
    i.prvResetNextTaskUnblockTime            0x08001aa8   Section        0  tasks.o(i.prvResetNextTaskUnblockTime)
    prvResetNextTaskUnblockTime              0x08001aa9   Thumb Code    30  tasks.o(i.prvResetNextTaskUnblockTime)
    i.prvTaskCheckFreeStackSpace             0x08001acc   Section        0  tasks.o(i.prvTaskCheckFreeStackSpace)
    prvTaskCheckFreeStackSpace               0x08001acd   Thumb Code    20  tasks.o(i.prvTaskCheckFreeStackSpace)
    i.prvTaskExitError                       0x08001ae0   Section        0  port.o(i.prvTaskExitError)
    prvTaskExitError                         0x08001ae1   Thumb Code    40  port.o(i.prvTaskExitError)
    i.prvWriteNameToBuffer                   0x08001b0c   Section        0  tasks.o(i.prvWriteNameToBuffer)
    prvWriteNameToBuffer                     0x08001b0d   Thumb Code    36  tasks.o(i.prvWriteNameToBuffer)
    i.pvPortMalloc                           0x08001b30   Section        0  heap_4.o(i.pvPortMalloc)
    i.pxPortInitialiseStack                  0x08001c04   Section        0  port.o(i.pxPortInitialiseStack)
    i.uxListRemove                           0x08001c28   Section        0  list.o(i.uxListRemove)
    i.uxTaskGetSystemState                   0x08001c4c   Section        0  tasks.o(i.uxTaskGetSystemState)
    i.vListInitialise                        0x08001cf8   Section        0  list.o(i.vListInitialise)
    i.vListInitialiseItem                    0x08001d0e   Section        0  list.o(i.vListInitialiseItem)
    i.vListInsert                            0x08001d14   Section        0  list.o(i.vListInsert)
    i.vListInsertEnd                         0x08001d44   Section        0  list.o(i.vListInsertEnd)
    i.vPortEnterCritical                     0x08001d5c   Section        0  port.o(i.vPortEnterCritical)
    i.vPortExitCritical                      0x08001d9c   Section        0  port.o(i.vPortExitCritical)
    i.vPortFree                              0x08001dc8   Section        0  heap_4.o(i.vPortFree)
    i.vPortSetupTimerInterrupt               0x08001e24   Section        0  port.o(i.vPortSetupTimerInterrupt)
    i.vTaskDelay                             0x08001e44   Section        0  tasks.o(i.vTaskDelay)
    i.vTaskDelete                            0x08001e94   Section        0  tasks.o(i.vTaskDelete)
    i.vTaskGetInfo                           0x08001f40   Section        0  tasks.o(i.vTaskGetInfo)
    i.vTaskList                              0x08001fb8   Section        0  tasks.o(i.vTaskList)
    i.vTaskStartScheduler                    0x08002074   Section        0  tasks.o(i.vTaskStartScheduler)
    i.vTaskSuspendAll                        0x080020e0   Section        0  tasks.o(i.vTaskSuspendAll)
    i.vTaskSwitchContext                     0x080020f0   Section        0  tasks.o(i.vTaskSwitchContext)
    i.xPortStartScheduler                    0x08002168   Section        0  port.o(i.xPortStartScheduler)
    i.xTaskCreate                            0x08002248   Section        0  tasks.o(i.xTaskCreate)
    i.xTaskIncrementTick                     0x080022a8   Section        0  tasks.o(i.xTaskIncrementTick)
    i.xTaskResumeAll                         0x08002374   Section        0  tasks.o(i.xTaskResumeAll)
    .constdata                               0x08002440   Section      160  main.o(.constdata)
    .constdata                               0x080024e0   Section       16  system_stm32f4xx.o(.constdata)
    .constdata                               0x080024f0   Section        8  system_stm32f4xx.o(.constdata)
    .conststring                             0x080024f8   Section       88  main.o(.conststring)
    .data                                    0x20000000   Section        4  printf.o(.data)
    .data                                    0x20000004   Section       32  main.o(.data)
    .data                                    0x20000024   Section       12  stm32f4xx_hal.o(.data)
    .data                                    0x20000030   Section        4  system_stm32f4xx.o(.data)
    .data                                    0x20000034   Section       68  tasks.o(.data)
    uxDeletedTasksWaitingCleanUp             0x20000038   Data           4  tasks.o(.data)
    uxCurrentNumberOfTasks                   0x2000003c   Data           4  tasks.o(.data)
    xTickCount                               0x20000040   Data           4  tasks.o(.data)
    uxTopReadyPriority                       0x20000044   Data           4  tasks.o(.data)
    xSchedulerRunning                        0x20000048   Data           4  tasks.o(.data)
    uxPendedTicks                            0x2000004c   Data           4  tasks.o(.data)
    xYieldPending                            0x20000050   Data           4  tasks.o(.data)
    xNumOfOverflows                          0x20000054   Data           4  tasks.o(.data)
    uxTaskNumber                             0x20000058   Data           4  tasks.o(.data)
    xNextTaskUnblockTime                     0x2000005c   Data           4  tasks.o(.data)
    xIdleTaskHandle                          0x20000060   Data           4  tasks.o(.data)
    uxSchedulerSuspended                     0x20000064   Data           4  tasks.o(.data)
    ulTaskSwitchedInTime                     0x20000068   Data           4  tasks.o(.data)
    ulTotalRunTime                           0x2000006c   Data           4  tasks.o(.data)
    pxDelayedTaskList                        0x20000070   Data           4  tasks.o(.data)
    pxOverflowDelayedTaskList                0x20000074   Data           4  tasks.o(.data)
    .data                                    0x20000078   Section       24  heap_4.o(.data)
    pxEnd                                    0x20000078   Data           4  heap_4.o(.data)
    xFreeBytesRemaining                      0x2000007c   Data           4  heap_4.o(.data)
    xMinimumEverFreeBytesRemaining           0x20000080   Data           4  heap_4.o(.data)
    xBlockAllocatedBit                       0x20000084   Data           4  heap_4.o(.data)
    xStart                                   0x20000088   Data           8  heap_4.o(.data)
    .data                                    0x20000090   Section       12  port.o(.data)
    ucMaxSysCallPriority                     0x20000090   Data           1  port.o(.data)
    uxCriticalNesting                        0x20000094   Data           4  port.o(.data)
    ulMaxPRIGROUPValue                       0x20000098   Data           4  port.o(.data)
    .bss                                     0x2000009c   Section      304  main.o(.bss)
    .bss                                     0x200001cc   Section       60  stm32f4xx_hal_timebase_tim.o(.bss)
    .bss                                     0x20000208   Section      240  tasks.o(.bss)
    pxReadyTasksLists                        0x20000208   Data         140  tasks.o(.bss)
    xDelayedTaskList1                        0x20000294   Data          20  tasks.o(.bss)
    xDelayedTaskList2                        0x200002a8   Data          20  tasks.o(.bss)
    xPendingReadyList                        0x200002bc   Data          20  tasks.o(.bss)
    xTasksWaitingTermination                 0x200002d0   Data          20  tasks.o(.bss)
    xSuspendedTaskList                       0x200002e4   Data          20  tasks.o(.bss)
    .bss                                     0x200002f8   Section    15360  heap_4.o(.bss)
    ucHeap                                   0x200002f8   Data       15360  heap_4.o(.bss)
    STACK                                    0x20003ef8   Section     8192  startup_stm32f407xx.o(STACK)

    Global Symbols

    Symbol Name                              Value     Ov Type        Size  Object(Section)

    BuildAttributes$$THM_ISAv4$E$P$D$K$B$S$7EM$VFPi3$EXTD16$VFPS$VFMA$PE$A:L22UL41UL21$X:L11$S22US41US21$IEEE1$IW$USESV6$~STKCKD$USESV7$~SHL$OSPACE$ROPI$EBA8$MICROLIB$REQ8$PRES8$EABIv2 0x00000000   Number         0  anon$$obj.o ABSOLUTE
    __ARM_use_no_argv                        0x00000000   Number         0  main.o ABSOLUTE
    _printf_a                                0x00000000   Number         0  stubs.o ABSOLUTE
    _printf_c                                0x00000000   Number         0  stubs.o ABSOLUTE
    _printf_charcount                        0x00000000   Number         0  stubs.o ABSOLUTE
    _printf_d                                0x00000000   Number         0  stubs.o ABSOLUTE
    _printf_e                                0x00000000   Number         0  stubs.o ABSOLUTE
    _printf_f                                0x00000000   Number         0  stubs.o ABSOLUTE
    _printf_flags                            0x00000000   Number         0  stubs.o ABSOLUTE
    _printf_fp_dec                           0x00000000   Number         0  stubs.o ABSOLUTE
    _printf_fp_hex                           0x00000000   Number         0  stubs.o ABSOLUTE
    _printf_g                                0x00000000   Number         0  stubs.o ABSOLUTE
    _printf_i                                0x00000000   Number         0  stubs.o ABSOLUTE
    _printf_int_dec                          0x00000000   Number         0  stubs.o ABSOLUTE
    _printf_l                                0x00000000   Number         0  stubs.o ABSOLUTE
    _printf_lc                               0x00000000   Number         0  stubs.o ABSOLUTE
    _printf_ll                               0x00000000   Number         0  stubs.o ABSOLUTE
    _printf_lld                              0x00000000   Number         0  stubs.o ABSOLUTE
    _printf_lli                              0x00000000   Number         0  stubs.o ABSOLUTE
    _printf_llo                              0x00000000   Number         0  stubs.o ABSOLUTE
    _printf_llu                              0x00000000   Number         0  stubs.o ABSOLUTE
    _printf_llx                              0x00000000   Number         0  stubs.o ABSOLUTE
    _printf_longlong_dec                     0x00000000   Number         0  stubs.o ABSOLUTE
    _printf_longlong_hex                     0x00000000   Number         0  stubs.o ABSOLUTE
    _printf_longlong_oct                     0x00000000   Number         0  stubs.o ABSOLUTE
    _printf_ls                               0x00000000   Number         0  stubs.o ABSOLUTE
    _printf_mbtowc                           0x00000000   Number         0  stubs.o ABSOLUTE
    _printf_n                                0x00000000   Number         0  stubs.o ABSOLUTE
    _printf_o                                0x00000000   Number         0  stubs.o ABSOLUTE
    _printf_p                                0x00000000   Number         0  stubs.o ABSOLUTE
    _printf_percent                          0x00000000   Number         0  stubs.o ABSOLUTE
    _printf_pre_padding                      0x00000000   Number         0  stubs.o ABSOLUTE
    _printf_return_value                     0x00000000   Number         0  stubs.o ABSOLUTE
    _printf_s                                0x00000000   Number         0  stubs.o ABSOLUTE
    _printf_sizespec                         0x00000000   Number         0  stubs.o ABSOLUTE
    _printf_str                              0x00000000   Number         0  stubs.o ABSOLUTE
    _printf_truncate_signed                  0x00000000   Number         0  stubs.o ABSOLUTE
    _printf_truncate_unsigned                0x00000000   Number         0  stubs.o ABSOLUTE
    _printf_u                                0x00000000   Number         0  stubs.o ABSOLUTE
    _printf_wc                               0x00000000   Number         0  stubs.o ABSOLUTE
    _printf_wctomb                           0x00000000   Number         0  stubs.o ABSOLUTE
    _printf_widthprec                        0x00000000   Number         0  stubs.o ABSOLUTE
    _printf_x                                0x00000000   Number         0  stubs.o ABSOLUTE
    __cpp_initialize__aeabi_                  - Undefined Weak Reference
    __cxa_finalize                            - Undefined Weak Reference
    __decompress                              - Undefined Weak Reference
    _clock_init                               - Undefined Weak Reference
    _microlib_exit                            - Undefined Weak Reference
    __Vectors_Size                           0x00000188   Number         0  startup_stm32f407xx.o ABSOLUTE
    __Vectors                                0x08000000   Data           4  startup_stm32f407xx.o(RESET)
    __Vectors_End                            0x08000188   Data           0  startup_stm32f407xx.o(RESET)
    __main                                   0x08000189   Thumb Code     0  entry.o(.ARM.Collect$$$$00000000)
    _main_stk                                0x08000189   Thumb Code     0  entry2.o(.ARM.Collect$$$$00000001)
    _main_scatterload                        0x0800018d   Thumb Code     0  entry5.o(.ARM.Collect$$$$00000004)
    __main_after_scatterload                 0x08000191   Thumb Code     0  entry5.o(.ARM.Collect$$$$00000004)
    _main_clock                              0x08000191   Thumb Code     0  entry7b.o(.ARM.Collect$$$$00000008)
    _main_cpp_init                           0x08000191   Thumb Code     0  entry8b.o(.ARM.Collect$$$$0000000A)
    _main_init                               0x08000191   Thumb Code     0  entry9a.o(.ARM.Collect$$$$0000000B)
    __rt_final_cpp                           0x08000199   Thumb Code     0  entry10a.o(.ARM.Collect$$$$0000000D)
    __rt_final_exit                          0x08000199   Thumb Code     0  entry11a.o(.ARM.Collect$$$$0000000F)
    SVC_Handler                              0x0800019d   Thumb Code    28  port.o(.emb_text)
    __asm___6_port_c_39a90d8d__prvStartFirstTask 0x080001bd   Thumb Code    28  port.o(.emb_text)
    __asm___6_port_c_39a90d8d__prvEnableVFP  0x080001dd   Thumb Code    16  port.o(.emb_text)
    PendSV_Handler                           0x080001f1   Thumb Code    92  port.o(.emb_text)
    vPortGetIPSR                             0x08000251   Thumb Code     6  port.o(.emb_text)
    Reset_Handler                            0x08000259   Thumb Code     8  startup_stm32f407xx.o(.text)
    ADC_IRQHandler                           0x08000273   Thumb Code     0  startup_stm32f407xx.o(.text)
    CAN1_RX0_IRQHandler                      0x08000273   Thumb Code     0  startup_stm32f407xx.o(.text)
    CAN1_RX1_IRQHandler                      0x08000273   Thumb Code     0  startup_stm32f407xx.o(.text)
    CAN1_SCE_IRQHandler                      0x08000273   Thumb Code     0  startup_stm32f407xx.o(.text)
    CAN1_TX_IRQHandler                       0x08000273   Thumb Code     0  startup_stm32f407xx.o(.text)
    CAN2_RX0_IRQHandler                      0x08000273   Thumb Code     0  startup_stm32f407xx.o(.text)
    CAN2_RX1_IRQHandler                      0x08000273   Thumb Code     0  startup_stm32f407xx.o(.text)
    CAN2_SCE_IRQHandler                      0x08000273   Thumb Code     0  startup_stm32f407xx.o(.text)
    CAN2_TX_IRQHandler                       0x08000273   Thumb Code     0  startup_stm32f407xx.o(.text)
    DCMI_IRQHandler                          0x08000273   Thumb Code     0  startup_stm32f407xx.o(.text)
    DMA1_Stream0_IRQHandler                  0x08000273   Thumb Code     0  startup_stm32f407xx.o(.text)
    DMA1_Stream1_IRQHandler                  0x08000273   Thumb Code     0  startup_stm32f407xx.o(.text)
    DMA1_Stream2_IRQHandler                  0x08000273   Thumb Code     0  startup_stm32f407xx.o(.text)
    DMA1_Stream3_IRQHandler                  0x08000273   Thumb Code     0  startup_stm32f407xx.o(.text)
    DMA1_Stream4_IRQHandler                  0x08000273   Thumb Code     0  startup_stm32f407xx.o(.text)
    DMA1_Stream5_IRQHandler                  0x08000273   Thumb Code     0  startup_stm32f407xx.o(.text)
    DMA1_Stream6_IRQHandler                  0x08000273   Thumb Code     0  startup_stm32f407xx.o(.text)
    DMA1_Stream7_IRQHandler                  0x08000273   Thumb Code     0  startup_stm32f407xx.o(.text)
    DMA2_Stream0_IRQHandler                  0x08000273   Thumb Code     0  startup_stm32f407xx.o(.text)
    DMA2_Stream1_IRQHandler                  0x08000273   Thumb Code     0  startup_stm32f407xx.o(.text)
    DMA2_Stream2_IRQHandler                  0x08000273   Thumb Code     0  startup_stm32f407xx.o(.text)
    DMA2_Stream3_IRQHandler                  0x08000273   Thumb Code     0  startup_stm32f407xx.o(.text)
    DMA2_Stream4_IRQHandler                  0x08000273   Thumb Code     0  startup_stm32f407xx.o(.text)
    DMA2_Stream5_IRQHandler                  0x08000273   Thumb Code     0  startup_stm32f407xx.o(.text)
    DMA2_Stream6_IRQHandler                  0x08000273   Thumb Code     0  startup_stm32f407xx.o(.text)
    DMA2_Stream7_IRQHandler                  0x08000273   Thumb Code     0  startup_stm32f407xx.o(.text)
    ETH_IRQHandler                           0x08000273   Thumb Code     0  startup_stm32f407xx.o(.text)
    ETH_WKUP_IRQHandler                      0x08000273   Thumb Code     0  startup_stm32f407xx.o(.text)
    EXTI0_IRQHandler                         0x08000273   Thumb Code     0  startup_stm32f407xx.o(.text)
    EXTI15_10_IRQHandler                     0x08000273   Thumb Code     0  startup_stm32f407xx.o(.text)
    EXTI1_IRQHandler                         0x08000273   Thumb Code     0  startup_stm32f407xx.o(.text)
    EXTI2_IRQHandler                         0x08000273   Thumb Code     0  startup_stm32f407xx.o(.text)
    EXTI3_IRQHandler                         0x08000273   Thumb Code     0  startup_stm32f407xx.o(.text)
    EXTI4_IRQHandler                         0x08000273   Thumb Code     0  startup_stm32f407xx.o(.text)
    EXTI9_5_IRQHandler                       0x08000273   Thumb Code     0  startup_stm32f407xx.o(.text)
    FLASH_IRQHandler                         0x08000273   Thumb Code     0  startup_stm32f407xx.o(.text)
    FMC_IRQHandler                           0x08000273   Thumb Code     0  startup_stm32f407xx.o(.text)
    FPU_IRQHandler                           0x08000273   Thumb Code     0  startup_stm32f407xx.o(.text)
    HASH_RNG_IRQHandler                      0x08000273   Thumb Code     0  startup_stm32f407xx.o(.text)
    I2C1_ER_IRQHandler                       0x08000273   Thumb Code     0  startup_stm32f407xx.o(.text)
    I2C1_EV_IRQHandler                       0x08000273   Thumb Code     0  startup_stm32f407xx.o(.text)
    I2C2_ER_IRQHandler                       0x08000273   Thumb Code     0  startup_stm32f407xx.o(.text)
    I2C2_EV_IRQHandler                       0x08000273   Thumb Code     0  startup_stm32f407xx.o(.text)
    I2C3_ER_IRQHandler                       0x08000273   Thumb Code     0  startup_stm32f407xx.o(.text)
    I2C3_EV_IRQHandler                       0x08000273   Thumb Code     0  startup_stm32f407xx.o(.text)
    OTG_FS_IRQHandler                        0x08000273   Thumb Code     0  startup_stm32f407xx.o(.text)
    OTG_FS_WKUP_IRQHandler                   0x08000273   Thumb Code     0  startup_stm32f407xx.o(.text)
    OTG_HS_EP1_IN_IRQHandler                 0x08000273   Thumb Code     0  startup_stm32f407xx.o(.text)
    OTG_HS_EP1_OUT_IRQHandler                0x08000273   Thumb Code     0  startup_stm32f407xx.o(.text)
    OTG_HS_IRQHandler                        0x08000273   Thumb Code     0  startup_stm32f407xx.o(.text)
    OTG_HS_WKUP_IRQHandler                   0x08000273   Thumb Code     0  startup_stm32f407xx.o(.text)
    PVD_IRQHandler                           0x08000273   Thumb Code     0  startup_stm32f407xx.o(.text)
    RCC_IRQHandler                           0x08000273   Thumb Code     0  startup_stm32f407xx.o(.text)
    RTC_Alarm_IRQHandler                     0x08000273   Thumb Code     0  startup_stm32f407xx.o(.text)
    RTC_WKUP_IRQHandler                      0x08000273   Thumb Code     0  startup_stm32f407xx.o(.text)
    SDIO_IRQHandler                          0x08000273   Thumb Code     0  startup_stm32f407xx.o(.text)
    SPI1_IRQHandler                          0x08000273   Thumb Code     0  startup_stm32f407xx.o(.text)
    SPI2_IRQHandler                          0x08000273   Thumb Code     0  startup_stm32f407xx.o(.text)
    SPI3_IRQHandler                          0x08000273   Thumb Code     0  startup_stm32f407xx.o(.text)
    TAMP_STAMP_IRQHandler                    0x08000273   Thumb Code     0  startup_stm32f407xx.o(.text)
    TIM1_BRK_TIM9_IRQHandler                 0x08000273   Thumb Code     0  startup_stm32f407xx.o(.text)
    TIM1_CC_IRQHandler                       0x08000273   Thumb Code     0  startup_stm32f407xx.o(.text)
    TIM1_TRG_COM_TIM11_IRQHandler            0x08000273   Thumb Code     0  startup_stm32f407xx.o(.text)
    TIM2_IRQHandler                          0x08000273   Thumb Code     0  startup_stm32f407xx.o(.text)
    TIM3_IRQHandler                          0x08000273   Thumb Code     0  startup_stm32f407xx.o(.text)
    TIM4_IRQHandler                          0x08000273   Thumb Code     0  startup_stm32f407xx.o(.text)
    TIM5_IRQHandler                          0x08000273   Thumb Code     0  startup_stm32f407xx.o(.text)
    TIM6_DAC_IRQHandler                      0x08000273   Thumb Code     0  startup_stm32f407xx.o(.text)
    TIM7_IRQHandler                          0x08000273   Thumb Code     0  startup_stm32f407xx.o(.text)
    TIM8_BRK_TIM12_IRQHandler                0x08000273   Thumb Code     0  startup_stm32f407xx.o(.text)
    TIM8_CC_IRQHandler                       0x08000273   Thumb Code     0  startup_stm32f407xx.o(.text)
    TIM8_TRG_COM_TIM14_IRQHandler            0x08000273   Thumb Code     0  startup_stm32f407xx.o(.text)
    TIM8_UP_TIM13_IRQHandler                 0x08000273   Thumb Code     0  startup_stm32f407xx.o(.text)
    UART4_IRQHandler                         0x08000273   Thumb Code     0  startup_stm32f407xx.o(.text)
    UART5_IRQHandler                         0x08000273   Thumb Code     0  startup_stm32f407xx.o(.text)
    USART1_IRQHandler                        0x08000273   Thumb Code     0  startup_stm32f407xx.o(.text)
    USART2_IRQHandler                        0x08000273   Thumb Code     0  startup_stm32f407xx.o(.text)
    USART3_IRQHandler                        0x08000273   Thumb Code     0  startup_stm32f407xx.o(.text)
    USART6_IRQHandler                        0x08000273   Thumb Code     0  startup_stm32f407xx.o(.text)
    WWDG_IRQHandler                          0x08000273   Thumb Code     0  startup_stm32f407xx.o(.text)
    __aeabi_uldivmod                         0x0800027d   Thumb Code    98  uldiv.o(.text)
    __aeabi_memcpy                           0x080002df   Thumb Code    36  memcpya.o(.text)
    __aeabi_memcpy4                          0x080002df   Thumb Code     0  memcpya.o(.text)
    __aeabi_memcpy8                          0x080002df   Thumb Code     0  memcpya.o(.text)
    __aeabi_memset                           0x08000303   Thumb Code    14  memseta.o(.text)
    __aeabi_memset4                          0x08000303   Thumb Code     0  memseta.o(.text)
    __aeabi_memset8                          0x08000303   Thumb Code     0  memseta.o(.text)
    __aeabi_memclr                           0x08000311   Thumb Code     4  memseta.o(.text)
    __aeabi_memclr4                          0x08000311   Thumb Code     0  memseta.o(.text)
    __aeabi_memclr8                          0x08000311   Thumb Code     0  memseta.o(.text)
    _memset$wrapper                          0x08000315   Thumb Code    18  memseta.o(.text)
    strlen                                   0x08000327   Thumb Code    14  strlen.o(.text)
    strcpy                                   0x08000335   Thumb Code    18  strcpy.o(.text)
    __aeabi_uidiv                            0x08000347   Thumb Code     0  uidiv.o(.text)
    __aeabi_uidivmod                         0x08000347   Thumb Code    44  uidiv.o(.text)
    __aeabi_llsl                             0x08000373   Thumb Code    30  llshl.o(.text)
    _ll_shift_l                              0x08000373   Thumb Code     0  llshl.o(.text)
    __aeabi_llsr                             0x08000391   Thumb Code    32  llushr.o(.text)
    _ll_ushift_r                             0x08000391   Thumb Code     0  llushr.o(.text)
    __scatterload                            0x080003b1   Thumb Code    28  init.o(.text)
    __scatterload_rt2                        0x080003b1   Thumb Code     0  init.o(.text)
    BusFault_Handler                         0x080003d5   Thumb Code     2  stm32f4xx_it.o(i.BusFault_Handler)
    DebugMon_Handler                         0x080003d7   Thumb Code     2  stm32f4xx_it.o(i.DebugMon_Handler)
    Error_Handler                            0x080003d9   Thumb Code     2  main.o(i.Error_Handler)
    HAL_GPIO_Init                            0x080003dd   Thumb Code   406  stm32f4xx_hal_gpio.o(i.HAL_GPIO_Init)
    HAL_GPIO_ReadPin                         0x080005a1   Thumb Code    14  stm32f4xx_hal_gpio.o(i.HAL_GPIO_ReadPin)
    HAL_GPIO_TogglePin                       0x080005af   Thumb Code     8  stm32f4xx_hal_gpio.o(i.HAL_GPIO_TogglePin)
    HAL_GPIO_WritePin                        0x080005b7   Thumb Code    14  stm32f4xx_hal_gpio.o(i.HAL_GPIO_WritePin)
    HAL_GetTick                              0x080005c5   Thumb Code     6  stm32f4xx_hal.o(i.HAL_GetTick)
    HAL_IncTick                              0x080005d1   Thumb Code    12  stm32f4xx_hal.o(i.HAL_IncTick)
    HAL_Init                                 0x080005e1   Thumb Code    48  stm32f4xx_hal.o(i.HAL_Init)
    HAL_InitTick                             0x08000615   Thumb Code   100  stm32f4xx_hal_timebase_tim.o(i.HAL_InitTick)
    HAL_MspInit                              0x08000689   Thumb Code    52  stm32f4xx_hal_msp.o(i.HAL_MspInit)
    HAL_NVIC_EnableIRQ                       0x080006c1   Thumb Code    22  stm32f4xx_hal_cortex.o(i.HAL_NVIC_EnableIRQ)
    HAL_NVIC_SetPriority                     0x080006d9   Thumb Code    60  stm32f4xx_hal_cortex.o(i.HAL_NVIC_SetPriority)
    HAL_NVIC_SetPriorityGrouping             0x08000719   Thumb Code    26  stm32f4xx_hal_cortex.o(i.HAL_NVIC_SetPriorityGrouping)
    HAL_RCC_ClockConfig                      0x0800073d   Thumb Code   308  stm32f4xx_hal_rcc.o(i.HAL_RCC_ClockConfig)
    HAL_RCC_GetClockConfig                   0x08000881   Thumb Code    52  stm32f4xx_hal_rcc.o(i.HAL_RCC_GetClockConfig)
    HAL_RCC_GetHCLKFreq                      0x080008bd   Thumb Code     6  stm32f4xx_hal_rcc.o(i.HAL_RCC_GetHCLKFreq)
    HAL_RCC_GetPCLK2Freq                     0x080008c9   Thumb Code    22  stm32f4xx_hal_rcc.o(i.HAL_RCC_GetPCLK2Freq)
    HAL_RCC_GetSysClockFreq                  0x080008e9   Thumb Code    94  stm32f4xx_hal_rcc.o(i.HAL_RCC_GetSysClockFreq)
    HAL_RCC_OscConfig                        0x08000951   Thumb Code   896  stm32f4xx_hal_rcc.o(i.HAL_RCC_OscConfig)
    HAL_TIMEx_BreakCallback                  0x08000ce1   Thumb Code     2  stm32f4xx_hal_tim_ex.o(i.HAL_TIMEx_BreakCallback)
    HAL_TIMEx_CommutationCallback            0x08000ce3   Thumb Code     2  stm32f4xx_hal_tim_ex.o(i.HAL_TIMEx_CommutationCallback)
    HAL_TIM_Base_Init                        0x08000ce5   Thumb Code    56  stm32f4xx_hal_tim.o(i.HAL_TIM_Base_Init)
    HAL_TIM_Base_MspInit                     0x08000d1d   Thumb Code     2  stm32f4xx_hal_tim.o(i.HAL_TIM_Base_MspInit)
    HAL_TIM_Base_Start_IT                    0x08000d1f   Thumb Code    24  stm32f4xx_hal_tim.o(i.HAL_TIM_Base_Start_IT)
    HAL_TIM_IC_CaptureCallback               0x08000d37   Thumb Code     2  stm32f4xx_hal_tim.o(i.HAL_TIM_IC_CaptureCallback)
    HAL_TIM_IRQHandler                       0x08000d39   Thumb Code   366  stm32f4xx_hal_tim.o(i.HAL_TIM_IRQHandler)
    HAL_TIM_OC_DelayElapsedCallback          0x08000ea7   Thumb Code     2  stm32f4xx_hal_tim.o(i.HAL_TIM_OC_DelayElapsedCallback)
    HAL_TIM_PWM_PulseFinishedCallback        0x08000ea9   Thumb Code     2  stm32f4xx_hal_tim.o(i.HAL_TIM_PWM_PulseFinishedCallback)
    HAL_TIM_PeriodElapsedCallback            0x08000ead   Thumb Code    14  main.o(i.HAL_TIM_PeriodElapsedCallback)
    HAL_TIM_TriggerCallback                  0x08000ec1   Thumb Code     2  stm32f4xx_hal_tim.o(i.HAL_TIM_TriggerCallback)
    HardFault_Handler                        0x08000ec5   Thumb Code   176  stm32f4xx_it.o(i.HardFault_Handler)
    MemManage_Handler                        0x0800100d   Thumb Code     2  stm32f4xx_it.o(i.MemManage_Handler)
    NMI_Handler                              0x0800100f   Thumb Code     2  stm32f4xx_it.o(i.NMI_Handler)
    StartDefaultTask                         0x08001031   Thumb Code    44  main.o(i.StartDefaultTask)
    StartTask02                              0x08001069   Thumb Code    22  main.o(i.StartTask02)
    StartTask03                              0x08001085   Thumb Code    22  main.o(i.StartTask03)
    StartTask04                              0x080010a1   Thumb Code    22  main.o(i.StartTask04)
    StartTask05                              0x080010bd   Thumb Code    26  main.o(i.StartTask05)
    StartTask06                              0x080010dd   Thumb Code    82  main.o(i.StartTask06)
    StartsPrintf_TASK7                       0x08001165   Thumb Code    24  main.o(i.StartsPrintf_TASK7)
    SysTick_Handler                          0x08001185   Thumb Code    38  port.o(i.SysTick_Handler)
    SystemClock_Config                       0x080011b1   Thumb Code   138  main.o(i.SystemClock_Config)
    SystemInit                               0x08001245   Thumb Code    66  system_stm32f4xx.o(i.SystemInit)
    TIM1_UP_TIM10_IRQHandler                 0x08001299   Thumb Code     6  stm32f4xx_it.o(i.TIM1_UP_TIM10_IRQHandler)
    TIM_Base_SetConfig                       0x080012a5   Thumb Code   152  stm32f4xx_hal_tim.o(i.TIM_Base_SetConfig)
    UsageFault_Handler                       0x08001369   Thumb Code     2  stm32f4xx_it.o(i.UsageFault_Handler)
    __0printf$3                              0x0800136d   Thumb Code    22  printf3.o(i.__0printf$3)
    __1printf$3                              0x0800136d   Thumb Code     0  printf3.o(i.__0printf$3)
    __2printf                                0x0800136d   Thumb Code     0  printf3.o(i.__0printf$3)
    __0sprintf$3                             0x0800138d   Thumb Code    34  printf3.o(i.__0sprintf$3)
    __1sprintf$3                             0x0800138d   Thumb Code     0  printf3.o(i.__0sprintf$3)
    __2sprintf                               0x0800138d   Thumb Code     0  printf3.o(i.__0sprintf$3)
    __scatterload_copy                       0x080013b5   Thumb Code    14  handlers.o(i.__scatterload_copy)
    __scatterload_null                       0x080013c3   Thumb Code     2  handlers.o(i.__scatterload_null)
    __scatterload_zeroinit                   0x080013c5   Thumb Code    14  handlers.o(i.__scatterload_zeroinit)
    configureTimerForRunTimeStats            0x08001597   Thumb Code     2  freertos.o(i.configureTimerForRunTimeStats)
    eTaskGetState                            0x08001599   Thumb Code    98  tasks.o(i.eTaskGetState)
    fputc                                    0x08001605   Thumb Code    22  printf.o(i.fputc)
    getRunTimeCounterValue                   0x08001621   Thumb Code     4  freertos.o(i.getRunTimeCounterValue)
    main                                     0x08001625   Thumb Code   152  main.o(i.main)
    osDelay                                  0x080016d1   Thumb Code    16  cmsis_os.o(i.osDelay)
    osKernelStart                            0x080016e1   Thumb Code    10  cmsis_os.o(i.osKernelStart)
    osThreadCreate                           0x080016eb   Thumb Code    46  cmsis_os.o(i.osThreadCreate)
    osThreadList                             0x08001719   Thumb Code    10  cmsis_os.o(i.osThreadList)
    osThreadTerminate                        0x08001723   Thumb Code    10  cmsis_os.o(i.osThreadTerminate)
    pvPortMalloc                             0x08001b31   Thumb Code   208  heap_4.o(i.pvPortMalloc)
    pxPortInitialiseStack                    0x08001c05   Thumb Code    30  port.o(i.pxPortInitialiseStack)
    uxListRemove                             0x08001c29   Thumb Code    36  list.o(i.uxListRemove)
    uxTaskGetSystemState                     0x08001c4d   Thumb Code   162  tasks.o(i.uxTaskGetSystemState)
    vListInitialise                          0x08001cf9   Thumb Code    22  list.o(i.vListInitialise)
    vListInitialiseItem                      0x08001d0f   Thumb Code     6  list.o(i.vListInitialiseItem)
    vListInsert                              0x08001d15   Thumb Code    48  list.o(i.vListInsert)
    vListInsertEnd                           0x08001d45   Thumb Code    24  list.o(i.vListInsertEnd)
    vPortEnterCritical                       0x08001d5d   Thumb Code    54  port.o(i.vPortEnterCritical)
    vPortExitCritical                        0x08001d9d   Thumb Code    38  port.o(i.vPortExitCritical)
    vPortFree                                0x08001dc9   Thumb Code    88  heap_4.o(i.vPortFree)
    vPortSetupTimerInterrupt                 0x08001e25   Thumb Code    26  port.o(i.vPortSetupTimerInterrupt)
    vTaskDelay                               0x08001e45   Thumb Code    70  tasks.o(i.vTaskDelay)
    vTaskDelete                              0x08001e95   Thumb Code   158  tasks.o(i.vTaskDelete)
    vTaskGetInfo                             0x08001f41   Thumb Code   116  tasks.o(i.vTaskGetInfo)
    vTaskList                                0x08001fb9   Thumb Code   168  tasks.o(i.vTaskList)
    vTaskStartScheduler                      0x08002075   Thumb Code    90  tasks.o(i.vTaskStartScheduler)
    vTaskSuspendAll                          0x080020e1   Thumb Code    10  tasks.o(i.vTaskSuspendAll)
    vTaskSwitchContext                       0x080020f1   Thumb Code   112  tasks.o(i.vTaskSwitchContext)
    xPortStartScheduler                      0x08002169   Thumb Code   204  port.o(i.xPortStartScheduler)
    xTaskCreate                              0x08002249   Thumb Code    96  tasks.o(i.xTaskCreate)
    xTaskIncrementTick                       0x080022a9   Thumb Code   196  tasks.o(i.xTaskIncrementTick)
    xTaskResumeAll                           0x08002375   Thumb Code   192  tasks.o(i.xTaskResumeAll)
    AHBPrescTable                            0x080024e0   Data          16  system_stm32f4xx.o(.constdata)
    APBPrescTable                            0x080024f0   Data           8  system_stm32f4xx.o(.constdata)
    Region$$Table$$Base                      0x08002550   Number         0  anon$$obj.o(Region$$Table)
    Region$$Table$$Limit                     0x08002570   Number         0  anon$$obj.o(Region$$Table)
    __stdout                                 0x20000000   Data           4  printf.o(.data)
    temp                                     0x20000004   Data           2  main.o(.data)
    defaultTaskHandle                        0x20000008   Data           4  main.o(.data)
    myTask02Handle                           0x2000000c   Data           4  main.o(.data)
    myTask03Handle                           0x20000010   Data           4  main.o(.data)
    myTask04Handle                           0x20000014   Data           4  main.o(.data)
    myTask05Handle                           0x20000018   Data           4  main.o(.data)
    myTask06Handle                           0x2000001c   Data           4  main.o(.data)
    sPrintf_TASK7Handle                      0x20000020   Data           4  main.o(.data)
    uwTickFreq                               0x20000024   Data           1  stm32f4xx_hal.o(.data)
    uwTickPrio                               0x20000028   Data           4  stm32f4xx_hal.o(.data)
    uwTick                                   0x2000002c   Data           4  stm32f4xx_hal.o(.data)
    SystemCoreClock                          0x20000030   Data           4  system_stm32f4xx.o(.data)
    pxCurrentTCB                             0x20000034   Data           4  tasks.o(.data)
    printf_arg                               0x2000009c   Data         304  main.o(.bss)
    htim1                                    0x200001cc   Data          60  stm32f4xx_hal_timebase_tim.o(.bss)
    __initial_sp                             0x20005ef8   Data           0  startup_stm32f407xx.o(STACK)



==============================================================================

Memory Map of the image

  Image Entry point : 0x08000189

  Load Region LR_IROM1 (Base: 0x08000000, Size: 0x0000260c, Max: 0x00100000, ABSOLUTE)

    Execution Region ER_IROM1 (Exec base: 0x08000000, Load base: 0x08000000, Size: 0x00002570, Max: 0x00100000, ABSOLUTE)

    Exec Addr    Load Addr    Size         Type   Attr      Idx    E Section Name        Object

    0x08000000   0x08000000   0x00000188   Data   RO            3    RESET               startup_stm32f407xx.o
    0x08000188   0x08000188   0x00000000   Code   RO         3636  * .ARM.Collect$$$$00000000  mc_w.l(entry.o)
    0x08000188   0x08000188   0x00000004   Code   RO         3912    .ARM.Collect$$$$00000001  mc_w.l(entry2.o)
    0x0800018c   0x0800018c   0x00000004   Code   RO         3915    .ARM.Collect$$$$00000004  mc_w.l(entry5.o)
    0x08000190   0x08000190   0x00000000   Code   RO         3917    .ARM.Collect$$$$00000008  mc_w.l(entry7b.o)
    0x08000190   0x08000190   0x00000000   Code   RO         3919    .ARM.Collect$$$$0000000A  mc_w.l(entry8b.o)
    0x08000190   0x08000190   0x00000008   Code   RO         3920    .ARM.Collect$$$$0000000B  mc_w.l(entry9a.o)
    0x08000198   0x08000198   0x00000000   Code   RO         3922    .ARM.Collect$$$$0000000D  mc_w.l(entry10a.o)
    0x08000198   0x08000198   0x00000000   Code   RO         3924    .ARM.Collect$$$$0000000F  mc_w.l(entry11a.o)
    0x08000198   0x08000198   0x00000004   Code   RO         3913    .ARM.Collect$$$$00002712  mc_w.l(entry2.o)
    0x0800019c   0x0800019c   0x000000ba   Code   RO         3559    .emb_text           port.o
    0x08000256   0x08000256   0x00000002   PAD
    0x08000258   0x08000258   0x00000024   Code   RO            4    .text               startup_stm32f407xx.o
    0x0800027c   0x0800027c   0x00000062   Code   RO         3639    .text               mc_w.l(uldiv.o)
    0x080002de   0x080002de   0x00000024   Code   RO         3641    .text               mc_w.l(memcpya.o)
    0x08000302   0x08000302   0x00000024   Code   RO         3643    .text               mc_w.l(memseta.o)
    0x08000326   0x08000326   0x0000000e   Code   RO         3645    .text               mc_w.l(strlen.o)
    0x08000334   0x08000334   0x00000012   Code   RO         3647    .text               mc_w.l(strcpy.o)
    0x08000346   0x08000346   0x0000002c   Code   RO         3926    .text               mc_w.l(uidiv.o)
    0x08000372   0x08000372   0x0000001e   Code   RO         3928    .text               mc_w.l(llshl.o)
    0x08000390   0x08000390   0x00000020   Code   RO         3930    .text               mc_w.l(llushr.o)
    0x080003b0   0x080003b0   0x00000024   Code   RO         3943    .text               mc_w.l(init.o)
    0x080003d4   0x080003d4   0x00000002   Code   RO          316    i.BusFault_Handler  stm32f4xx_it.o
    0x080003d6   0x080003d6   0x00000002   Code   RO          317    i.DebugMon_Handler  stm32f4xx_it.o
    0x080003d8   0x080003d8   0x00000002   Code   RO           37    i.Error_Handler     main.o
    0x080003da   0x080003da   0x00000002   PAD
    0x080003dc   0x080003dc   0x000001c4   Code   RO         1730    i.HAL_GPIO_Init     stm32f4xx_hal_gpio.o
    0x080005a0   0x080005a0   0x0000000e   Code   RO         1732    i.HAL_GPIO_ReadPin  stm32f4xx_hal_gpio.o
    0x080005ae   0x080005ae   0x00000008   Code   RO         1733    i.HAL_GPIO_TogglePin  stm32f4xx_hal_gpio.o
    0x080005b6   0x080005b6   0x0000000e   Code   RO         1734    i.HAL_GPIO_WritePin  stm32f4xx_hal_gpio.o
    0x080005c4   0x080005c4   0x0000000c   Code   RO         2262    i.HAL_GetTick       stm32f4xx_hal.o
    0x080005d0   0x080005d0   0x00000010   Code   RO         2266    i.HAL_IncTick       stm32f4xx_hal.o
    0x080005e0   0x080005e0   0x00000034   Code   RO         2267    i.HAL_Init          stm32f4xx_hal.o
    0x08000614   0x08000614   0x00000074   Code   RO          411    i.HAL_InitTick      stm32f4xx_hal_timebase_tim.o
    0x08000688   0x08000688   0x00000038   Code   RO          387    i.HAL_MspInit       stm32f4xx_hal_msp.o
    0x080006c0   0x080006c0   0x00000016   Code   RO         2119    i.HAL_NVIC_EnableIRQ  stm32f4xx_hal_cortex.o
    0x080006d6   0x080006d6   0x00000002   PAD
    0x080006d8   0x080006d8   0x00000040   Code   RO         2125    i.HAL_NVIC_SetPriority  stm32f4xx_hal_cortex.o
    0x08000718   0x08000718   0x00000024   Code   RO         2126    i.HAL_NVIC_SetPriorityGrouping  stm32f4xx_hal_cortex.o
    0x0800073c   0x0800073c   0x00000144   Code   RO         1331    i.HAL_RCC_ClockConfig  stm32f4xx_hal_rcc.o
    0x08000880   0x08000880   0x0000003c   Code   RO         1335    i.HAL_RCC_GetClockConfig  stm32f4xx_hal_rcc.o
    0x080008bc   0x080008bc   0x0000000c   Code   RO         1336    i.HAL_RCC_GetHCLKFreq  stm32f4xx_hal_rcc.o
    0x080008c8   0x080008c8   0x00000020   Code   RO         1339    i.HAL_RCC_GetPCLK2Freq  stm32f4xx_hal_rcc.o
    0x080008e8   0x080008e8   0x00000068   Code   RO         1340    i.HAL_RCC_GetSysClockFreq  stm32f4xx_hal_rcc.o
    0x08000950   0x08000950   0x00000390   Code   RO         1343    i.HAL_RCC_OscConfig  stm32f4xx_hal_rcc.o
    0x08000ce0   0x08000ce0   0x00000002   Code   RO         1091    i.HAL_TIMEx_BreakCallback  stm32f4xx_hal_tim_ex.o
    0x08000ce2   0x08000ce2   0x00000002   Code   RO         1092    i.HAL_TIMEx_CommutationCallback  stm32f4xx_hal_tim_ex.o
    0x08000ce4   0x08000ce4   0x00000038   Code   RO          452    i.HAL_TIM_Base_Init  stm32f4xx_hal_tim.o
    0x08000d1c   0x08000d1c   0x00000002   Code   RO          454    i.HAL_TIM_Base_MspInit  stm32f4xx_hal_tim.o
    0x08000d1e   0x08000d1e   0x00000018   Code   RO          457    i.HAL_TIM_Base_Start_IT  stm32f4xx_hal_tim.o
    0x08000d36   0x08000d36   0x00000002   Code   RO          481    i.HAL_TIM_IC_CaptureCallback  stm32f4xx_hal_tim.o
    0x08000d38   0x08000d38   0x0000016e   Code   RO          494    i.HAL_TIM_IRQHandler  stm32f4xx_hal_tim.o
    0x08000ea6   0x08000ea6   0x00000002   Code   RO          497    i.HAL_TIM_OC_DelayElapsedCallback  stm32f4xx_hal_tim.o
    0x08000ea8   0x08000ea8   0x00000002   Code   RO          524    i.HAL_TIM_PWM_PulseFinishedCallback  stm32f4xx_hal_tim.o
    0x08000eaa   0x08000eaa   0x00000002   PAD
    0x08000eac   0x08000eac   0x00000014   Code   RO           38    i.HAL_TIM_PeriodElapsedCallback  main.o
    0x08000ec0   0x08000ec0   0x00000002   Code   RO          535    i.HAL_TIM_TriggerCallback  stm32f4xx_hal_tim.o
    0x08000ec2   0x08000ec2   0x00000002   PAD
    0x08000ec4   0x08000ec4   0x000000b8   Code   RO          318    i.HardFault_Handler  stm32f4xx_it.o
    0x08000f7c   0x08000f7c   0x00000090   Code   RO           39    i.MX_GPIO_Init      main.o
    0x0800100c   0x0800100c   0x00000002   Code   RO          319    i.MemManage_Handler  stm32f4xx_it.o
    0x0800100e   0x0800100e   0x00000002   Code   RO          320    i.NMI_Handler       stm32f4xx_it.o
    0x08001010   0x08001010   0x00000020   Code   RO         2132    i.NVIC_SetPriority  stm32f4xx_hal_cortex.o
    0x08001030   0x08001030   0x00000038   Code   RO           40    i.StartDefaultTask  main.o
    0x08001068   0x08001068   0x0000001c   Code   RO           41    i.StartTask02       main.o
    0x08001084   0x08001084   0x0000001c   Code   RO           42    i.StartTask03       main.o
    0x080010a0   0x080010a0   0x0000001c   Code   RO           43    i.StartTask04       main.o
    0x080010bc   0x080010bc   0x00000020   Code   RO           44    i.StartTask05       main.o
    0x080010dc   0x080010dc   0x00000088   Code   RO           45    i.StartTask06       main.o
    0x08001164   0x08001164   0x00000020   Code   RO           46    i.StartsPrintf_TASK7  main.o
    0x08001184   0x08001184   0x0000002c   Code   RO         3560    i.SysTick_Handler   port.o
    0x080011b0   0x080011b0   0x00000094   Code   RO           47    i.SystemClock_Config  main.o
    0x08001244   0x08001244   0x00000054   Code   RO         2421    i.SystemInit        system_stm32f4xx.o
    0x08001298   0x08001298   0x0000000c   Code   RO          321    i.TIM1_UP_TIM10_IRQHandler  stm32f4xx_it.o
    0x080012a4   0x080012a4   0x000000c4   Code   RO          536    i.TIM_Base_SetConfig  stm32f4xx_hal_tim.o
    0x08001368   0x08001368   0x00000002   Code   RO          322    i.UsageFault_Handler  stm32f4xx_it.o
    0x0800136a   0x0800136a   0x00000002   PAD
    0x0800136c   0x0800136c   0x00000020   Code   RO         3740    i.__0printf$3       mc_w.l(printf3.o)
    0x0800138c   0x0800138c   0x00000028   Code   RO         3742    i.__0sprintf$3      mc_w.l(printf3.o)
    0x080013b4   0x080013b4   0x0000000e   Code   RO         3951    i.__scatterload_copy  mc_w.l(handlers.o)
    0x080013c2   0x080013c2   0x00000002   Code   RO         3952    i.__scatterload_null  mc_w.l(handlers.o)
    0x080013c4   0x080013c4   0x0000000e   Code   RO         3953    i.__scatterload_zeroinit  mc_w.l(handlers.o)
    0x080013d2   0x080013d2   0x00000002   PAD
    0x080013d4   0x080013d4   0x000001b8   Code   RO         3747    i._printf_core      mc_w.l(printf3.o)
    0x0800158c   0x0800158c   0x0000000a   Code   RO         3749    i._sputc            mc_w.l(printf3.o)
    0x08001596   0x08001596   0x00000002   Code   RO          268    i.configureTimerForRunTimeStats  freertos.o
    0x08001598   0x08001598   0x0000006c   Code   RO         2768    i.eTaskGetState     tasks.o
    0x08001604   0x08001604   0x0000001c   Code   RO           10    i.fputc             printf.o
    0x08001620   0x08001620   0x00000004   Code   RO          269    i.getRunTimeCounterValue  freertos.o
    0x08001624   0x08001624   0x000000a0   Code   RO           48    i.main              main.o
    0x080016c4   0x080016c4   0x0000000c   Code   RO         3125    i.makeFreeRtosPriority  cmsis_os.o
    0x080016d0   0x080016d0   0x00000010   Code   RO         3127    i.osDelay           cmsis_os.o
    0x080016e0   0x080016e0   0x0000000a   Code   RO         3130    i.osKernelStart     cmsis_os.o
    0x080016ea   0x080016ea   0x0000002e   Code   RO         3164    i.osThreadCreate    cmsis_os.o
    0x08001718   0x08001718   0x0000000a   Code   RO         3167    i.osThreadList      cmsis_os.o
    0x08001722   0x08001722   0x0000000a   Code   RO         3173    i.osThreadTerminate  cmsis_os.o
    0x0800172c   0x0800172c   0x00000070   Code   RO         2770    i.prvAddCurrentTaskToDelayedList  tasks.o
    0x0800179c   0x0800179c   0x0000008c   Code   RO         2771    i.prvAddNewTaskToReadyList  tasks.o
    0x08001828   0x08001828   0x00000054   Code   RO         2772    i.prvCheckTasksWaitingTermination  tasks.o
    0x0800187c   0x0800187c   0x00000014   Code   RO         2773    i.prvDeleteTCB      tasks.o
    0x08001890   0x08001890   0x0000004c   Code   RO         3498    i.prvHeapInit       heap_4.o
    0x080018dc   0x080018dc   0x00000028   Code   RO         2774    i.prvIdleTask       tasks.o
    0x08001904   0x08001904   0x0000009c   Code   RO         2775    i.prvInitialiseNewTask  tasks.o
    0x080019a0   0x080019a0   0x00000058   Code   RO         2776    i.prvInitialiseTaskLists  tasks.o
    0x080019f8   0x080019f8   0x00000054   Code   RO         3499    i.prvInsertBlockIntoFreeList  heap_4.o
    0x08001a4c   0x08001a4c   0x0000005c   Code   RO         2777    i.prvListTasksWithinSingleList  tasks.o
    0x08001aa8   0x08001aa8   0x00000024   Code   RO         2778    i.prvResetNextTaskUnblockTime  tasks.o
    0x08001acc   0x08001acc   0x00000014   Code   RO         2779    i.prvTaskCheckFreeStackSpace  tasks.o
    0x08001ae0   0x08001ae0   0x0000002c   Code   RO         3561    i.prvTaskExitError  port.o
    0x08001b0c   0x08001b0c   0x00000024   Code   RO         2781    i.prvWriteNameToBuffer  tasks.o
    0x08001b30   0x08001b30   0x000000d4   Code   RO         3500    i.pvPortMalloc      heap_4.o
    0x08001c04   0x08001c04   0x00000024   Code   RO         3562    i.pxPortInitialiseStack  port.o
    0x08001c28   0x08001c28   0x00000024   Code   RO         2559    i.uxListRemove      list.o
    0x08001c4c   0x08001c4c   0x000000ac   Code   RO         2785    i.uxTaskGetSystemState  tasks.o
    0x08001cf8   0x08001cf8   0x00000016   Code   RO         2560    i.vListInitialise   list.o
    0x08001d0e   0x08001d0e   0x00000006   Code   RO         2561    i.vListInitialiseItem  list.o
    0x08001d14   0x08001d14   0x00000030   Code   RO         2562    i.vListInsert       list.o
    0x08001d44   0x08001d44   0x00000018   Code   RO         2563    i.vListInsertEnd    list.o
    0x08001d5c   0x08001d5c   0x00000040   Code   RO         3564    i.vPortEnterCritical  port.o
    0x08001d9c   0x08001d9c   0x0000002c   Code   RO         3565    i.vPortExitCritical  port.o
    0x08001dc8   0x08001dc8   0x0000005c   Code   RO         3501    i.vPortFree         heap_4.o
    0x08001e24   0x08001e24   0x00000020   Code   RO         3566    i.vPortSetupTimerInterrupt  port.o
    0x08001e44   0x08001e44   0x00000050   Code   RO         2790    i.vTaskDelay        tasks.o
    0x08001e94   0x08001e94   0x000000ac   Code   RO         2791    i.vTaskDelete       tasks.o
    0x08001f40   0x08001f40   0x00000078   Code   RO         2793    i.vTaskGetInfo      tasks.o
    0x08001fb8   0x08001fb8   0x000000bc   Code   RO         2795    i.vTaskList         tasks.o
    0x08002074   0x08002074   0x0000006c   Code   RO         2805    i.vTaskStartScheduler  tasks.o
    0x080020e0   0x080020e0   0x00000010   Code   RO         2807    i.vTaskSuspendAll   tasks.o
    0x080020f0   0x080020f0   0x00000078   Code   RO         2808    i.vTaskSwitchContext  tasks.o
    0x08002168   0x08002168   0x000000e0   Code   RO         3568    i.xPortStartScheduler  port.o
    0x08002248   0x08002248   0x00000060   Code   RO         2810    i.xTaskCreate       tasks.o
    0x080022a8   0x080022a8   0x000000cc   Code   RO         2817    i.xTaskIncrementTick  tasks.o
    0x08002374   0x08002374   0x000000cc   Code   RO         2823    i.xTaskResumeAll    tasks.o
    0x08002440   0x08002440   0x000000a0   Data   RO           51    .constdata          main.o
    0x080024e0   0x080024e0   0x00000010   Data   RO         2422    .constdata          system_stm32f4xx.o
    0x080024f0   0x080024f0   0x00000008   Data   RO         2423    .constdata          system_stm32f4xx.o
    0x080024f8   0x080024f8   0x00000058   Data   RO           52    .conststring        main.o
    0x08002550   0x08002550   0x00000020   Data   RO         3949    Region$$Table       anon$$obj.o


    Execution Region RW_IRAM1 (Exec base: 0x20000000, Load base: 0x08002570, Size: 0x00005ef8, Max: 0x00020000, ABSOLUTE)

    Exec Addr    Load Addr    Size         Type   Attr      Idx    E Section Name        Object

    0x20000000   0x08002570   0x00000004   Data   RW           11    .data               printf.o
    0x20000004   0x08002574   0x00000020   Data   RW           53    .data               main.o
    0x20000024   0x08002594   0x0000000c   Data   RW         2274    .data               stm32f4xx_hal.o
    0x20000030   0x080025a0   0x00000004   Data   RW         2424    .data               system_stm32f4xx.o
    0x20000034   0x080025a4   0x00000044   Data   RW         2826    .data               tasks.o
    0x20000078   0x080025e8   0x00000018   Data   RW         3506    .data               heap_4.o
    0x20000090   0x08002600   0x0000000c   Data   RW         3569    .data               port.o
    0x2000009c        -       0x00000130   Zero   RW           50    .bss                main.o
    0x200001cc        -       0x0000003c   Zero   RW          414    .bss                stm32f4xx_hal_timebase_tim.o
    0x20000208        -       0x000000f0   Zero   RW         2825    .bss                tasks.o
    0x200002f8        -       0x00003c00   Zero   RW         3505    .bss                heap_4.o
    0x20003ef8        -       0x00002000   Zero   RW            1    STACK               startup_stm32f407xx.o


==============================================================================

Image component sizes


      Code (inc. data)   RO Data    RW Data    ZI Data      Debug   Object Name

       104          0          0          0          0      13630   cmsis_os.o
         0          0          0          0          0       9488   event_groups.o
         6          0          0          0          0        945   freertos.o
       464         22          0         24      15360       7379   heap_4.o
       136          0          0          0          0       3490   list.o
       814        134        248         32        304     696073   main.o
       674         74          0         12          0      10876   port.o
        28          6          0          4          0       3902   printf.o
        36          8        392          0       8192        824   startup_stm32f407xx.o
        80         14          0         12          0       3186   stm32f4xx_hal.o
       154         14          0          0          0      29630   stm32f4xx_hal_cortex.o
       488         46          0          0          0       3740   stm32f4xx_hal_gpio.o
        56          4          0          0          0        806   stm32f4xx_hal_msp.o
      1444         66          0          0          0       6182   stm32f4xx_hal_rcc.o
       652         44          0          0          0       6274   stm32f4xx_hal_tim.o
         4          0          0          0          0       1542   stm32f4xx_hal_tim_ex.o
       116         16          0          0         60       1395   stm32f4xx_hal_timebase_tim.o
       206         14          0          0          0       3892   stm32f4xx_it.o
        84         18         24          4          0       1123   system_stm32f4xx.o
      2412        178          0         68        240      22845   tasks.o

    ----------------------------------------------------------------------
      7970        658        696        156      24156     827222   Object Totals
         0          0         32          0          0          0   (incl. Generated)
        12          0          0          0          0          0   (incl. Padding)

    ----------------------------------------------------------------------

      Code (inc. data)   RO Data    RW Data    ZI Data      Debug   Library Member Name

         0          0          0          0          0          0   entry.o
         0          0          0          0          0          0   entry10a.o
         0          0          0          0          0          0   entry11a.o
         8          4          0          0          0          0   entry2.o
         4          0          0          0          0          0   entry5.o
         0          0          0          0          0          0   entry7b.o
         0          0          0          0          0          0   entry8b.o
         8          4          0          0          0          0   entry9a.o
        30          0          0          0          0          0   handlers.o
        36          8          0          0          0         68   init.o
        30          0          0          0          0         68   llshl.o
        32          0          0          0          0         68   llushr.o
        36          0          0          0          0         68   memcpya.o
        36          0          0          0          0        108   memseta.o
       522         20          0          0          0        336   printf3.o
        18          0          0          0          0         68   strcpy.o
        14          0          0          0          0         68   strlen.o
        44          0          0          0          0         80   uidiv.o
        98          0          0          0          0         92   uldiv.o

    ----------------------------------------------------------------------
       918         36          0          0          0       1024   Library Totals
         2          0          0          0          0          0   (incl. Padding)

    ----------------------------------------------------------------------

      Code (inc. data)   RO Data    RW Data    ZI Data      Debug   Library Name

       916         36          0          0          0       1024   mc_w.l

    ----------------------------------------------------------------------
       918         36          0          0          0       1024   Library Totals

    ----------------------------------------------------------------------

==============================================================================


      Code (inc. data)   RO Data    RW Data    ZI Data      Debug   

      8888        694        696        156      24156     818682   Grand Totals
      8888        694        696        156      24156     818682   ELF Image Totals
      8888        694        696        156          0          0   ROM Totals

==============================================================================

    Total RO  Size (Code + RO Data)                 9584 (   9.36kB)
    Total RW  Size (RW Data + ZI Data)             24312 (  23.74kB)
    Total ROM Size (Code + RO Data + RW Data)       9740 (   9.51kB)

==============================================================================

